Component: ARM Compiler 5.06 update 4 (build 422) Tool: armlink [4d35d2]

==============================================================================

Section Cross References

    main.o(i.SystemClock_Config) refers to stm32l4xx_hal_rcc.o(i.HAL_RCC_OscConfig) for HAL_RCC_OscConfig
    main.o(i.SystemClock_Config) refers to stm32l4xx_hal_rcc.o(i.HAL_RCC_ClockConfig) for HAL_RCC_ClockConfig
    main.o(i.SystemClock_Config) refers to stm32l4xx_hal_rcc_ex.o(i.HAL_RCCEx_PeriphCLKConfig) for HAL_RCCEx_PeriphCLKConfig
    main.o(i.SystemClock_Config) refers to stm32l4xx_hal_pwr_ex.o(i.HAL_PWREx_ControlVoltageScaling) for HAL_PWREx_ControlVoltageScaling
    main.o(i.SystemClock_Config) refers to stm32l4xx_hal_rcc.o(i.HAL_RCC_GetHCLKFreq) for HAL_RCC_GetHCLKFreq
    main.o(i.SystemClock_Config) refers to stm32l4xx_hal_cortex.o(i.HAL_SYSTICK_Config) for HAL_SYSTICK_Config
    main.o(i.SystemClock_Config) refers to stm32l4xx_hal_cortex.o(i.HAL_SYSTICK_CLKSourceConfig) for HAL_SYSTICK_CLKSourceConfig
    main.o(i.SystemClock_Config) refers to stm32l4xx_hal_cortex.o(i.HAL_NVIC_SetPriority) for HAL_NVIC_SetPriority
    main.o(i.main) refers to stm32l4xx_hal.o(i.HAL_Init) for HAL_Init
    main.o(i.main) refers to main.o(i.SystemClock_Config) for SystemClock_Config
    main.o(i.main) refers to main.o(i.ofo_gprs_power_on_contorl_pin_init) for ofo_gprs_power_on_contorl_pin_init
    main.o(i.main) refers to ofo_gprs.o(i.ofoE_gprs_init) for ofoE_gprs_init
    main.o(i.main) refers to ofo_gps.o(i.ofoE_gps_init) for ofoE_gps_init
    main.o(i.main) refers to ofo_gprs.o(i.ofoE_gprs_response_data_deal) for ofoE_gprs_response_data_deal
    main.o(i.main) refers to ofo_gprs.o(i.ofoE_gprs_http_request_send) for ofoE_gprs_http_request_send
    main.o(i.main) refers to main.o(.conststring) for .conststring
    main.o(i.ofo_gprs_power_on_contorl_pin_init) refers to stm32l4xx_hal_gpio.o(i.HAL_GPIO_WritePin) for HAL_GPIO_WritePin
    main.o(i.ofo_gprs_power_on_contorl_pin_init) refers to stm32l4xx_hal_gpio.o(i.HAL_GPIO_Init) for HAL_GPIO_Init
    stm32l4xx_hal_msp.o(i.HAL_MspInit) refers to stm32l4xx_hal_cortex.o(i.HAL_NVIC_SetPriorityGrouping) for HAL_NVIC_SetPriorityGrouping
    stm32l4xx_hal_msp.o(i.HAL_MspInit) refers to stm32l4xx_hal_cortex.o(i.HAL_NVIC_SetPriority) for HAL_NVIC_SetPriority
    stm32l4xx_hal_msp.o(i.HAL_UART_MspDeInit) refers to stm32l4xx_hal_gpio.o(i.HAL_GPIO_DeInit) for HAL_GPIO_DeInit
    stm32l4xx_hal_msp.o(i.HAL_UART_MspDeInit) refers to stm32l4xx_hal_cortex.o(i.HAL_NVIC_DisableIRQ) for HAL_NVIC_DisableIRQ
    stm32l4xx_hal_msp.o(i.HAL_UART_MspInit) refers to stm32l4xx_hal_gpio.o(i.HAL_GPIO_Init) for HAL_GPIO_Init
    stm32l4xx_hal_msp.o(i.HAL_UART_MspInit) refers to stm32l4xx_hal_cortex.o(i.HAL_NVIC_SetPriority) for HAL_NVIC_SetPriority
    stm32l4xx_hal_msp.o(i.HAL_UART_MspInit) refers to stm32l4xx_hal_cortex.o(i.HAL_NVIC_EnableIRQ) for HAL_NVIC_EnableIRQ
    stm32l4xx_it.o(i.SysTick_Handler) refers to stm32l4xx_hal.o(i.HAL_IncTick) for HAL_IncTick
    stm32l4xx_it.o(i.SysTick_Handler) refers to stm32l4xx_hal_cortex.o(i.HAL_SYSTICK_IRQHandler) for HAL_SYSTICK_IRQHandler
    ofo_gprs.o(i._at_cfun1_exit_response_deal) refers to strstr.o(.text) for strstr
    ofo_gprs.o(i._at_cfun1_exit_response_deal) refers to memseta.o(.text) for __aeabi_memclr
    ofo_gprs.o(i._at_cfun1_exit_response_deal) refers to ofo_gprs.o(.bss) for .bss
    ofo_gprs.o(i._at_cfun_enter_response_deal) refers to strstr.o(.text) for strstr
    ofo_gprs.o(i._at_cfun_enter_response_deal) refers to memseta.o(.text) for __aeabi_memclr
    ofo_gprs.o(i._at_cfun_enter_response_deal) refers to ofo_gprs.o(.bss) for .bss
    ofo_gprs.o(i._at_cgreg_response_deal) refers to strstr.o(.text) for strstr
    ofo_gprs.o(i._at_cgreg_response_deal) refers to memseta.o(.text) for __aeabi_memclr
    ofo_gprs.o(i._at_cgreg_response_deal) refers to strlen.o(.text) for strlen
    ofo_gprs.o(i._at_cgreg_response_deal) refers to ofo_gprs.o(.data) for .data
    ofo_gprs.o(i._at_cgreg_response_deal) refers to ofo_gprs.o(.bss) for .bss
    ofo_gprs.o(i._at_cimi_cmd_reponse_deal) refers to strstr.o(.text) for strstr
    ofo_gprs.o(i._at_cimi_cmd_reponse_deal) refers to memseta.o(.text) for __aeabi_memclr
    ofo_gprs.o(i._at_cimi_cmd_reponse_deal) refers to ofo_gprs.o(.bss) for .bss
    ofo_gprs.o(i._at_close_echo_response_deal) refers to strstr.o(.text) for strstr
    ofo_gprs.o(i._at_close_echo_response_deal) refers to memseta.o(.text) for __aeabi_memclr
    ofo_gprs.o(i._at_close_echo_response_deal) refers to ofo_gprs.o(.bss) for .bss
    ofo_gprs.o(i._at_cpin_response_deal) refers to strstr.o(.text) for strstr
    ofo_gprs.o(i._at_cpin_response_deal) refers to memseta.o(.text) for __aeabi_memclr
    ofo_gprs.o(i._at_cpin_response_deal) refers to ofo_gprs.o(.data) for .data
    ofo_gprs.o(i._at_cpin_response_deal) refers to ofo_gprs.o(.bss) for .bss
    ofo_gprs.o(i._at_csq_response_deal) refers to strstr.o(.text) for strstr
[...]
    Removing stm32l4xx_hal_rcc_ex.o(i.HAL_RCCEx_StandbyMSIRangeConfig), (24 bytes).
    Removing stm32l4xx_hal_rcc_ex.o(i.HAL_RCCEx_WakeUpStopCLKConfig), (20 bytes).
    Removing stm32l4xx_hal_rcc.o(.rev16_text), (4 bytes).
    Removing stm32l4xx_hal_rcc.o(.revsh_text), (4 bytes).
    Removing stm32l4xx_hal_rcc.o(.rrx_text), (6 bytes).
    Removing stm32l4xx_hal_rcc.o(i.HAL_RCC_CSSCallback), (2 bytes).
    Removing stm32l4xx_hal_rcc.o(i.HAL_RCC_DeInit), (108 bytes).
    Removing stm32l4xx_hal_rcc.o(i.HAL_RCC_EnableCSS), (16 bytes).
    Removing stm32l4xx_hal_rcc.o(i.HAL_RCC_GetClockConfig), (64 bytes).
    Removing stm32l4xx_hal_rcc.o(i.HAL_RCC_GetOscConfig), (308 bytes).
    Removing stm32l4xx_hal_rcc.o(i.HAL_RCC_MCOConfig), (72 bytes).
    Removing stm32l4xx_hal_rcc.o(i.HAL_RCC_NMI_IRQHandler), (24 bytes).
    Removing system_stm32l4xx.o(.rev16_text), (4 bytes).
    Removing system_stm32l4xx.o(.revsh_text), (4 bytes).
    Removing system_stm32l4xx.o(.rrx_text), (6 bytes).
    Removing system_stm32l4xx.o(i.SystemCoreClockUpdate), (168 bytes).
    Removing startup_stm32l476xx.o(HEAP), (1024 bytes).
    Removing dneg.o(.text), (6 bytes).
    Removing dfixul.o(.text), (48 bytes).
    Removing cdrcmple.o(.text), (48 bytes).

504 unused section(s) (total 36509 bytes) removed from the image.

==============================================================================

Image Symbol Table

    Local Symbols

    Symbol Name                              Value     Ov Type        Size  Object(Section)

    ../Drivers/STM32L4xx_HAL_Driver/Src/stm32l4xx_hal.c 0x00000000   Number         0  stm32l4xx_hal.o ABSOLUTE
    ../Drivers/STM32L4xx_HAL_Driver/Src/stm32l4xx_hal_cortex.c 0x00000000   Number         0  stm32l4xx_hal_cortex.o ABSOLUTE
    ../Drivers/STM32L4xx_HAL_Driver/Src/stm32l4xx_hal_dma.c 0x00000000   Number         0  stm32l4xx_hal_dma.o ABSOLUTE
    ../Drivers/STM32L4xx_HAL_Driver/Src/stm32l4xx_hal_flash.c 0x00000000   Number         0  stm32l4xx_hal_flash.o ABSOLUTE
    ../Drivers/STM32L4xx_HAL_Driver/Src/stm32l4xx_hal_flash_ex.c 0x00000000   Number         0  stm32l4xx_hal_flash_ex.o ABSOLUTE
    ../Drivers/STM32L4xx_HAL_Driver/Src/stm32l4xx_hal_flash_ramfunc.c 0x00000000   Number         0  stm32l4xx_hal_flash_ramfunc.o ABSOLUTE
    ../Drivers/STM32L4xx_HAL_Driver/Src/stm32l4xx_hal_gpio.c 0x00000000   Number         0  stm32l4xx_hal_gpio.o ABSOLUTE
    ../Drivers/STM32L4xx_HAL_Driver/Src/stm32l4xx_hal_i2c.c 0x00000000   Number         0  stm32l4xx_hal_i2c.o ABSOLUTE
    ../Drivers/STM32L4xx_HAL_Driver/Src/stm32l4xx_hal_i2c_ex.c 0x00000000   Number         0  stm32l4xx_hal_i2c_ex.o ABSOLUTE
    ../Drivers/STM32L4xx_HAL_Driver/Src/stm32l4xx_hal_pwr.c 0x00000000   Number         0  stm32l4xx_hal_pwr.o ABSOLUTE
    ../Drivers/STM32L4xx_HAL_Driver/Src/stm32l4xx_hal_pwr_ex.c 0x00000000   Number         0  stm32l4xx_hal_pwr_ex.o ABSOLUTE
    ../Drivers/STM32L4xx_HAL_Driver/Src/stm32l4xx_hal_rcc.c 0x00000000   Number         0  stm32l4xx_hal_rcc.o ABSOLUTE
    ../Drivers/STM32L4xx_HAL_Driver/Src/stm32l4xx_hal_rcc_ex.c 0x00000000   Number         0  stm32l4xx_hal_rcc_ex.o ABSOLUTE
    ../Drivers/STM32L4xx_HAL_Driver/Src/stm32l4xx_hal_tim.c 0x00000000   Number         0  stm32l4xx_hal_tim.o ABSOLUTE
    ../Drivers/STM32L4xx_HAL_Driver/Src/stm32l4xx_hal_tim_ex.c 0x00000000   Number         0  stm32l4xx_hal_tim_ex.o ABSOLUTE
    ../Drivers/STM32L4xx_HAL_Driver/Src/stm32l4xx_hal_uart.c 0x00000000   Number         0  stm32l4xx_hal_uart.o ABSOLUTE
    ../Drivers/STM32L4xx_HAL_Driver/Src/stm32l4xx_hal_uart_ex.c 0x00000000   Number         0  stm32l4xx_hal_uart_ex.o ABSOLUTE
    ../Src/main.c                            0x00000000   Number         0  main.o ABSOLUTE
    ../Src/stm32l4xx_hal_msp.c               0x00000000   Number         0  stm32l4xx_hal_msp.o ABSOLUTE
    ../Src/stm32l4xx_it.c                    0x00000000   Number         0  stm32l4xx_it.o ABSOLUTE
    ../Src/system_stm32l4xx.c                0x00000000   Number         0  system_stm32l4xx.o ABSOLUTE
    ../clib/../cmprslib/zerorunl2.c          0x00000000   Number         0  __dczerorl2.o ABSOLUTE
    ../clib/microlib/ctype/ctype.c           0x00000000   Number         0  ctype_c.o ABSOLUTE
    ../clib/microlib/ctype/ctype.c           0x00000000   Number         0  isspace_c.o ABSOLUTE
    ../clib/microlib/division.c              0x00000000   Number         0  uidiv.o ABSOLUTE
    ../clib/microlib/division.c              0x00000000   Number         0  uldiv.o ABSOLUTE
    ../clib/microlib/init/entry.s            0x00000000   Number         0  entry5.o ABSOLUTE
    ../clib/microlib/init/entry.s            0x00000000   Number         0  entry10a.o ABSOLUTE
    ../clib/microlib/init/entry.s            0x00000000   Number         0  entry9a.o ABSOLUTE
    ../clib/microlib/init/entry.s            0x00000000   Number         0  entry.o ABSOLUTE
    ../clib/microlib/init/entry.s            0x00000000   Number         0  entry8b.o ABSOLUTE
    ../clib/microlib/init/entry.s            0x00000000   Number         0  entry8a.o ABSOLUTE
    ../clib/microlib/init/entry.s            0x00000000   Number         0  entry11a.o ABSOLUTE
    ../clib/microlib/init/entry.s            0x00000000   Number         0  entry7b.o ABSOLUTE
    ../clib/microlib/init/entry.s            0x00000000   Number         0  entry7a.o ABSOLUTE
    ../clib/microlib/init/entry.s            0x00000000   Number         0  entry10b.o ABSOLUTE
    ../clib/microlib/init/entry.s            0x00000000   Number         0  entry2.o ABSOLUTE
    ../clib/microlib/init/entry.s            0x00000000   Number         0  entry11b.o ABSOLUTE
    ../clib/microlib/init/entry.s            0x00000000   Number         0  entry9b.o ABSOLUTE
    ../clib/microlib/longlong.c              0x00000000   Number         0  llshl.o ABSOLUTE
    ../clib/microlib/longlong.c              0x00000000   Number         0  llushr.o ABSOLUTE
    ../clib/microlib/longlong.c              0x00000000   Number         0  llsshr.o ABSOLUTE
    ../clib/microlib/printf/printf.c         0x00000000   Number         0  printf2.o ABSOLUTE
    ../clib/microlib/printf/printf.c         0x00000000   Number         0  printfa.o ABSOLUTE
    ../clib/microlib/printf/printf.c         0x00000000   Number         0  printf8.o ABSOLUTE
    ../clib/microlib/printf/printf.c         0x00000000   Number         0  printf7.o ABSOLUTE
    ../clib/microlib/printf/printf.c         0x00000000   Number         0  printf6.o ABSOLUTE
    ../clib/microlib/printf/printf.c         0x00000000   Number         0  printf4.o ABSOLUTE
    ../clib/microlib/printf/printf.c         0x00000000   Number         0  printf3.o ABSOLUTE
    ../clib/microlib/printf/printf.c         0x00000000   Number         0  printf1.o ABSOLUTE
    ../clib/microlib/printf/printf.c         0x00000000   Number         0  printf0.o ABSOLUTE
    ../clib/microlib/printf/printf.c         0x00000000   Number         0  printfb.o ABSOLUTE
    ../clib/microlib/printf/printf.c         0x00000000   Number         0  printf5.o ABSOLUTE
    ../clib/microlib/printf/stubs.s          0x00000000   Number         0  stubs.o ABSOLUTE
    ../clib/microlib/stdio/fputc.c           0x00000000   Number         0  fputc.o ABSOLUTE
    ../clib/microlib/stdio/semi.s            0x00000000   Number         0  semi.o ABSOLUTE
    ../clib/microlib/stdio/streams.c         0x00000000   Number         0  stdout.o ABSOLUTE
    ../clib/microlib/string/memcpy.c         0x00000000   Number         0  memcpya.o ABSOLUTE
    ../clib/microlib/string/memcpy.c         0x00000000   Number         0  memcpyb.o ABSOLUTE
    ../clib/microlib/string/memset.c         0x00000000   Number         0  memseta.o ABSOLUTE
    ../clib/microlib/string/strcmp.c         0x00000000   Number         0  strcmp.o ABSOLUTE
    ../clib/microlib/string/strcpy.c         0x00000000   Number         0  strcpy.o ABSOLUTE
    ../clib/microlib/string/strlen.c         0x00000000   Number         0  strlen.o ABSOLUTE
    ../clib/microlib/string/strstr.c         0x00000000   Number         0  strstr.o ABSOLUTE
    ../clib/microlib/string/strtok.c         0x00000000   Number         0  strtok_r.o ABSOLUTE
    ../clib/microlib/string/strtok.c         0x00000000   Number         0  strtok.o ABSOLUTE
    ../clib/microlib/stubs.s                 0x00000000   Number         0  iusesemip.o ABSOLUTE
    ../clib/microlib/stubs.s                 0x00000000   Number         0  iusefp.o ABSOLUTE
    ../clib/scanf.c                          0x00000000   Number         0  scanf_fp.o ABSOLUTE
    ../clib/scanf.c                          0x00000000   Number         0  strtod.o ABSOLUTE
    ../clib/scanf.c                          0x00000000   Number         0  _sgetc.o ABSOLUTE
    ../fplib/microlib/d2f.c                  0x00000000   Number         0  d2f.o ABSOLUTE
    ../fplib/microlib/fpadd.c                0x00000000   Number         0  dadd.o ABSOLUTE
    ../fplib/microlib/fpdiv.c                0x00000000   Number         0  ddiv.o ABSOLUTE
    ../fplib/microlib/fpepilogue.c           0x00000000   Number         0  depilogue.o ABSOLUTE
    ../fplib/microlib/fpepilogue.c           0x00000000   Number         0  fepilogue.o ABSOLUTE
    ../fplib/microlib/fpfix.c                0x00000000   Number         0  dfixi.o ABSOLUTE
    ../fplib/microlib/fpfix.c                0x00000000   Number         0  dfixul.o ABSOLUTE
    ../fplib/microlib/fpflt.c                0x00000000   Number         0  dfltul.o ABSOLUTE
    ../fplib/microlib/fpflt.c                0x00000000   Number         0  dflti.o ABSOLUTE
    ../fplib/microlib/fpmul.c                0x00000000   Number         0  dmul.o ABSOLUTE
    ../fplib/microlib/fpneg.c                0x00000000   Number         0  dneg.o ABSOLUTE
    ../mathlib/strtod.c                      0x00000000   Number         0  strtod.o ABSOLUTE
    ..\Drivers\STM32L4xx_HAL_Driver\Src\stm32l4xx_hal.c 0x00000000   Number         0  stm32l4xx_hal.o ABSOLUTE
    ..\Drivers\STM32L4xx_HAL_Driver\Src\stm32l4xx_hal_cortex.c 0x00000000   Number         0  stm32l4xx_hal_cortex.o ABSOLUTE
    ..\Drivers\STM32L4xx_HAL_Driver\Src\stm32l4xx_hal_dma.c 0x00000000   Number         0  stm32l4xx_hal_dma.o ABSOLUTE
    ..\Drivers\STM32L4xx_HAL_Driver\Src\stm32l4xx_hal_flash.c 0x00000000   Number         0  stm32l4xx_hal_flash.o ABSOLUTE
    ..\Drivers\STM32L4xx_HAL_Driver\Src\stm32l4xx_hal_flash_ex.c 0x00000000   Number         0  stm32l4xx_hal_flash_ex.o ABSOLUTE
    ..\Drivers\STM32L4xx_HAL_Driver\Src\stm32l4xx_hal_flash_ramfunc.c 0x00000000   Number         0  stm32l4xx_hal_flash_ramfunc.o ABSOLUTE
    ..\Drivers\STM32L4xx_HAL_Driver\Src\stm32l4xx_hal_gpio.c 0x00000000   Number         0  stm32l4xx_hal_gpio.o ABSOLUTE
    ..\Drivers\STM32L4xx_HAL_Driver\Src\stm32l4xx_hal_i2c.c 0x00000000   Number         0  stm32l4xx_hal_i2c.o ABSOLUTE
    ..\Drivers\STM32L4xx_HAL_Driver\Src\stm32l4xx_hal_i2c_ex.c 0x00000000   Number         0  stm32l4xx_hal_i2c_ex.o ABSOLUTE
    ..\Drivers\STM32L4xx_HAL_Driver\Src\stm32l4xx_hal_pwr.c 0x00000000   Number         0  stm32l4xx_hal_pwr.o ABSOLUTE
    ..\Drivers\STM32L4xx_HAL_Driver\Src\stm32l4xx_hal_pwr_ex.c 0x00000000   Number         0  stm32l4xx_hal_pwr_ex.o ABSOLUTE
    ..\Drivers\STM32L4xx_HAL_Driver\Src\stm32l4xx_hal_rcc.c 0x00000000   Number         0  stm32l4xx_hal_rcc.o ABSOLUTE
    ..\Drivers\STM32L4xx_HAL_Driver\Src\stm32l4xx_hal_rcc_ex.c 0x00000000   Number         0  stm32l4xx_hal_rcc_ex.o ABSOLUTE
    ..\Drivers\STM32L4xx_HAL_Driver\Src\stm32l4xx_hal_tim.c 0x00000000   Number         0  stm32l4xx_hal_tim.o ABSOLUTE
    ..\Drivers\STM32L4xx_HAL_Driver\Src\stm32l4xx_hal_tim_ex.c 0x00000000   Number         0  stm32l4xx_hal_tim_ex.o ABSOLUTE
    ..\Drivers\STM32L4xx_HAL_Driver\Src\stm32l4xx_hal_uart.c 0x00000000   Number         0  stm32l4xx_hal_uart.o ABSOLUTE
    ..\Drivers\STM32L4xx_HAL_Driver\Src\stm32l4xx_hal_uart_ex.c 0x00000000   Number         0  stm32l4xx_hal_uart_ex.o ABSOLUTE
    ..\Src\main.c                            0x00000000   Number         0  main.o ABSOLUTE
    ..\Src\ofo_gprs.c                        0x00000000   Number         0  ofo_gprs.o ABSOLUTE
    ..\Src\ofo_gps.c                         0x00000000   Number         0  ofo_gps.o ABSOLUTE
    ..\Src\ofo_porting.c                     0x00000000   Number         0  ofo_porting.o ABSOLUTE
    ..\Src\stm32l4xx_hal_msp.c               0x00000000   Number         0  stm32l4xx_hal_msp.o ABSOLUTE
    ..\Src\stm32l4xx_it.c                    0x00000000   Number         0  stm32l4xx_it.o ABSOLUTE
    ..\Src\system_stm32l4xx.c                0x00000000   Number         0  system_stm32l4xx.o ABSOLUTE
    ..\\Src\\ofo_gprs.c                      0x00000000   Number         0  ofo_gprs.o ABSOLUTE
    ..\\Src\\ofo_porting.c                   0x00000000   Number         0  ofo_porting.o ABSOLUTE
    cdrcmple.s                               0x00000000   Number         0  cdrcmple.o ABSOLUTE
    dc.s                                     0x00000000   Number         0  dc.o ABSOLUTE
    handlers.s                               0x00000000   Number         0  handlers.o ABSOLUTE
    init.s                                   0x00000000   Number         0  init.o ABSOLUTE
    startup_stm32l476xx.s                    0x00000000   Number         0  startup_stm32l476xx.o ABSOLUTE
    RESET                                    0x08000000   Section      392  startup_stm32l476xx.o(RESET)
    .ARM.Collect$$$$00000000                 0x08000188   Section        0  entry.o(.ARM.Collect$$$$00000000)
    .ARM.Collect$$$$00000001                 0x08000188   Section        4  entry2.o(.ARM.Collect$$$$00000001)
    .ARM.Collect$$$$00000004                 0x0800018c   Section        4  entry5.o(.ARM.Collect$$$$00000004)
    .ARM.Collect$$$$00000008                 0x08000190   Section        0  entry7b.o(.ARM.Collect$$$$00000008)
    .ARM.Collect$$$$0000000A                 0x08000190   Section        0  entry8b.o(.ARM.Collect$$$$0000000A)
    .ARM.Collect$$$$0000000B                 0x08000190   Section        8  entry9a.o(.ARM.Collect$$$$0000000B)
    .ARM.Collect$$$$0000000D                 0x08000198   Section        0  entry10a.o(.ARM.Collect$$$$0000000D)
    .ARM.Collect$$$$0000000F                 0x08000198   Section        0  entry11a.o(.ARM.Collect$$$$0000000F)
    .ARM.Collect$$$$00002712                 0x08000198   Section        4  entry2.o(.ARM.Collect$$$$00002712)
    __lit__00000000                          0x08000198   Data           4  entry2.o(.ARM.Collect$$$$00002712)
    .text                                    0x0800019c   Section       36  startup_stm32l476xx.o(.text)
    $v0                                      0x0800019c   Number         0  startup_stm32l476xx.o(.text)
    .text                                    0x080001c0   Section        0  uldiv.o(.text)
    .text                                    0x08000228   Section        0  memcpya.o(.text)
    .text                                    0x0800024c   Section        0  memseta.o(.text)
    .text                                    0x08000270   Section        0  strstr.o(.text)
    .text                                    0x08000294   Section        0  strlen.o(.text)
    .text                                    0x080002a2   Section        0  strcmp.o(.text)
    .text                                    0x080002be   Section        0  strcpy.o(.text)
    .text                                    0x080002d0   Section        0  strtok.o(.text)
    .text                                    0x08000314   Section        0  dadd.o(.text)
    .text                                    0x08000472   Section        0  dmul.o(.text)
    .text                                    0x0800055c   Section        0  ddiv.o(.text)
    .text                                    0x0800063a   Section        0  dflti.o(.text)
    .text                                    0x0800065c   Section        0  dfixi.o(.text)
    .text                                    0x0800069a   Section        0  uidiv.o(.text)
    .text                                    0x080006c6   Section        0  llshl.o(.text)
    .text                                    0x080006e4   Section        0  llushr.o(.text)
    .text                                    0x08000704   Section        0  llsshr.o(.text)
    .text                                    0x08000728   Section        0  strtod.o(.text)
    _local_sscanf                            0x08000729   Thumb Code    54  strtod.o(.text)
    .text                                    0x080007c4   Section        0  depilogue.o(.text)
    .text                                    0x080007c4   Section        0  iusefp.o(.text)
    .text                                    0x08000880   Section       36  init.o(.text)
    .text                                    0x080008a4   Section        0  isspace_c.o(.text)
    .text                                    0x080008b0   Section        0  scanf_fp.o(.text)
    _fp_value                                0x080008b1   Thumb Code   256  scanf_fp.o(.text)
    .text                                    0x08000bee   Section        0  _sgetc.o(.text)
    .text                                    0x08000c30   Section        0  ctype_c.o(.text)
    .text                                    0x08000c58   Section        0  dfltul.o(.text)
    .text                                    0x08000c70   Section        0  d2f.o(.text)
    .text                                    0x08000ca8   Section        0  fepilogue.o(.text)
    .text                                    0x08000d16   Section        0  __dczerorl2.o(.text)
    i.BusFault_Handler                       0x08000d6c   Section        0  stm32l4xx_it.o(i.BusFault_Handler)
    i.DebugMon_Handler                       0x08000d6e   Section        0  stm32l4xx_it.o(i.DebugMon_Handler)
    i.GpsEncodingToDegrees                   0x08000d70   Section        0  ofo_gps.o(i.GpsEncodingToDegrees)
    GpsEncodingToDegrees                     0x08000d71   Thumb Code    92  ofo_gps.o(i.GpsEncodingToDegrees)
    i.HAL_Delay                              0x08000ddc   Section        0  stm32l4xx_hal.o(i.HAL_Delay)
    i.HAL_GPIO_Init                          0x08000df8   Section        0  stm32l4xx_hal_gpio.o(i.HAL_GPIO_Init)
    i.HAL_GPIO_WritePin                      0x08000fc2   Section        0  stm32l4xx_hal_gpio.o(i.HAL_GPIO_WritePin)
    i.HAL_GetTick                            0x08000fcc   Section        0  stm32l4xx_hal.o(i.HAL_GetTick)
    i.HAL_IncTick                            0x08000fd8   Section        0  stm32l4xx_hal.o(i.HAL_IncTick)
    i.HAL_Init                               0x08000fe8   Section        0  stm32l4xx_hal.o(i.HAL_Init)
    i.HAL_InitTick                           0x08001000   Section        0  stm32l4xx_hal.o(i.HAL_InitTick)
    i.HAL_MspInit                            0x08001028   Section        0  stm32l4xx_hal_msp.o(i.HAL_MspInit)
    i.HAL_NVIC_EnableIRQ                     0x080010a8   Section        0  stm32l4xx_hal_cortex.o(i.HAL_NVIC_EnableIRQ)
    i.HAL_NVIC_SetPriority                   0x080010c0   Section        0  stm32l4xx_hal_cortex.o(i.HAL_NVIC_SetPriority)
    i.HAL_NVIC_SetPriorityGrouping           0x08001100   Section        0  stm32l4xx_hal_cortex.o(i.HAL_NVIC_SetPriorityGrouping)
    i.HAL_PWREx_ControlVoltageScaling        0x08001124   Section        0  stm32l4xx_hal_pwr_ex.o(i.HAL_PWREx_ControlVoltageScaling)
    i.HAL_PWREx_GetVoltageRange              0x08001188   Section        0  stm32l4xx_hal_pwr_ex.o(i.HAL_PWREx_GetVoltageRange)
    i.HAL_RCCEx_PeriphCLKConfig              0x08001198   Section        0  stm32l4xx_hal_rcc_ex.o(i.HAL_RCCEx_PeriphCLKConfig)
    i.HAL_RCC_ClockConfig                    0x08001548   Section        0  stm32l4xx_hal_rcc.o(i.HAL_RCC_ClockConfig)
    i.HAL_RCC_GetHCLKFreq                    0x080016c8   Section        0  stm32l4xx_hal_rcc.o(i.HAL_RCC_GetHCLKFreq)
    i.HAL_RCC_GetPCLK1Freq                   0x080016d4   Section        0  stm32l4xx_hal_rcc.o(i.HAL_RCC_GetPCLK1Freq)
    i.HAL_RCC_GetPCLK2Freq                   0x08001704   Section        0  stm32l4xx_hal_rcc.o(i.HAL_RCC_GetPCLK2Freq)
    i.HAL_RCC_GetSysClockFreq                0x08001734   Section        0  stm32l4xx_hal_rcc.o(i.HAL_RCC_GetSysClockFreq)
    i.HAL_RCC_OscConfig                      0x08001830   Section        0  stm32l4xx_hal_rcc.o(i.HAL_RCC_OscConfig)
    i.HAL_SYSTICK_CLKSourceConfig            0x08001cb0   Section        0  stm32l4xx_hal_cortex.o(i.HAL_SYSTICK_CLKSourceConfig)
    i.HAL_SYSTICK_Callback                   0x08001cc8   Section        0  stm32l4xx_hal_cortex.o(i.HAL_SYSTICK_Callback)
    i.HAL_SYSTICK_Config                     0x08001cca   Section        0  stm32l4xx_hal_cortex.o(i.HAL_SYSTICK_Config)
    i.HAL_SYSTICK_IRQHandler                 0x08001cf2   Section        0  stm32l4xx_hal_cortex.o(i.HAL_SYSTICK_IRQHandler)
    i.HAL_TIMEx_BreakCallback                0x08001cfa   Section        0  stm32l4xx_hal_tim_ex.o(i.HAL_TIMEx_BreakCallback)
    i.HAL_TIMEx_CommutationCallback          0x08001cfc   Section        0  stm32l4xx_hal_tim_ex.o(i.HAL_TIMEx_CommutationCallback)
    i.HAL_TIM_Base_Init                      0x08001cfe   Section        0  stm32l4xx_hal_tim.o(i.HAL_TIM_Base_Init)
    i.HAL_TIM_Base_MspInit                   0x08001d34   Section        0  stm32l4xx_hal_tim.o(i.HAL_TIM_Base_MspInit)
    i.HAL_TIM_Base_Start                     0x08001d36   Section        0  stm32l4xx_hal_tim.o(i.HAL_TIM_Base_Start)
    i.HAL_TIM_Base_Start_IT                  0x08001d50   Section        0  stm32l4xx_hal_tim.o(i.HAL_TIM_Base_Start_IT)
    i.HAL_TIM_Base_Stop_IT                   0x08001d68   Section        0  stm32l4xx_hal_tim.o(i.HAL_TIM_Base_Stop_IT)
    i.HAL_TIM_IC_CaptureCallback             0x08001d92   Section        0  stm32l4xx_hal_tim.o(i.HAL_TIM_IC_CaptureCallback)
    i.HAL_TIM_IRQHandler                     0x08001d94   Section        0  stm32l4xx_hal_tim.o(i.HAL_TIM_IRQHandler)
    i.HAL_TIM_OC_DelayElapsedCallback        0x08001efa   Section        0  stm32l4xx_hal_tim.o(i.HAL_TIM_OC_DelayElapsedCallback)
    i.HAL_TIM_PWM_PulseFinishedCallback      0x08001efc   Section        0  stm32l4xx_hal_tim.o(i.HAL_TIM_PWM_PulseFinishedCallback)
    i.HAL_TIM_PeriodElapsedCallback          0x08001efe   Section        0  stm32l4xx_hal_tim.o(i.HAL_TIM_PeriodElapsedCallback)
    i.HAL_TIM_TriggerCallback                0x08001f00   Section        0  stm32l4xx_hal_tim.o(i.HAL_TIM_TriggerCallback)
    i.HAL_UART_Init                          0x08001f02   Section        0  stm32l4xx_hal_uart.o(i.HAL_UART_Init)
    i.HAL_UART_MspInit                       0x08001f6c   Section        0  stm32l4xx_hal_msp.o(i.HAL_UART_MspInit)
    i.HAL_UART_Transmit                      0x0800200c   Section        0  stm32l4xx_hal_uart.o(i.HAL_UART_Transmit)
    i.HardFault_Handler                      0x080020c0   Section        0  stm32l4xx_it.o(i.HardFault_Handler)
    i.MemManage_Handler                      0x080020c2   Section        0  stm32l4xx_it.o(i.MemManage_Handler)
    i.NMI_Handler                            0x080020c4   Section        0  stm32l4xx_it.o(i.NMI_Handler)
    i.NVIC_SetPriority                       0x080020c6   Section        0  stm32l4xx_hal_cortex.o(i.NVIC_SetPriority)
    NVIC_SetPriority                         0x080020c7   Thumb Code    32  stm32l4xx_hal_cortex.o(i.NVIC_SetPriority)
    i.PendSV_Handler                         0x080020e6   Section        0  stm32l4xx_it.o(i.PendSV_Handler)
    i.RCCEx_PLLSAI1_Config                   0x080020e8   Section        0  stm32l4xx_hal_rcc_ex.o(i.RCCEx_PLLSAI1_Config)
    RCCEx_PLLSAI1_Config                     0x080020e9   Thumb Code   342  stm32l4xx_hal_rcc_ex.o(i.RCCEx_PLLSAI1_Config)
    i.RCCEx_PLLSAI2_Config                   0x08002250   Section        0  stm32l4xx_hal_rcc_ex.o(i.RCCEx_PLLSAI2_Config)
    RCCEx_PLLSAI2_Config                     0x08002251   Thumb Code   302  stm32l4xx_hal_rcc_ex.o(i.RCCEx_PLLSAI2_Config)
    i.RCC_SetFlashLatencyFromMSIRange        0x0800238c   Section        0  stm32l4xx_hal_rcc.o(i.RCC_SetFlashLatencyFromMSIRange)
    RCC_SetFlashLatencyFromMSIRange          0x0800238d   Thumb Code   116  stm32l4xx_hal_rcc.o(i.RCC_SetFlashLatencyFromMSIRange)
    i.SVC_Handler                            0x08002408   Section        0  stm32l4xx_it.o(i.SVC_Handler)
    i.SysTick_Handler                        0x0800240a   Section        0  stm32l4xx_it.o(i.SysTick_Handler)
    i.SystemClock_Config                     0x08002418   Section        0  main.o(i.SystemClock_Config)
    i.SystemInit                             0x080024a0   Section        0  system_stm32l4xx.o(i.SystemInit)
    i.TIM3_IRQHandler                        0x080024e4   Section        0  ofo_porting.o(i.TIM3_IRQHandler)
    i.TIM_Base_SetConfig                     0x08002504   Section        0  stm32l4xx_hal_tim.o(i.TIM_Base_SetConfig)
    i.UART4_IRQHandler                       0x080025bc   Section        0  ofo_porting.o(i.UART4_IRQHandler)
    i.UART_AdvFeatureConfig                  0x080025f4   Section        0  stm32l4xx_hal_uart.o(i.UART_AdvFeatureConfig)
    i.UART_CheckIdleState                    0x080026bc   Section        0  stm32l4xx_hal_uart.o(i.UART_CheckIdleState)
    i.UART_SetConfig                         0x08002718   Section        0  stm32l4xx_hal_uart.o(i.UART_SetConfig)
    i.UART_WaitOnFlagUntilTimeout            0x080029b0   Section        0  stm32l4xx_hal_uart.o(i.UART_WaitOnFlagUntilTimeout)
    i.USART2_IRQHandler                      0x08002a14   Section        0  ofo_porting.o(i.USART2_IRQHandler)
    i.UsageFault_Handler                     0x08002a4c   Section        0  stm32l4xx_it.o(i.UsageFault_Handler)
    i._Error_Handler                         0x08002a4e   Section        0  main.o(i._Error_Handler)
    i.__0sprintf$3                           0x08002a50   Section        0  printf3.o(i.__0sprintf$3)
    i.__hardfp_strtod                        0x08002a78   Section        0  strtod.o(i.__hardfp_strtod)
    i.__scatterload_copy                     0x08002aa0   Section       14  handlers.o(i.__scatterload_copy)
    i.__scatterload_null                     0x08002aae   Section        2  handlers.o(i.__scatterload_null)
    i.__scatterload_zeroinit                 0x08002ab0   Section       14  handlers.o(i.__scatterload_zeroinit)
    i._at_cfun1_exit_response_deal           0x08002ac0   Section        0  ofo_gprs.o(i._at_cfun1_exit_response_deal)
    _at_cfun1_exit_response_deal             0x08002ac1   Thumb Code    32  ofo_gprs.o(i._at_cfun1_exit_response_deal)
    i._at_cfun_enter_response_deal           0x08002af0   Section        0  ofo_gprs.o(i._at_cfun_enter_response_deal)
    _at_cfun_enter_response_deal             0x08002af1   Thumb Code    36  ofo_gprs.o(i._at_cfun_enter_response_deal)
    i._at_cgreg_response_deal                0x08002b24   Section        0  ofo_gprs.o(i._at_cgreg_response_deal)
    _at_cgreg_response_deal                  0x08002b25   Thumb Code   122  ofo_gprs.o(i._at_cgreg_response_deal)
    i._at_cimi_cmd_reponse_deal              0x08002bb8   Section        0  ofo_gprs.o(i._at_cimi_cmd_reponse_deal)
    _at_cimi_cmd_reponse_deal                0x08002bb9   Thumb Code    32  ofo_gprs.o(i._at_cimi_cmd_reponse_deal)
    i._at_close_echo_response_deal           0x08002be8   Section        0  ofo_gprs.o(i._at_close_echo_response_deal)
    _at_close_echo_response_deal             0x08002be9   Thumb Code    32  ofo_gprs.o(i._at_close_echo_response_deal)
    i._at_cpin_response_deal                 0x08002c18   Section        0  ofo_gprs.o(i._at_cpin_response_deal)
    _at_cpin_response_deal                   0x08002c19   Thumb Code    90  ofo_gprs.o(i._at_cpin_response_deal)
    i._at_csq_response_deal                  0x08002c9c   Section        0  ofo_gprs.o(i._at_csq_response_deal)
    _at_csq_response_deal                    0x08002c9d   Thumb Code    94  ofo_gprs.o(i._at_csq_response_deal)
    i._at_dummy_deal                         0x08002d1c   Section        0  ofo_gprs.o(i._at_dummy_deal)
    _at_dummy_deal                           0x08002d1d   Thumb Code     2  ofo_gprs.o(i._at_dummy_deal)
    i._at_enter_sleep_response_deal          0x08002d20   Section        0  ofo_gprs.o(i._at_enter_sleep_response_deal)
    _at_enter_sleep_response_deal            0x08002d21   Thumb Code    40  ofo_gprs.o(i._at_enter_sleep_response_deal)
    i._at_gsv_response_deal                  0x08002d58   Section        0  ofo_gprs.o(i._at_gsv_response_deal)
    _at_gsv_response_deal                    0x08002d59   Thumb Code    74  ofo_gprs.o(i._at_gsv_response_deal)
    i._at_httpinit_response_deal             0x08002db8   Section        0  ofo_gprs.o(i._at_httpinit_response_deal)
    _at_httpinit_response_deal               0x08002db9   Thumb Code    32  ofo_gprs.o(i._at_httpinit_response_deal)
    i._at_httppara1_response_deal            0x08002de8   Section        0  ofo_gprs.o(i._at_httppara1_response_deal)
    _at_httppara1_response_deal              0x08002de9   Thumb Code    32  ofo_gprs.o(i._at_httppara1_response_deal)
    i._at_httppara2_response_deal            0x08002e18   Section        0  ofo_gprs.o(i._at_httppara2_response_deal)
    _at_httppara2_response_deal              0x08002e19   Thumb Code    32  ofo_gprs.o(i._at_httppara2_response_deal)
    i._at_httppara3_response_deal            0x08002e48   Section        0  ofo_gprs.o(i._at_httppara3_response_deal)
    _at_httppara3_response_deal              0x08002e49   Thumb Code    32  ofo_gprs.o(i._at_httppara3_response_deal)
    i._at_httppara4_response_deal            0x08002e78   Section        0  ofo_gprs.o(i._at_httppara4_response_deal)
    _at_httppara4_response_deal              0x08002e79   Thumb Code    36  ofo_gprs.o(i._at_httppara4_response_deal)
    i._at_httppost_action_response_deal      0x08002eac   Section        0  ofo_gprs.o(i._at_httppost_action_response_deal)
    _at_httppost_action_response_deal        0x08002ead   Thumb Code    60  ofo_gprs.o(i._at_httppost_action_response_deal)
    i._at_httppost_pre1_response_deal        0x08002f18   Section        0  ofo_gprs.o(i._at_httppost_pre1_response_deal)
    _at_httppost_pre1_response_deal          0x08002f19   Thumb Code    32  ofo_gprs.o(i._at_httppost_pre1_response_deal)
    i._at_httppost_pre_response_deal         0x08002f48   Section        0  ofo_gprs.o(i._at_httppost_pre_response_deal)
    _at_httppost_pre_response_deal           0x08002f49   Thumb Code    32  ofo_gprs.o(i._at_httppost_pre_response_deal)
    i._at_httpread_response_deal             0x08002f7c   Section        0  ofo_gprs.o(i._at_httpread_response_deal)
    _at_httpread_response_deal               0x08002f7d   Thumb Code    34  ofo_gprs.o(i._at_httpread_response_deal)
    i._at_httpterm_response_deal             0x08002fb4   Section        0  ofo_gprs.o(i._at_httpterm_response_deal)
    _at_httpterm_response_deal               0x08002fb5   Thumb Code    32  ofo_gprs.o(i._at_httpterm_response_deal)
    i._at_link_check_response_deal           0x08002fe4   Section        0  ofo_gprs.o(i._at_link_check_response_deal)
    _at_link_check_response_deal             0x08002fe5   Thumb Code    48  ofo_gprs.o(i._at_link_check_response_deal)
    i._at_request_cmd                        0x08003028   Section        0  ofo_gprs.o(i._at_request_cmd)
    _at_request_cmd                          0x08003029   Thumb Code   208  ofo_gprs.o(i._at_request_cmd)
    i._at_sapbr1_response_deal               0x08003114   Section        0  ofo_gprs.o(i._at_sapbr1_response_deal)
    _at_sapbr1_response_deal                 0x08003115   Thumb Code    32  ofo_gprs.o(i._at_sapbr1_response_deal)
    i._at_sapbr2_response_deal               0x08003144   Section        0  ofo_gprs.o(i._at_sapbr2_response_deal)
    _at_sapbr2_response_deal                 0x08003145   Thumb Code    32  ofo_gprs.o(i._at_sapbr2_response_deal)
    i._at_sapbr3_response_deal               0x08003174   Section        0  ofo_gprs.o(i._at_sapbr3_response_deal)
    _at_sapbr3_response_deal                 0x08003175   Thumb Code    60  ofo_gprs.o(i._at_sapbr3_response_deal)
    i._at_sapbr4_response_deal               0x080031cc   Section        0  ofo_gprs.o(i._at_sapbr4_response_deal)
    _at_sapbr4_response_deal                 0x080031cd   Thumb Code    32  ofo_gprs.o(i._at_sapbr4_response_deal)
    i._gprs_establish_connection             0x080031fc   Section        0  ofo_gprs.o(i._gprs_establish_connection)
    _gprs_establish_connection               0x080031fd   Thumb Code    36  ofo_gprs.o(i._gprs_establish_connection)
    i._gprs_timer_handler                    0x08003224   Section        0  ofo_gprs.o(i._gprs_timer_handler)
    _gprs_timer_handler                      0x08003225   Thumb Code    18  ofo_gprs.o(i._gprs_timer_handler)
    i._is_digit                              0x0800323c   Section        0  scanf_fp.o(i._is_digit)
    i._printf_core                           0x0800324c   Section        0  printf3.o(i._printf_core)
    _printf_core                             0x0800324d   Thumb Code   436  printf3.o(i._printf_core)
    i._sputc                                 0x0800340a   Section        0  printf3.o(i._sputc)
    _sputc                                   0x0800340b   Thumb Code    10  printf3.o(i._sputc)
    i._string_find                           0x08003414   Section        0  ofo_gprs.o(i._string_find)
    _string_find                             0x08003415   Thumb Code    64  ofo_gprs.o(i._string_find)
    i.gprs_uart_rx_data_deal                 0x08003454   Section        0  ofo_gprs.o(i.gprs_uart_rx_data_deal)
    gprs_uart_rx_data_deal                   0x08003455   Thumb Code   236  ofo_gprs.o(i.gprs_uart_rx_data_deal)
    i.gps_uart_rx_data_deal                  0x08003568   Section        0  ofo_gps.o(i.gps_uart_rx_data_deal)
    i.main                                   0x08003648   Section        0  main.o(i.main)
    i.ofoE_gprs_close                        0x08003688   Section        0  ofo_gprs.o(i.ofoE_gprs_close)
    i.ofoE_gprs_http_request_send            0x080036b4   Section        0  ofo_gprs.o(i.ofoE_gprs_http_request_send)
    i.ofoE_gprs_init                         0x080036f0   Section        0  ofo_gprs.o(i.ofoE_gprs_init)
    i.ofoE_gprs_response_data_deal           0x0800371c   Section        0  ofo_gprs.o(i.ofoE_gprs_response_data_deal)
    i.ofoE_gps_init                          0x08003794   Section        0  ofo_gps.o(i.ofoE_gps_init)
    i.ofoP_gprs_power_off                    0x080037b4   Section        0  ofo_porting.o(i.ofoP_gprs_power_off)
    i.ofoP_gprs_power_on                     0x080037b8   Section        0  ofo_porting.o(i.ofoP_gprs_power_on)
    i.ofoP_gprs_stop_timer                   0x080037e0   Section        0  ofo_porting.o(i.ofoP_gprs_stop_timer)
    i.ofoP_gprs_timer_start                  0x08003818   Section        0  ofo_porting.o(i.ofoP_gprs_timer_start)
    i.ofoP_gprs_uart_disable                 0x08003850   Section        0  ofo_porting.o(i.ofoP_gprs_uart_disable)
    i.ofoP_gprs_uart_enable                  0x08003864   Section        0  ofo_porting.o(i.ofoP_gprs_uart_enable)
    i.ofoP_gprs_uart_init                    0x08003878   Section        0  ofo_porting.o(i.ofoP_gprs_uart_init)
    i.ofoP_gprs_uart_send                    0x080038d8   Section        0  ofo_porting.o(i.ofoP_gprs_uart_send)
    i.ofoP_gprs_uart_send_timer_creat        0x08003914   Section        0  ofo_porting.o(i.ofoP_gprs_uart_send_timer_creat)
    i.ofoP_gps_power_on                      0x080039b0   Section        0  ofo_porting.o(i.ofoP_gps_power_on)
    i.ofoP_gps_uart_enable                   0x080039d8   Section        0  ofo_porting.o(i.ofoP_gps_uart_enable)
    i.ofoP_gps_uart_init                     0x080039ec   Section        0  ofo_porting.o(i.ofoP_gps_uart_init)
    i.ofoP_sleep_ms                          0x08003a4c   Section        0  ofo_porting.o(i.ofoP_sleep_ms)
    i.ofo_gprs_power_on_contorl_pin_init     0x08003a50   Section        0  main.o(i.ofo_gprs_power_on_contorl_pin_init)
    .constdata                               0x08003afc   Section       64  system_stm32l4xx.o(.constdata)
    .constdata                               0x08003b3c   Section        8  system_stm32l4xx.o(.constdata)
    .constdata                               0x08003b44   Section       64  ctype_c.o(.constdata)
    .conststring                             0x08003b84   Section      254  main.o(.conststring)
    .conststring                             0x08003c84   Section      445  ofo_gprs.o(.conststring)
    .data                                    0x20000000   Section      512  ofo_gprs.o(.data)
    tmpCmdID                                 0x20000000   Data           1  ofo_gprs.o(.data)
    okFlag                                   0x20000001   Data           1  ofo_gprs.o(.data)
    okFlag                                   0x20000002   Data           1  ofo_gprs.o(.data)
    postTimes                                0x20000003   Data           1  ofo_gprs.o(.data)
    isStartGetData                           0x20000004   Data           1  ofo_gprs.o(.data)
    sendCnts                                 0x20000006   Data           2  ofo_gprs.o(.data)
    timeval                                  0x20000008   Data           2  ofo_gprs.o(.data)
    index                                    0x2000000a   Data           2  ofo_gprs.o(.data)
    .data                                    0x20000200   Section        2  ofo_gps.o(.data)
    index                                    0x20000200   Data           2  ofo_gps.o(.data)
    .data                                    0x20000202   Section        2  ofo_porting.o(.data)
    RxBuf                                    0x20000202   Data           1  ofo_porting.o(.data)
    RxBuf                                    0x20000203   Data           1  ofo_porting.o(.data)
    .data                                    0x20000204   Section        4  stm32l4xx_hal.o(.data)
    .data                                    0x20000208   Section        4  system_stm32l4xx.o(.data)
    .data                                    0x2000020c   Section        4  strtok.o(.data)
    state                                    0x2000020c   Data           4  strtok.o(.data)
    .bss                                     0x20000210   Section     1008  ofo_gprs.o(.bss)
    tmpBuf                                   0x20000210   Data          30  ofo_gprs.o(.bss)
    rcvBuf                                   0x2000022e   Data         128  ofo_gprs.o(.bss)
    tmpBuf                                   0x200002ae   Data         128  ofo_gprs.o(.bss)
    gGprsPara                                0x20000330   Data         720  ofo_gprs.o(.bss)
    .bss                                     0x20000600   Section      152  ofo_gps.o(.bss)
    rcvBuf                                   0x20000600   Data         128  ofo_gps.o(.bss)
    .bss                                     0x20000698   Section      296  ofo_porting.o(.bss)
    huart2                                   0x20000698   Data         112  ofo_porting.o(.bss)
    huart4                                   0x20000708   Data         112  ofo_porting.o(.bss)
    gprsTimerId                              0x20000778   Data          60  ofo_porting.o(.bss)
    STACK                                    0x200007c0   Section     1024  startup_stm32l476xx.o(STACK)

    Global Symbols

    Symbol Name                              Value     Ov Type        Size  Object(Section)

    BuildAttributes$$THM_ISAv4$E$P$D$K$B$S$7EM$VFPi3$EXTD16$VFPS$VFMA$PE$A:L22UL41UL21$X:L11$S22US41US21$IEEE1$IW$USESV6$~STKCKD$USESV7$~SHL$OTIME$ROPI$IEEEJ$EBA8$MICROLIB$REQ8$PRES8$EABIv2 0x00000000   Number         0  anon$$obj.o ABSOLUTE
    __ARM_use_no_argv                        0x00000000   Number         0  main.o ABSOLUTE
    _printf_a                                0x00000000   Number         0  stubs.o ABSOLUTE
    _printf_c                                0x00000000   Number         0  stubs.o ABSOLUTE
    _printf_charcount                        0x00000000   Number         0  stubs.o ABSOLUTE
    _printf_d                                0x00000000   Number         0  stubs.o ABSOLUTE
    _printf_e                                0x00000000   Number         0  stubs.o ABSOLUTE
    _printf_f                                0x00000000   Number         0  stubs.o ABSOLUTE
    _printf_flags                            0x00000000   Number         0  stubs.o ABSOLUTE
    _printf_fp_dec                           0x00000000   Number         0  stubs.o ABSOLUTE
    _printf_fp_hex                           0x00000000   Number         0  stubs.o ABSOLUTE
    _printf_g                                0x00000000   Number         0  stubs.o ABSOLUTE
    _printf_i                                0x00000000   Number         0  stubs.o ABSOLUTE
    _printf_int_dec                          0x00000000   Number         0  stubs.o ABSOLUTE
    _printf_l                                0x00000000   Number         0  stubs.o ABSOLUTE
    _printf_lc                               0x00000000   Number         0  stubs.o ABSOLUTE
    _printf_ll                               0x00000000   Number         0  stubs.o ABSOLUTE
    _printf_lld                              0x00000000   Number         0  stubs.o ABSOLUTE
    _printf_lli                              0x00000000   Number         0  stubs.o ABSOLUTE
    _printf_llo                              0x00000000   Number         0  stubs.o ABSOLUTE
    _printf_llu                              0x00000000   Number         0  stubs.o ABSOLUTE
    _printf_llx                              0x00000000   Number         0  stubs.o ABSOLUTE
    _printf_longlong_dec                     0x00000000   Number         0  stubs.o ABSOLUTE
    _printf_longlong_hex                     0x00000000   Number         0  stubs.o ABSOLUTE
    _printf_longlong_oct                     0x00000000   Number         0  stubs.o ABSOLUTE
    _printf_ls                               0x00000000   Number         0  stubs.o ABSOLUTE
    _printf_mbtowc                           0x00000000   Number         0  stubs.o ABSOLUTE
    _printf_n                                0x00000000   Number         0  stubs.o ABSOLUTE
    _printf_o                                0x00000000   Number         0  stubs.o ABSOLUTE
    _printf_p                                0x00000000   Number         0  stubs.o ABSOLUTE
    _printf_percent                          0x00000000   Number         0  stubs.o ABSOLUTE
    _printf_pre_padding                      0x00000000   Number         0  stubs.o ABSOLUTE
    _printf_return_value                     0x00000000   Number         0  stubs.o ABSOLUTE
    _printf_s                                0x00000000   Number         0  stubs.o ABSOLUTE
    _printf_sizespec                         0x00000000   Number         0  stubs.o ABSOLUTE
    _printf_str                              0x00000000   Number         0  stubs.o ABSOLUTE
    _printf_truncate_signed                  0x00000000   Number         0  stubs.o ABSOLUTE
    _printf_truncate_unsigned                0x00000000   Number         0  stubs.o ABSOLUTE
    _printf_u                                0x00000000   Number         0  stubs.o ABSOLUTE
    _printf_wc                               0x00000000   Number         0  stubs.o ABSOLUTE
    _printf_wctomb                           0x00000000   Number         0  stubs.o ABSOLUTE
    _printf_widthprec                        0x00000000   Number         0  stubs.o ABSOLUTE
    _printf_x                                0x00000000   Number         0  stubs.o ABSOLUTE
    __cpp_initialize__aeabi_                  - Undefined Weak Reference
    __cxa_finalize                            - Undefined Weak Reference
    _clock_init                               - Undefined Weak Reference
    _microlib_exit                            - Undefined Weak Reference
    __Vectors_Size                           0x00000188   Number         0  startup_stm32l476xx.o ABSOLUTE
    __Vectors                                0x08000000   Data           4  startup_stm32l476xx.o(RESET)
    __Vectors_End                            0x08000188   Data           0  startup_stm32l476xx.o(RESET)
    __main                                   0x08000189   Thumb Code     0  entry.o(.ARM.Collect$$$$00000000)
    _main_stk                                0x08000189   Thumb Code     0  entry2.o(.ARM.Collect$$$$00000001)
    _main_scatterload                        0x0800018d   Thumb Code     0  entry5.o(.ARM.Collect$$$$00000004)
    __main_after_scatterload                 0x08000191   Thumb Code     0  entry5.o(.ARM.Collect$$$$00000004)
    _main_clock                              0x08000191   Thumb Code     0  entry7b.o(.ARM.Collect$$$$00000008)
    _main_cpp_init                           0x08000191   Thumb Code     0  entry8b.o(.ARM.Collect$$$$0000000A)
    _main_init                               0x08000191   Thumb Code     0  entry9a.o(.ARM.Collect$$$$0000000B)
    __rt_final_cpp                           0x08000199   Thumb Code     0  entry10a.o(.ARM.Collect$$$$0000000D)
    __rt_final_exit                          0x08000199   Thumb Code     0  entry11a.o(.ARM.Collect$$$$0000000F)
    Reset_Handler                            0x0800019d   Thumb Code     8  startup_stm32l476xx.o(.text)
    ADC1_2_IRQHandler                        0x080001b7   Thumb Code     0  startup_stm32l476xx.o(.text)
    ADC3_IRQHandler                          0x080001b7   Thumb Code     0  startup_stm32l476xx.o(.text)
    CAN1_RX0_IRQHandler                      0x080001b7   Thumb Code     0  startup_stm32l476xx.o(.text)
    CAN1_RX1_IRQHandler                      0x080001b7   Thumb Code     0  startup_stm32l476xx.o(.text)
    CAN1_SCE_IRQHandler                      0x080001b7   Thumb Code     0  startup_stm32l476xx.o(.text)
    CAN1_TX_IRQHandler                       0x080001b7   Thumb Code     0  startup_stm32l476xx.o(.text)
    COMP_IRQHandler                          0x080001b7   Thumb Code     0  startup_stm32l476xx.o(.text)
    DFSDM1_FLT0_IRQHandler                   0x080001b7   Thumb Code     0  startup_stm32l476xx.o(.text)
    DFSDM1_FLT1_IRQHandler                   0x080001b7   Thumb Code     0  startup_stm32l476xx.o(.text)
    DFSDM1_FLT2_IRQHandler                   0x080001b7   Thumb Code     0  startup_stm32l476xx.o(.text)
    DFSDM1_FLT3_IRQHandler                   0x080001b7   Thumb Code     0  startup_stm32l476xx.o(.text)
    DMA1_Channel1_IRQHandler                 0x080001b7   Thumb Code     0  startup_stm32l476xx.o(.text)
    DMA1_Channel2_IRQHandler                 0x080001b7   Thumb Code     0  startup_stm32l476xx.o(.text)
    DMA1_Channel3_IRQHandler                 0x080001b7   Thumb Code     0  startup_stm32l476xx.o(.text)
    DMA1_Channel4_IRQHandler                 0x080001b7   Thumb Code     0  startup_stm32l476xx.o(.text)
    DMA1_Channel5_IRQHandler                 0x080001b7   Thumb Code     0  startup_stm32l476xx.o(.text)
    DMA1_Channel6_IRQHandler                 0x080001b7   Thumb Code     0  startup_stm32l476xx.o(.text)
    DMA1_Channel7_IRQHandler                 0x080001b7   Thumb Code     0  startup_stm32l476xx.o(.text)
    DMA2_Channel1_IRQHandler                 0x080001b7   Thumb Code     0  startup_stm32l476xx.o(.text)
    DMA2_Channel2_IRQHandler                 0x080001b7   Thumb Code     0  startup_stm32l476xx.o(.text)
    DMA2_Channel3_IRQHandler                 0x080001b7   Thumb Code     0  startup_stm32l476xx.o(.text)
    DMA2_Channel4_IRQHandler                 0x080001b7   Thumb Code     0  startup_stm32l476xx.o(.text)
    DMA2_Channel5_IRQHandler                 0x080001b7   Thumb Code     0  startup_stm32l476xx.o(.text)
    DMA2_Channel6_IRQHandler                 0x080001b7   Thumb Code     0  startup_stm32l476xx.o(.text)
    DMA2_Channel7_IRQHandler                 0x080001b7   Thumb Code     0  startup_stm32l476xx.o(.text)
    EXTI0_IRQHandler                         0x080001b7   Thumb Code     0  startup_stm32l476xx.o(.text)
    EXTI15_10_IRQHandler                     0x080001b7   Thumb Code     0  startup_stm32l476xx.o(.text)
    EXTI1_IRQHandler                         0x080001b7   Thumb Code     0  startup_stm32l476xx.o(.text)
    EXTI2_IRQHandler                         0x080001b7   Thumb Code     0  startup_stm32l476xx.o(.text)
    EXTI3_IRQHandler                         0x080001b7   Thumb Code     0  startup_stm32l476xx.o(.text)
    EXTI4_IRQHandler                         0x080001b7   Thumb Code     0  startup_stm32l476xx.o(.text)
    EXTI9_5_IRQHandler                       0x080001b7   Thumb Code     0  startup_stm32l476xx.o(.text)
    FLASH_IRQHandler                         0x080001b7   Thumb Code     0  startup_stm32l476xx.o(.text)
    FMC_IRQHandler                           0x080001b7   Thumb Code     0  startup_stm32l476xx.o(.text)
    FPU_IRQHandler                           0x080001b7   Thumb Code     0  startup_stm32l476xx.o(.text)
    I2C1_ER_IRQHandler                       0x080001b7   Thumb Code     0  startup_stm32l476xx.o(.text)
    I2C1_EV_IRQHandler                       0x080001b7   Thumb Code     0  startup_stm32l476xx.o(.text)
    I2C2_ER_IRQHandler                       0x080001b7   Thumb Code     0  startup_stm32l476xx.o(.text)
    I2C2_EV_IRQHandler                       0x080001b7   Thumb Code     0  startup_stm32l476xx.o(.text)
    I2C3_ER_IRQHandler                       0x080001b7   Thumb Code     0  startup_stm32l476xx.o(.text)
    I2C3_EV_IRQHandler                       0x080001b7   Thumb Code     0  startup_stm32l476xx.o(.text)
    LCD_IRQHandler                           0x080001b7   Thumb Code     0  startup_stm32l476xx.o(.text)
    LPTIM1_IRQHandler                        0x080001b7   Thumb Code     0  startup_stm32l476xx.o(.text)
    LPTIM2_IRQHandler                        0x080001b7   Thumb Code     0  startup_stm32l476xx.o(.text)
    LPUART1_IRQHandler                       0x080001b7   Thumb Code     0  startup_stm32l476xx.o(.text)
    OTG_FS_IRQHandler                        0x080001b7   Thumb Code     0  startup_stm32l476xx.o(.text)
    PVD_PVM_IRQHandler                       0x080001b7   Thumb Code     0  startup_stm32l476xx.o(.text)
    QUADSPI_IRQHandler                       0x080001b7   Thumb Code     0  startup_stm32l476xx.o(.text)
    RCC_IRQHandler                           0x080001b7   Thumb Code     0  startup_stm32l476xx.o(.text)
    RNG_IRQHandler                           0x080001b7   Thumb Code     0  startup_stm32l476xx.o(.text)
    RTC_Alarm_IRQHandler                     0x080001b7   Thumb Code     0  startup_stm32l476xx.o(.text)
    RTC_WKUP_IRQHandler                      0x080001b7   Thumb Code     0  startup_stm32l476xx.o(.text)
    SAI1_IRQHandler                          0x080001b7   Thumb Code     0  startup_stm32l476xx.o(.text)
    SAI2_IRQHandler                          0x080001b7   Thumb Code     0  startup_stm32l476xx.o(.text)
    SDMMC1_IRQHandler                        0x080001b7   Thumb Code     0  startup_stm32l476xx.o(.text)
    SPI1_IRQHandler                          0x080001b7   Thumb Code     0  startup_stm32l476xx.o(.text)
    SPI2_IRQHandler                          0x080001b7   Thumb Code     0  startup_stm32l476xx.o(.text)
    SPI3_IRQHandler                          0x080001b7   Thumb Code     0  startup_stm32l476xx.o(.text)
    SWPMI1_IRQHandler                        0x080001b7   Thumb Code     0  startup_stm32l476xx.o(.text)
    TAMP_STAMP_IRQHandler                    0x080001b7   Thumb Code     0  startup_stm32l476xx.o(.text)
    TIM1_BRK_TIM15_IRQHandler                0x080001b7   Thumb Code     0  startup_stm32l476xx.o(.text)
    TIM1_CC_IRQHandler                       0x080001b7   Thumb Code     0  startup_stm32l476xx.o(.text)
    TIM1_TRG_COM_TIM17_IRQHandler            0x080001b7   Thumb Code     0  startup_stm32l476xx.o(.text)
    TIM1_UP_TIM16_IRQHandler                 0x080001b7   Thumb Code     0  startup_stm32l476xx.o(.text)
    TIM2_IRQHandler                          0x080001b7   Thumb Code     0  startup_stm32l476xx.o(.text)
    TIM4_IRQHandler                          0x080001b7   Thumb Code     0  startup_stm32l476xx.o(.text)
    TIM5_IRQHandler                          0x080001b7   Thumb Code     0  startup_stm32l476xx.o(.text)
    TIM6_DAC_IRQHandler                      0x080001b7   Thumb Code     0  startup_stm32l476xx.o(.text)
    TIM7_IRQHandler                          0x080001b7   Thumb Code     0  startup_stm32l476xx.o(.text)
    TIM8_BRK_IRQHandler                      0x080001b7   Thumb Code     0  startup_stm32l476xx.o(.text)
    TIM8_CC_IRQHandler                       0x080001b7   Thumb Code     0  startup_stm32l476xx.o(.text)
    TIM8_TRG_COM_IRQHandler                  0x080001b7   Thumb Code     0  startup_stm32l476xx.o(.text)
    TIM8_UP_IRQHandler                       0x080001b7   Thumb Code     0  startup_stm32l476xx.o(.text)
    TSC_IRQHandler                           0x080001b7   Thumb Code     0  startup_stm32l476xx.o(.text)
    UART5_IRQHandler                         0x080001b7   Thumb Code     0  startup_stm32l476xx.o(.text)
    USART1_IRQHandler                        0x080001b7   Thumb Code     0  startup_stm32l476xx.o(.text)
    USART3_IRQHandler                        0x080001b7   Thumb Code     0  startup_stm32l476xx.o(.text)
    WWDG_IRQHandler                          0x080001b7   Thumb Code     0  startup_stm32l476xx.o(.text)
    __aeabi_uldivmod                         0x080001c1   Thumb Code    98  uldiv.o(.text)
    __aeabi_memcpy                           0x08000229   Thumb Code    36  memcpya.o(.text)
    __aeabi_memcpy4                          0x08000229   Thumb Code     0  memcpya.o(.text)
    __aeabi_memcpy8                          0x08000229   Thumb Code     0  memcpya.o(.text)
    __aeabi_memset                           0x0800024d   Thumb Code    14  memseta.o(.text)
    __aeabi_memset4                          0x0800024d   Thumb Code     0  memseta.o(.text)
    __aeabi_memset8                          0x0800024d   Thumb Code     0  memseta.o(.text)
    __aeabi_memclr                           0x0800025b   Thumb Code     4  memseta.o(.text)
    __aeabi_memclr4                          0x0800025b   Thumb Code     0  memseta.o(.text)
    __aeabi_memclr8                          0x0800025b   Thumb Code     0  memseta.o(.text)
    _memset$wrapper                          0x0800025f   Thumb Code    18  memseta.o(.text)
    strstr                                   0x08000271   Thumb Code    36  strstr.o(.text)
    strlen                                   0x08000295   Thumb Code    14  strlen.o(.text)
    strcmp                                   0x080002a3   Thumb Code    28  strcmp.o(.text)
    strcpy                                   0x080002bf   Thumb Code    18  strcpy.o(.text)
    strtok                                   0x080002d1   Thumb Code    62  strtok.o(.text)
    __aeabi_dadd                             0x08000315   Thumb Code   322  dadd.o(.text)
    __aeabi_dsub                             0x08000457   Thumb Code     6  dadd.o(.text)
    __aeabi_drsub                            0x0800045d   Thumb Code     6  dadd.o(.text)
    __aeabi_dmul                             0x08000473   Thumb Code   228  dmul.o(.text)
    __aeabi_ddiv                             0x0800055d   Thumb Code   222  ddiv.o(.text)
    __aeabi_i2d                              0x0800063b   Thumb Code    34  dflti.o(.text)
    __aeabi_d2iz                             0x0800065d   Thumb Code    62  dfixi.o(.text)
    __aeabi_uidiv                            0x0800069b   Thumb Code     0  uidiv.o(.text)
    __aeabi_uidivmod                         0x0800069b   Thumb Code    44  uidiv.o(.text)
    __aeabi_llsl                             0x080006c7   Thumb Code    30  llshl.o(.text)
    _ll_shift_l                              0x080006c7   Thumb Code     0  llshl.o(.text)
    __aeabi_llsr                             0x080006e5   Thumb Code    32  llushr.o(.text)
    _ll_ushift_r                             0x080006e5   Thumb Code     0  llushr.o(.text)
    __aeabi_lasr                             0x08000705   Thumb Code    36  llsshr.o(.text)
    _ll_sshift_r                             0x08000705   Thumb Code     0  llsshr.o(.text)
    __strtod_int                             0x0800075f   Thumb Code    90  strtod.o(.text)
    __I$use$fp                               0x080007c5   Thumb Code     0  iusefp.o(.text)
    _double_round                            0x080007c5   Thumb Code    30  depilogue.o(.text)
    _double_epilogue                         0x080007e3   Thumb Code   156  depilogue.o(.text)
    __scatterload                            0x08000881   Thumb Code    28  init.o(.text)
    __scatterload_rt2                        0x08000881   Thumb Code     0  init.o(.text)
    isspace                                  0x080008a5   Thumb Code    10  isspace_c.o(.text)
    _scanf_real                              0x080009b1   Thumb Code     0  scanf_fp.o(.text)
    _scanf_really_real                       0x080009b1   Thumb Code   556  scanf_fp.o(.text)
    _sgetc                                   0x08000bef   Thumb Code    30  _sgetc.o(.text)
    _sbackspace                              0x08000c0d   Thumb Code    34  _sgetc.o(.text)
    __ctype_lookup                           0x08000c31   Thumb Code    34  ctype_c.o(.text)
    __aeabi_ul2d                             0x08000c59   Thumb Code    24  dfltul.o(.text)
    __aeabi_d2f                              0x08000c71   Thumb Code    56  d2f.o(.text)
    _float_round                             0x08000ca9   Thumb Code    18  fepilogue.o(.text)
    _float_epilogue                          0x08000cbb   Thumb Code    92  fepilogue.o(.text)
    __decompress                             0x08000d17   Thumb Code     0  __dczerorl2.o(.text)
    __decompress1                            0x08000d17   Thumb Code    86  __dczerorl2.o(.text)
    BusFault_Handler                         0x08000d6d   Thumb Code     2  stm32l4xx_it.o(i.BusFault_Handler)
    DebugMon_Handler                         0x08000d6f   Thumb Code     2  stm32l4xx_it.o(i.DebugMon_Handler)
    HAL_Delay                                0x08000ddd   Thumb Code    28  stm32l4xx_hal.o(i.HAL_Delay)
    HAL_GPIO_Init                            0x08000df9   Thumb Code   414  stm32l4xx_hal_gpio.o(i.HAL_GPIO_Init)
    HAL_GPIO_WritePin                        0x08000fc3   Thumb Code    10  stm32l4xx_hal_gpio.o(i.HAL_GPIO_WritePin)
    HAL_GetTick                              0x08000fcd   Thumb Code     6  stm32l4xx_hal.o(i.HAL_GetTick)
    HAL_IncTick                              0x08000fd9   Thumb Code    10  stm32l4xx_hal.o(i.HAL_IncTick)
    HAL_Init                                 0x08000fe9   Thumb Code    22  stm32l4xx_hal.o(i.HAL_Init)
    HAL_InitTick                             0x08001001   Thumb Code    34  stm32l4xx_hal.o(i.HAL_InitTick)
    HAL_MspInit                              0x08001029   Thumb Code   122  stm32l4xx_hal_msp.o(i.HAL_MspInit)
    HAL_NVIC_EnableIRQ                       0x080010a9   Thumb Code    22  stm32l4xx_hal_cortex.o(i.HAL_NVIC_EnableIRQ)
    HAL_NVIC_SetPriority                     0x080010c1   Thumb Code    60  stm32l4xx_hal_cortex.o(i.HAL_NVIC_SetPriority)
    HAL_NVIC_SetPriorityGrouping             0x08001101   Thumb Code    26  stm32l4xx_hal_cortex.o(i.HAL_NVIC_SetPriorityGrouping)
    HAL_PWREx_ControlVoltageScaling          0x08001125   Thumb Code    86  stm32l4xx_hal_pwr_ex.o(i.HAL_PWREx_ControlVoltageScaling)
    HAL_PWREx_GetVoltageRange                0x08001189   Thumb Code    10  stm32l4xx_hal_pwr_ex.o(i.HAL_PWREx_GetVoltageRange)
    HAL_RCCEx_PeriphCLKConfig                0x08001199   Thumb Code   928  stm32l4xx_hal_rcc_ex.o(i.HAL_RCCEx_PeriphCLKConfig)
    HAL_RCC_ClockConfig                      0x08001549   Thumb Code   368  stm32l4xx_hal_rcc.o(i.HAL_RCC_ClockConfig)
    HAL_RCC_GetHCLKFreq                      0x080016c9   Thumb Code     6  stm32l4xx_hal_rcc.o(i.HAL_RCC_GetHCLKFreq)
    HAL_RCC_GetPCLK1Freq                     0x080016d5   Thumb Code    34  stm32l4xx_hal_rcc.o(i.HAL_RCC_GetPCLK1Freq)
    HAL_RCC_GetPCLK2Freq                     0x08001705   Thumb Code    34  stm32l4xx_hal_rcc.o(i.HAL_RCC_GetPCLK2Freq)
    HAL_RCC_GetSysClockFreq                  0x08001735   Thumb Code   238  stm32l4xx_hal_rcc.o(i.HAL_RCC_GetSysClockFreq)
    HAL_RCC_OscConfig                        0x08001831   Thumb Code  1152  stm32l4xx_hal_rcc.o(i.HAL_RCC_OscConfig)
    HAL_SYSTICK_CLKSourceConfig              0x08001cb1   Thumb Code    24  stm32l4xx_hal_cortex.o(i.HAL_SYSTICK_CLKSourceConfig)
    HAL_SYSTICK_Callback                     0x08001cc9   Thumb Code     2  stm32l4xx_hal_cortex.o(i.HAL_SYSTICK_Callback)
    HAL_SYSTICK_Config                       0x08001ccb   Thumb Code    40  stm32l4xx_hal_cortex.o(i.HAL_SYSTICK_Config)
    HAL_SYSTICK_IRQHandler                   0x08001cf3   Thumb Code     8  stm32l4xx_hal_cortex.o(i.HAL_SYSTICK_IRQHandler)
    HAL_TIMEx_BreakCallback                  0x08001cfb   Thumb Code     2  stm32l4xx_hal_tim_ex.o(i.HAL_TIMEx_BreakCallback)
    HAL_TIMEx_CommutationCallback            0x08001cfd   Thumb Code     2  stm32l4xx_hal_tim_ex.o(i.HAL_TIMEx_CommutationCallback)
    HAL_TIM_Base_Init                        0x08001cff   Thumb Code    54  stm32l4xx_hal_tim.o(i.HAL_TIM_Base_Init)
    HAL_TIM_Base_MspInit                     0x08001d35   Thumb Code     2  stm32l4xx_hal_tim.o(i.HAL_TIM_Base_MspInit)
    HAL_TIM_Base_Start                       0x08001d37   Thumb Code    26  stm32l4xx_hal_tim.o(i.HAL_TIM_Base_Start)
    HAL_TIM_Base_Start_IT                    0x08001d51   Thumb Code    24  stm32l4xx_hal_tim.o(i.HAL_TIM_Base_Start_IT)
    HAL_TIM_Base_Stop_IT                     0x08001d69   Thumb Code    42  stm32l4xx_hal_tim.o(i.HAL_TIM_Base_Stop_IT)
    HAL_TIM_IC_CaptureCallback               0x08001d93   Thumb Code     2  stm32l4xx_hal_tim.o(i.HAL_TIM_IC_CaptureCallback)
    HAL_TIM_IRQHandler                       0x08001d95   Thumb Code   358  stm32l4xx_hal_tim.o(i.HAL_TIM_IRQHandler)
    HAL_TIM_OC_DelayElapsedCallback          0x08001efb   Thumb Code     2  stm32l4xx_hal_tim.o(i.HAL_TIM_OC_DelayElapsedCallback)
    HAL_TIM_PWM_PulseFinishedCallback        0x08001efd   Thumb Code     2  stm32l4xx_hal_tim.o(i.HAL_TIM_PWM_PulseFinishedCallback)
    HAL_TIM_PeriodElapsedCallback            0x08001eff   Thumb Code     2  stm32l4xx_hal_tim.o(i.HAL_TIM_PeriodElapsedCallback)
    HAL_TIM_TriggerCallback                  0x08001f01   Thumb Code     2  stm32l4xx_hal_tim.o(i.HAL_TIM_TriggerCallback)
    HAL_UART_Init                            0x08001f03   Thumb Code   106  stm32l4xx_hal_uart.o(i.HAL_UART_Init)
    HAL_UART_MspInit                         0x08001f6d   Thumb Code   146  stm32l4xx_hal_msp.o(i.HAL_UART_MspInit)
    HAL_UART_Transmit                        0x0800200d   Thumb Code   180  stm32l4xx_hal_uart.o(i.HAL_UART_Transmit)
    HardFault_Handler                        0x080020c1   Thumb Code     2  stm32l4xx_it.o(i.HardFault_Handler)
    MemManage_Handler                        0x080020c3   Thumb Code     2  stm32l4xx_it.o(i.MemManage_Handler)
    NMI_Handler                              0x080020c5   Thumb Code     2  stm32l4xx_it.o(i.NMI_Handler)
    PendSV_Handler                           0x080020e7   Thumb Code     2  stm32l4xx_it.o(i.PendSV_Handler)
    SVC_Handler                              0x08002409   Thumb Code     2  stm32l4xx_it.o(i.SVC_Handler)
    SysTick_Handler                          0x0800240b   Thumb Code    14  stm32l4xx_it.o(i.SysTick_Handler)
    SystemClock_Config                       0x08002419   Thumb Code   136  main.o(i.SystemClock_Config)
    SystemInit                               0x080024a1   Thumb Code    56  system_stm32l4xx.o(i.SystemInit)
    TIM3_IRQHandler                          0x080024e5   Thumb Code    26  ofo_porting.o(i.TIM3_IRQHandler)
    TIM_Base_SetConfig                       0x08002505   Thumb Code   152  stm32l4xx_hal_tim.o(i.TIM_Base_SetConfig)
    UART4_IRQHandler                         0x080025bd   Thumb Code    44  ofo_porting.o(i.UART4_IRQHandler)
    UART_AdvFeatureConfig                    0x080025f5   Thumb Code   200  stm32l4xx_hal_uart.o(i.UART_AdvFeatureConfig)
    UART_CheckIdleState                      0x080026bd   Thumb Code    92  stm32l4xx_hal_uart.o(i.UART_CheckIdleState)
    UART_SetConfig                           0x08002719   Thumb Code   614  stm32l4xx_hal_uart.o(i.UART_SetConfig)
    UART_WaitOnFlagUntilTimeout              0x080029b1   Thumb Code   100  stm32l4xx_hal_uart.o(i.UART_WaitOnFlagUntilTimeout)
    USART2_IRQHandler                        0x08002a15   Thumb Code    44  ofo_porting.o(i.USART2_IRQHandler)
    UsageFault_Handler                       0x08002a4d   Thumb Code     2  stm32l4xx_it.o(i.UsageFault_Handler)
    _Error_Handler                           0x08002a4f   Thumb Code     2  main.o(i._Error_Handler)
    __0sprintf$3                             0x08002a51   Thumb Code    34  printf3.o(i.__0sprintf$3)
    __1sprintf$3                             0x08002a51   Thumb Code     0  printf3.o(i.__0sprintf$3)
    __2sprintf                               0x08002a51   Thumb Code     0  printf3.o(i.__0sprintf$3)
    __hardfp_strtod                          0x08002a79   Thumb Code    30  strtod.o(i.__hardfp_strtod)
    __scatterload_copy                       0x08002aa1   Thumb Code    14  handlers.o(i.__scatterload_copy)
    __scatterload_null                       0x08002aaf   Thumb Code     2  handlers.o(i.__scatterload_null)
    __scatterload_zeroinit                   0x08002ab1   Thumb Code    14  handlers.o(i.__scatterload_zeroinit)
    _is_digit                                0x0800323d   Thumb Code    14  scanf_fp.o(i._is_digit)
    gps_uart_rx_data_deal                    0x08003569   Thumb Code   198  ofo_gps.o(i.gps_uart_rx_data_deal)
    main                                     0x08003649   Thumb Code    56  main.o(i.main)
    ofoE_gprs_close                          0x08003689   Thumb Code    38  ofo_gprs.o(i.ofoE_gprs_close)
    ofoE_gprs_http_request_send              0x080036b5   Thumb Code    56  ofo_gprs.o(i.ofoE_gprs_http_request_send)
    ofoE_gprs_init                           0x080036f1   Thumb Code    30  ofo_gprs.o(i.ofoE_gprs_init)
    ofoE_gprs_response_data_deal             0x0800371d   Thumb Code   106  ofo_gprs.o(i.ofoE_gprs_response_data_deal)
    ofoE_gps_init                            0x08003795   Thumb Code    24  ofo_gps.o(i.ofoE_gps_init)
    ofoP_gprs_power_off                      0x080037b5   Thumb Code     2  ofo_porting.o(i.ofoP_gprs_power_off)
    ofoP_gprs_power_on                       0x080037b9   Thumb Code    36  ofo_porting.o(i.ofoP_gprs_power_on)
    ofoP_gprs_stop_timer                     0x080037e1   Thumb Code    26  ofo_porting.o(i.ofoP_gprs_stop_timer)
    ofoP_gprs_timer_start                    0x08003819   Thumb Code    26  ofo_porting.o(i.ofoP_gprs_timer_start)
    ofoP_gprs_uart_disable                   0x08003851   Thumb Code    14  ofo_porting.o(i.ofoP_gprs_uart_disable)
    ofoP_gprs_uart_enable                    0x08003865   Thumb Code    14  ofo_porting.o(i.ofoP_gprs_uart_enable)
    ofoP_gprs_uart_init                      0x08003879   Thumb Code    60  ofo_porting.o(i.ofoP_gprs_uart_init)
    ofoP_gprs_uart_send                      0x080038d9   Thumb Code    32  ofo_porting.o(i.ofoP_gprs_uart_send)
    ofoP_gprs_uart_send_timer_creat          0x08003915   Thumb Code   118  ofo_porting.o(i.ofoP_gprs_uart_send_timer_creat)
    ofoP_gps_power_on                        0x080039b1   Thumb Code    34  ofo_porting.o(i.ofoP_gps_power_on)
    ofoP_gps_uart_enable                     0x080039d9   Thumb Code    14  ofo_porting.o(i.ofoP_gps_uart_enable)
    ofoP_gps_uart_init                       0x080039ed   Thumb Code    62  ofo_porting.o(i.ofoP_gps_uart_init)
    ofoP_sleep_ms                            0x08003a4d   Thumb Code     4  ofo_porting.o(i.ofoP_sleep_ms)
    ofo_gprs_power_on_contorl_pin_init       0x08003a51   Thumb Code   164  main.o(i.ofo_gprs_power_on_contorl_pin_init)
    AHBPrescTable                            0x08003afc   Data          16  system_stm32l4xx.o(.constdata)
    MSIRangeTable                            0x08003b0c   Data          48  system_stm32l4xx.o(.constdata)
    APBPrescTable                            0x08003b3c   Data           8  system_stm32l4xx.o(.constdata)
    __ctype_categories                       0x08003b44   Data          64  ctype_c.o(.constdata)
    Region$$Table$$Base                      0x08003e44   Number         0  anon$$obj.o(Region$$Table)
    Region$$Table$$Limit                     0x08003e64   Number         0  anon$$obj.o(Region$$Table)
    gAtCmdCenter                             0x2000000c   Data         500  ofo_gprs.o(.data)
    uwTick                                   0x20000204   Data           4  stm32l4xx_hal.o(.data)
    SystemCoreClock                          0x20000208   Data           4  system_stm32l4xx.o(.data)
    gGpsPara                                 0x20000680   Data          24  ofo_gps.o(.bss)
    gOfoPortingPara                          0x200007b4   Data          12  ofo_porting.o(.bss)
    __initial_sp                             0x20000bc0   Data           0  startup_stm32l476xx.o(STACK)



==============================================================================

Memory Map of the image

  Image Entry point : 0x08000189

  Load Region LR_IROM1 (Base: 0x08000000, Size: 0x00004074, Max: 0x00100000, ABSOLUTE, COMPRESSED[0x00003f58])

    Execution Region ER_IROM1 (Base: 0x08000000, Size: 0x00003e64, Max: 0x00100000, ABSOLUTE)

    Base Addr    Size         Type   Attr      Idx    E Section Name        Object

    0x08000000   0x00000188   Data   RO         3759    RESET               startup_stm32l476xx.o
    0x08000188   0x00000000   Code   RO         3770  * .ARM.Collect$$$$00000000  mc_w.l(entry.o)
    0x08000188   0x00000004   Code   RO         4068    .ARM.Collect$$$$00000001  mc_w.l(entry2.o)
    0x0800018c   0x00000004   Code   RO         4071    .ARM.Collect$$$$00000004  mc_w.l(entry5.o)
    0x08000190   0x00000000   Code   RO         4073    .ARM.Collect$$$$00000008  mc_w.l(entry7b.o)
    0x08000190   0x00000000   Code   RO         4075    .ARM.Collect$$$$0000000A  mc_w.l(entry8b.o)
    0x08000190   0x00000008   Code   RO         4076    .ARM.Collect$$$$0000000B  mc_w.l(entry9a.o)
    0x08000198   0x00000000   Code   RO         4078    .ARM.Collect$$$$0000000D  mc_w.l(entry10a.o)
    0x08000198   0x00000000   Code   RO         4080    .ARM.Collect$$$$0000000F  mc_w.l(entry11a.o)
    0x08000198   0x00000004   Code   RO         4069    .ARM.Collect$$$$00002712  mc_w.l(entry2.o)
    0x0800019c   0x00000024   Code   RO         3760    .text               startup_stm32l476xx.o
    0x080001c0   0x00000068   Code   RO         3773    .text               mc_w.l(uldiv.o)
    0x08000228   0x00000024   Code   RO         3775    .text               mc_w.l(memcpya.o)
    0x0800024c   0x00000024   Code   RO         3777    .text               mc_w.l(memseta.o)
    0x08000270   0x00000024   Code   RO         3779    .text               mc_w.l(strstr.o)
    0x08000294   0x0000000e   Code   RO         3781    .text               mc_w.l(strlen.o)
    0x080002a2   0x0000001c   Code   RO         3783    .text               mc_w.l(strcmp.o)
    0x080002be   0x00000012   Code   RO         3785    .text               mc_w.l(strcpy.o)
    0x080002d0   0x00000044   Code   RO         3787    .text               mc_w.l(strtok.o)
    0x08000314   0x0000015e   Code   RO         4056    .text               mf_w.l(dadd.o)
    0x08000472   0x000000ea   Code   RO         4058    .text               mf_w.l(dmul.o)
    0x0800055c   0x000000de   Code   RO         4060    .text               mf_w.l(ddiv.o)
    0x0800063a   0x00000022   Code   RO         4064    .text               mf_w.l(dflti.o)
    0x0800065c   0x0000003e   Code   RO         4066    .text               mf_w.l(dfixi.o)
    0x0800069a   0x0000002c   Code   RO         4085    .text               mc_w.l(uidiv.o)
    0x080006c6   0x0000001e   Code   RO         4087    .text               mc_w.l(llshl.o)
    0x080006e4   0x00000020   Code   RO         4089    .text               mc_w.l(llushr.o)
    0x08000704   0x00000024   Code   RO         4091    .text               mc_w.l(llsshr.o)
    0x08000728   0x0000009c   Code   RO         4093    .text               mc_w.l(strtod.o)
    0x080007c4   0x00000000   Code   RO         4095    .text               mc_w.l(iusefp.o)
    0x080007c4   0x000000ba   Code   RO         4096    .text               mf_w.l(depilogue.o)
    0x0800087e   0x00000002   PAD
    0x08000880   0x00000024   Code   RO         4102    .text               mc_w.l(init.o)
    0x080008a4   0x0000000a   Code   RO         4105    .text               mc_w.l(isspace_c.o)
    0x080008ae   0x00000002   PAD
    0x080008b0   0x0000033e   Code   RO         4107    .text               mc_w.l(scanf_fp.o)
    0x08000bee   0x00000040   Code   RO         4111    .text               mc_w.l(_sgetc.o)
    0x08000c2e   0x00000002   PAD
    0x08000c30   0x00000028   Code   RO         4114    .text               mc_w.l(ctype_c.o)
    0x08000c58   0x00000018   Code   RO         4117    .text               mf_w.l(dfltul.o)
    0x08000c70   0x00000038   Code   RO         4119    .text               mf_w.l(d2f.o)
    0x08000ca8   0x0000006e   Code   RO         4121    .text               mf_w.l(fepilogue.o)
    0x08000d16   0x00000056   Code   RO         4131    .text               mc_w.l(__dczerorl2.o)
    0x08000d6c   0x00000002   Code   RO          194    i.BusFault_Handler  stm32l4xx_it.o
    0x08000d6e   0x00000002   Code   RO          195    i.DebugMon_Handler  stm32l4xx_it.o
    0x08000d70   0x0000006c   Code   RO          480    i.GpsEncodingToDegrees  ofo_gps.o
    0x08000ddc   0x0000001c   Code   RO         2462    i.HAL_Delay         stm32l4xx_hal.o
    0x08000df8   0x000001ca   Code   RO         2994    i.HAL_GPIO_Init     stm32l4xx_hal_gpio.o
    0x08000fc2   0x0000000a   Code   RO         2998    i.HAL_GPIO_WritePin  stm32l4xx_hal_gpio.o
    0x08000fcc   0x0000000c   Code   RO         2466    i.HAL_GetTick       stm32l4xx_hal.o
    0x08000fd8   0x00000010   Code   RO         2467    i.HAL_IncTick       stm32l4xx_hal.o
    0x08000fe8   0x00000016   Code   RO         2468    i.HAL_Init          stm32l4xx_hal.o
    0x08000ffe   0x00000002   PAD
    0x08001000   0x00000028   Code   RO         2469    i.HAL_InitTick      stm32l4xx_hal.o
    0x08001028   0x00000080   Code   RO          158    i.HAL_MspInit       stm32l4xx_hal_msp.o
    0x080010a8   0x00000016   Code   RO         1970    i.HAL_NVIC_EnableIRQ  stm32l4xx_hal_cortex.o
    0x080010be   0x00000002   PAD
    0x080010c0   0x00000040   Code   RO         1976    i.HAL_NVIC_SetPriority  stm32l4xx_hal_cortex.o
    0x08001100   0x00000024   Code   RO         1977    i.HAL_NVIC_SetPriorityGrouping  stm32l4xx_hal_cortex.o
    0x08001124   0x00000064   Code   RO          690    i.HAL_PWREx_ControlVoltageScaling  stm32l4xx_hal_pwr_ex.o
    0x08001188   0x00000010   Code   RO          721    i.HAL_PWREx_GetVoltageRange  stm32l4xx_hal_pwr_ex.o
    0x08001198   0x000003ae   Code   RO         3500    i.HAL_RCCEx_PeriphCLKConfig  stm32l4xx_hal_rcc_ex.o
    0x08001546   0x00000002   PAD
    0x08001548   0x00000180   Code   RO         3622    i.HAL_RCC_ClockConfig  stm32l4xx_hal_rcc.o
    0x080016c8   0x0000000c   Code   RO         3626    i.HAL_RCC_GetHCLKFreq  stm32l4xx_hal_rcc.o
    0x080016d4   0x00000030   Code   RO         3628    i.HAL_RCC_GetPCLK1Freq  stm32l4xx_hal_rcc.o
    0x08001704   0x00000030   Code   RO         3629    i.HAL_RCC_GetPCLK2Freq  stm32l4xx_hal_rcc.o
    0x08001734   0x000000fc   Code   RO         3630    i.HAL_RCC_GetSysClockFreq  stm32l4xx_hal_rcc.o
    0x08001830   0x00000480   Code   RO         3633    i.HAL_RCC_OscConfig  stm32l4xx_hal_rcc.o
    0x08001cb0   0x00000018   Code   RO         1979    i.HAL_SYSTICK_CLKSourceConfig  stm32l4xx_hal_cortex.o
    0x08001cc8   0x00000002   Code   RO         1980    i.HAL_SYSTICK_Callback  stm32l4xx_hal_cortex.o
    0x08001cca   0x00000028   Code   RO         1981    i.HAL_SYSTICK_Config  stm32l4xx_hal_cortex.o
    0x08001cf2   0x00000008   Code   RO         1982    i.HAL_SYSTICK_IRQHandler  stm32l4xx_hal_cortex.o
    0x08001cfa   0x00000002   Code   RO         2204    i.HAL_TIMEx_BreakCallback  stm32l4xx_hal_tim_ex.o
    0x08001cfc   0x00000002   Code   RO         2205    i.HAL_TIMEx_CommutationCallback  stm32l4xx_hal_tim_ex.o
    0x08001cfe   0x00000036   Code   RO          937    i.HAL_TIM_Base_Init  stm32l4xx_hal_tim.o
    0x08001d34   0x00000002   Code   RO          939    i.HAL_TIM_Base_MspInit  stm32l4xx_hal_tim.o
    0x08001d36   0x0000001a   Code   RO          940    i.HAL_TIM_Base_Start  stm32l4xx_hal_tim.o
    0x08001d50   0x00000018   Code   RO          942    i.HAL_TIM_Base_Start_IT  stm32l4xx_hal_tim.o
    0x08001d68   0x0000002a   Code   RO          945    i.HAL_TIM_Base_Stop_IT  stm32l4xx_hal_tim.o
    0x08001d92   0x00000002   Code   RO          966    i.HAL_TIM_IC_CaptureCallback  stm32l4xx_hal_tim.o
    0x08001d94   0x00000166   Code   RO          979    i.HAL_TIM_IRQHandler  stm32l4xx_hal_tim.o
    0x08001efa   0x00000002   Code   RO          982    i.HAL_TIM_OC_DelayElapsedCallback  stm32l4xx_hal_tim.o
    0x08001efc   0x00000002   Code   RO         1009    i.HAL_TIM_PWM_PulseFinishedCallback  stm32l4xx_hal_tim.o
    0x08001efe   0x00000002   Code   RO         1016    i.HAL_TIM_PeriodElapsedCallback  stm32l4xx_hal_tim.o
    0x08001f00   0x00000002   Code   RO         1020    i.HAL_TIM_TriggerCallback  stm32l4xx_hal_tim.o
    0x08001f02   0x0000006a   Code   RO         2676    i.HAL_UART_Init     stm32l4xx_hal_uart.o
    0x08001f6c   0x000000a0   Code   RO          160    i.HAL_UART_MspInit  stm32l4xx_hal_msp.o
    0x0800200c   0x000000b4   Code   RO         2684    i.HAL_UART_Transmit  stm32l4xx_hal_uart.o
    0x080020c0   0x00000002   Code   RO          196    i.HardFault_Handler  stm32l4xx_it.o
    0x080020c2   0x00000002   Code   RO          197    i.MemManage_Handler  stm32l4xx_it.o
    0x080020c4   0x00000002   Code   RO          198    i.NMI_Handler       stm32l4xx_it.o
    0x080020c6   0x00000020   Code   RO         1983    i.NVIC_SetPriority  stm32l4xx_hal_cortex.o
    0x080020e6   0x00000002   Code   RO          199    i.PendSV_Handler    stm32l4xx_it.o
    0x080020e8   0x00000168   Code   RO         3503    i.RCCEx_PLLSAI1_Config  stm32l4xx_hal_rcc_ex.o
    0x08002250   0x0000013c   Code   RO         3504    i.RCCEx_PLLSAI2_Config  stm32l4xx_hal_rcc_ex.o
    0x0800238c   0x0000007c   Code   RO         3634    i.RCC_SetFlashLatencyFromMSIRange  stm32l4xx_hal_rcc.o
    0x08002408   0x00000002   Code   RO          200    i.SVC_Handler       stm32l4xx_it.o
    0x0800240a   0x0000000e   Code   RO          201    i.SysTick_Handler   stm32l4xx_it.o
    0x08002418   0x00000088   Code   RO            4    i.SystemClock_Config  main.o
    0x080024a0   0x00000044   Code   RO         3723    i.SystemInit        system_stm32l4xx.o
    0x080024e4   0x00000020   Code   RO          525    i.TIM3_IRQHandler   ofo_porting.o
    0x08002504   0x000000b8   Code   RO         1021    i.TIM_Base_SetConfig  stm32l4xx_hal_tim.o
    0x080025bc   0x00000038   Code   RO          526    i.UART4_IRQHandler  ofo_porting.o
    0x080025f4   0x000000c8   Code   RO         2689    i.UART_AdvFeatureConfig  stm32l4xx_hal_uart.o
    0x080026bc   0x0000005c   Code   RO         2690    i.UART_CheckIdleState  stm32l4xx_hal_uart.o
    0x08002718   0x00000298   Code   RO         2704    i.UART_SetConfig    stm32l4xx_hal_uart.o
    0x080029b0   0x00000064   Code   RO         2705    i.UART_WaitOnFlagUntilTimeout  stm32l4xx_hal_uart.o
    0x08002a14   0x00000038   Code   RO          527    i.USART2_IRQHandler  ofo_porting.o
    0x08002a4c   0x00000002   Code   RO          202    i.UsageFault_Handler  stm32l4xx_it.o
    0x08002a4e   0x00000002   Code   RO            5    i._Error_Handler    main.o
    0x08002a50   0x00000028   Code   RO         3886    i.__0sprintf$3      mc_w.l(printf3.o)
    0x08002a78   0x00000028   Code   RO         3764    i.__hardfp_strtod   m_wm.l(strtod.o)
    0x08002aa0   0x0000000e   Code   RO         4125    i.__scatterload_copy  mc_w.l(handlers.o)
    0x08002aae   0x00000002   Code   RO         4126    i.__scatterload_null  mc_w.l(handlers.o)
    0x08002ab0   0x0000000e   Code   RO         4127    i.__scatterload_zeroinit  mc_w.l(handlers.o)
    0x08002abe   0x00000002   PAD
    0x08002ac0   0x00000030   Code   RO          270    i._at_cfun1_exit_response_deal  ofo_gprs.o
    0x08002af0   0x00000034   Code   RO          271    i._at_cfun_enter_response_deal  ofo_gprs.o
    0x08002b24   0x00000094   Code   RO          272    i._at_cgreg_response_deal  ofo_gprs.o
    0x08002bb8   0x00000030   Code   RO          273    i._at_cimi_cmd_reponse_deal  ofo_gprs.o
    0x08002be8   0x00000030   Code   RO          274    i._at_close_echo_response_deal  ofo_gprs.o
    0x08002c18   0x00000084   Code   RO          275    i._at_cpin_response_deal  ofo_gprs.o
    0x08002c9c   0x00000080   Code   RO          276    i._at_csq_response_deal  ofo_gprs.o
    0x08002d1c   0x00000002   Code   RO          277    i._at_dummy_deal    ofo_gprs.o
    0x08002d1e   0x00000002   PAD
    0x08002d20   0x00000038   Code   RO          278    i._at_enter_sleep_response_deal  ofo_gprs.o
    0x08002d58   0x00000060   Code   RO          279    i._at_gsv_response_deal  ofo_gprs.o
    0x08002db8   0x00000030   Code   RO          280    i._at_httpinit_response_deal  ofo_gprs.o
    0x08002de8   0x00000030   Code   RO          281    i._at_httppara1_response_deal  ofo_gprs.o
    0x08002e18   0x00000030   Code   RO          282    i._at_httppara2_response_deal  ofo_gprs.o
    0x08002e48   0x00000030   Code   RO          283    i._at_httppara3_response_deal  ofo_gprs.o
    0x08002e78   0x00000034   Code   RO          284    i._at_httppara4_response_deal  ofo_gprs.o
    0x08002eac   0x0000006c   Code   RO          285    i._at_httppost_action_response_deal  ofo_gprs.o
    0x08002f18   0x00000030   Code   RO          286    i._at_httppost_pre1_response_deal  ofo_gprs.o
    0x08002f48   0x00000034   Code   RO          287    i._at_httppost_pre_response_deal  ofo_gprs.o
    0x08002f7c   0x00000038   Code   RO          288    i._at_httpread_response_deal  ofo_gprs.o
    0x08002fb4   0x00000030   Code   RO          289    i._at_httpterm_response_deal  ofo_gprs.o
    0x08002fe4   0x00000044   Code   RO          290    i._at_link_check_response_deal  ofo_gprs.o
    0x08003028   0x000000ec   Code   RO          291    i._at_request_cmd   ofo_gprs.o
    0x08003114   0x00000030   Code   RO          292    i._at_sapbr1_response_deal  ofo_gprs.o
    0x08003144   0x00000030   Code   RO          293    i._at_sapbr2_response_deal  ofo_gprs.o
    0x08003174   0x00000058   Code   RO          294    i._at_sapbr3_response_deal  ofo_gprs.o
    0x080031cc   0x00000030   Code   RO          295    i._at_sapbr4_response_deal  ofo_gprs.o
    0x080031fc   0x00000028   Code   RO          296    i._gprs_establish_connection  ofo_gprs.o
    0x08003224   0x00000018   Code   RO          297    i._gprs_timer_handler  ofo_gprs.o
    0x0800323c   0x0000000e   Code   RO         4109    i._is_digit         mc_w.l(scanf_fp.o)
    0x0800324a   0x00000002   PAD
    0x0800324c   0x000001be   Code   RO         3891    i._printf_core      mc_w.l(printf3.o)
    0x0800340a   0x0000000a   Code   RO         3893    i._sputc            mc_w.l(printf3.o)
    0x08003414   0x00000040   Code   RO          298    i._string_find      ofo_gprs.o
    0x08003454   0x00000114   Code   RO          299    i.gprs_uart_rx_data_deal  ofo_gprs.o
    0x08003568   0x000000e0   Code   RO          481    i.gps_uart_rx_data_deal  ofo_gps.o
    0x08003648   0x00000040   Code   RO            6    i.main              main.o
    0x08003688   0x0000002c   Code   RO          300    i.ofoE_gprs_close   ofo_gprs.o
    0x080036b4   0x0000003c   Code   RO          302    i.ofoE_gprs_http_request_send  ofo_gprs.o
    0x080036f0   0x0000002c   Code   RO          303    i.ofoE_gprs_init    ofo_gprs.o
    0x0800371c   0x00000078   Code   RO          304    i.ofoE_gprs_response_data_deal  ofo_gprs.o
    0x08003794   0x00000020   Code   RO          484    i.ofoE_gps_init     ofo_gps.o
    0x080037b4   0x00000002   Code   RO          528    i.ofoP_gprs_power_off  ofo_porting.o
    0x080037b6   0x00000002   PAD
    0x080037b8   0x00000028   Code   RO          529    i.ofoP_gprs_power_on  ofo_porting.o
    0x080037e0   0x00000038   Code   RO          530    i.ofoP_gprs_stop_timer  ofo_porting.o
    0x08003818   0x00000038   Code   RO          531    i.ofoP_gprs_timer_start  ofo_porting.o
    0x08003850   0x00000014   Code   RO          532    i.ofoP_gprs_uart_disable  ofo_porting.o
    0x08003864   0x00000014   Code   RO          533    i.ofoP_gprs_uart_enable  ofo_porting.o
    0x08003878   0x00000060   Code   RO          534    i.ofoP_gprs_uart_init  ofo_porting.o
    0x080038d8   0x0000003c   Code   RO          535    i.ofoP_gprs_uart_send  ofo_porting.o
    0x08003914   0x0000009c   Code   RO          536    i.ofoP_gprs_uart_send_timer_creat  ofo_porting.o
    0x080039b0   0x00000028   Code   RO          538    i.ofoP_gps_power_on  ofo_porting.o
    0x080039d8   0x00000014   Code   RO          540    i.ofoP_gps_uart_enable  ofo_porting.o
    0x080039ec   0x00000060   Code   RO          541    i.ofoP_gps_uart_init  ofo_porting.o
    0x08003a4c   0x00000004   Code   RO          542    i.ofoP_sleep_ms     ofo_porting.o
    0x08003a50   0x000000ac   Code   RO            7    i.ofo_gprs_power_on_contorl_pin_init  main.o
    0x08003afc   0x00000040   Data   RO         3724    .constdata          system_stm32l4xx.o
    0x08003b3c   0x00000008   Data   RO         3725    .constdata          system_stm32l4xx.o
    0x08003b44   0x00000040   Data   RO         4115    .constdata          mc_w.l(ctype_c.o)
    0x08003b84   0x000000fe   Data   RO            8    .conststring        main.o
    0x08003c82   0x00000002   PAD
    0x08003c84   0x000001bd   Data   RO          306    .conststring        ofo_gprs.o
    0x08003e41   0x00000003   PAD
    0x08003e44   0x00000020   Data   RO         4123    Region$$Table       anon$$obj.o


    Execution Region RW_IRAM1 (Base: 0x20000000, Size: 0x00000bc0, Max: 0x00018000, ABSOLUTE, COMPRESSED[0x000000f4])

    Base Addr    Size         Type   Attr      Idx    E Section Name        Object

    0x20000000   0x00000200   Data   RW          307    .data               ofo_gprs.o
    0x20000200   0x00000002   Data   RW          486    .data               ofo_gps.o
    0x20000202   0x00000002   Data   RW          544    .data               ofo_porting.o
    0x20000204   0x00000004   Data   RW         2484    .data               stm32l4xx_hal.o
    0x20000208   0x00000004   Data   RW         3726    .data               system_stm32l4xx.o
    0x2000020c   0x00000004   Data   RW         3788    .data               mc_w.l(strtok.o)
    0x20000210   0x000003f0   Zero   RW          305    .bss                ofo_gprs.o
    0x20000600   0x00000098   Zero   RW          485    .bss                ofo_gps.o
    0x20000698   0x00000128   Zero   RW          543    .bss                ofo_porting.o
    0x200007c0   0x00000400   Zero   RW         3757    STACK               startup_stm32l476xx.o


==============================================================================

Image component sizes


      Code (inc. data)   RO Data    RW Data    ZI Data      Debug   Object Name

       374         16        254          0          0     828250   main.o
      2522        618        445        512       1008      20023   ofo_gprs.o
       364         56          0          2        152       2575   ofo_gps.o
       810        254          0          2        296       9436   ofo_porting.o
        36          8        392          0       1024        800   startup_stm32l476xx.o
       118         18          0          4          0       4107   stm32l4xx_hal.o
       228         14          0          0          0      32089   stm32l4xx_hal_cortex.o
       468         38          0          0          0       2516   stm32l4xx_hal_gpio.o
       288         20          0          0          0       1673   stm32l4xx_hal_msp.o
       116         20          0          0          0       1350   stm32l4xx_hal_pwr_ex.o
      2020         96          0          0          0       7236   stm32l4xx_hal_rcc.o
      1618         40          0          0          0       4164   stm32l4xx_hal_rcc_ex.o
       700         32          0          0          0       8796   stm32l4xx_hal_tim.o
         4          0          0          0          0       1682   stm32l4xx_hal_tim_ex.o
      1342         70          0          0          0       6257   stm32l4xx_hal_uart.o
        30          0          0          0          0       4082   stm32l4xx_it.o
        68         12         72          4          0       1197   system_stm32l4xx.o

    ----------------------------------------------------------------------
     11116       1312       1200        524       2480     936233   Object Totals
         0          0         32          0          0          0   (incl. Generated)
        10          0          5          0          0          0   (incl. Padding)

    ----------------------------------------------------------------------

      Code (inc. data)   RO Data    RW Data    ZI Data      Debug   Library Member Name

        40         10          0          0          0        128   strtod.o
        86          0          0          0          0          0   __dczerorl2.o
        64          0          0          0          0         84   _sgetc.o
        40          6         64          0          0         68   ctype_c.o
         0          0          0          0          0          0   entry.o
         0          0          0          0          0          0   entry10a.o
         0          0          0          0          0          0   entry11a.o
         8          4          0          0          0          0   entry2.o
         4          0          0          0          0          0   entry5.o
         0          0          0          0          0          0   entry7b.o
         0          0          0          0          0          0   entry8b.o
         8          4          0          0          0          0   entry9a.o
        30          0          0          0          0          0   handlers.o
        36          8          0          0          0         68   init.o
        10          0          0          0          0         68   isspace_c.o
         0          0          0          0          0          0   iusefp.o
        30          0          0          0          0         68   llshl.o
        36          0          0          0          0         68   llsshr.o
        32          0          0          0          0         68   llushr.o
        36          0          0          0          0         68   memcpya.o
        36          0          0          0          0        108   memseta.o
       496         10          0          0          0        252   printf3.o
       844         12          0          0          0        216   scanf_fp.o
        28          0          0          0          0         76   strcmp.o
        18          0          0          0          0         68   strcpy.o
        14          0          0          0          0         68   strlen.o
        36          0          0          0          0         80   strstr.o
       156         12          0          0          0        120   strtod.o
        68          6          0          4          0         80   strtok.o
        44          0          0          0          0         80   uidiv.o
       104          0          0          0          0         92   uldiv.o
        56          0          0          0          0         88   d2f.o
       350          0          0          0          0        148   dadd.o
       222          0          0          0          0        100   ddiv.o
       186          0          0          0          0        176   depilogue.o
        62          0          0          0          0         80   dfixi.o
        34          0          0          0          0         76   dflti.o
        24          0          0          0          0         76   dfltul.o
       234          0          0          0          0         96   dmul.o
       110          0          0          0          0        168   fepilogue.o

    ----------------------------------------------------------------------
      3592         72         64          4          0       2936   Library Totals
        10          0          0          0          0          0   (incl. Padding)

    ----------------------------------------------------------------------

      Code (inc. data)   RO Data    RW Data    ZI Data      Debug   Library Name

        40         10          0          0          0        128   m_wm.l
      2264         62         64          4          0       1800   mc_w.l
      1278          0          0          0          0       1008   mf_w.l

    ----------------------------------------------------------------------
      3592         72         64          4          0       2936   Library Totals

    ----------------------------------------------------------------------

==============================================================================


      Code (inc. data)   RO Data    RW Data    ZI Data      Debug   

     14708       1384       1264        528       2480     926997   Grand Totals
     14708       1384       1264        244       2480     926997   ELF Image Totals (compressed)
     14708       1384       1264        244          0          0   ROM Totals

==============================================================================

    Total RO  Size (Code + RO Data)                15972 (  15.60kB)
    Total RW  Size (RW Data + ZI Data)              3008 (   2.94kB)
    Total ROM Size (Code + RO Data + RW Data)      16216 (  15.84kB)

==============================================================================

