Component: ARM Compiler 5.06 update 4 (build 422) Tool: armlink [4d35d2]

==============================================================================

Section Cross References

    main.o(i.SystemClock_Config) refers to stm32l4xx_hal_rcc.o(i.HAL_RCC_OscConfig) for HAL_RCC_OscConfig
    main.o(i.SystemClock_Config) refers to stm32l4xx_hal_rcc.o(i.HAL_RCC_ClockConfig) for HAL_RCC_ClockConfig
    main.o(i.SystemClock_Config) refers to stm32l4xx_hal_rcc_ex.o(i.HAL_RCCEx_PeriphCLKConfig) for HAL_RCCEx_PeriphCLKConfig
    main.o(i.SystemClock_Config) refers to stm32l4xx_hal_pwr_ex.o(i.HAL_PWREx_ControlVoltageScaling) for HAL_PWREx_ControlVoltageScaling
    main.o(i.SystemClock_Config) refers to stm32l4xx_hal_rcc.o(i.HAL_RCC_GetHCLKFreq) for HAL_RCC_GetHCLKFreq
    main.o(i.SystemClock_Config) refers to stm32l4xx_hal_cortex.o(i.HAL_SYSTICK_Config) for HAL_SYSTICK_Config
    main.o(i.SystemClock_Config) refers to stm32l4xx_hal_cortex.o(i.HAL_SYSTICK_CLKSourceConfig) for HAL_SYSTICK_CLKSourceConfig
    main.o(i.SystemClock_Config) refers to stm32l4xx_hal_cortex.o(i.HAL_NVIC_SetPriority) for HAL_NVIC_SetPriority
    main.o(i.main) refers to stm32l4xx_hal.o(i.HAL_Init) for HAL_Init
    main.o(i.main) refers to main.o(i.SystemClock_Config) for SystemClock_Config
    main.o(i.main) refers to ofo_gprs.o(i.gprs_init) for gprs_init
    main.o(i.main) refers to ofo_gprs.o(i.gprs_response_data_deal) for gprs_response_data_deal
    main.o(i.main) refers to ofo_gprs.o(i.gprs_http_request_send) for gprs_http_request_send
    main.o(i.main) refers to main.o(.conststring) for .conststring
    stm32l4xx_hal_msp.o(i.HAL_MspInit) refers to stm32l4xx_hal_cortex.o(i.HAL_NVIC_SetPriorityGrouping) for HAL_NVIC_SetPriorityGrouping
    stm32l4xx_hal_msp.o(i.HAL_MspInit) refers to stm32l4xx_hal_cortex.o(i.HAL_NVIC_SetPriority) for HAL_NVIC_SetPriority
    stm32l4xx_hal_msp.o(i.HAL_UART_MspDeInit) refers to stm32l4xx_hal_gpio.o(i.HAL_GPIO_DeInit) for HAL_GPIO_DeInit
    stm32l4xx_hal_msp.o(i.HAL_UART_MspDeInit) refers to stm32l4xx_hal_cortex.o(i.HAL_NVIC_DisableIRQ) for HAL_NVIC_DisableIRQ
    stm32l4xx_hal_msp.o(i.HAL_UART_MspInit) refers to stm32l4xx_hal_gpio.o(i.HAL_GPIO_Init) for HAL_GPIO_Init
    stm32l4xx_hal_msp.o(i.HAL_UART_MspInit) refers to stm32l4xx_hal_cortex.o(i.HAL_NVIC_SetPriority) for HAL_NVIC_SetPriority
    stm32l4xx_hal_msp.o(i.HAL_UART_MspInit) refers to stm32l4xx_hal_cortex.o(i.HAL_NVIC_EnableIRQ) for HAL_NVIC_EnableIRQ
    stm32l4xx_it.o(i.SysTick_Handler) refers to stm32l4xx_hal.o(i.HAL_IncTick) for HAL_IncTick
    stm32l4xx_it.o(i.SysTick_Handler) refers to stm32l4xx_hal_cortex.o(i.HAL_SYSTICK_IRQHandler) for HAL_SYSTICK_IRQHandler
    stm32l4xx_it.o(i.USART2_IRQHandler) refers to ofo_gprs.o(i.gprs_uart_rx_data_deal) for gprs_uart_rx_data_deal
    stm32l4xx_it.o(i.USART2_IRQHandler) refers to stm32l4xx_it.o(.data) for .data
    base64.o(i.Base64decode) refers to base64.o(.constdata) for .constdata
    base64.o(i.Base64decode_len) refers to base64.o(.constdata) for .constdata
    base64.o(i.Base64encode) refers to base64.o(.constdata) for .constdata
    json_utils.o(i.OfoJsonCmbData) refers to strlen.o(.text) for strlen
    json_utils.o(i.OfoJsonCmbData) refers to json_utils.o(i.strdup) for strdup
    json_utils.o(i.OfoJsonCmbData) refers to memcpya.o(.text) for __aeabi_memcpy
    json_utils.o(i.OfoJsonCmbData) refers to malloc.o(i.free) for free
    json_utils.o(i.OfoJsonCmbData) refers to json_utils.o(.data) for .data
    json_utils.o(i.copyString) refers to memcpya.o(.text) for __aeabi_memcpy
    json_utils.o(i.strdup) refers to strlen.o(.text) for strlen
    json_utils.o(i.strdup) refers to malloc.o(i.free) for free
    json_utils.o(i.strdup) refers to malloc.o(i.malloc) for malloc
    json_utils.o(i.strdup) refers to memcpya.o(.text) for __aeabi_memcpy
    json_utils.o(i.strdup) refers to json_utils.o(.data) for .data
    ofo_gprs.o(i.TIM3_IRQHandler) refers to stm32l4xx_hal_tim.o(i.HAL_TIM_IRQHandler) for HAL_TIM_IRQHandler
    ofo_gprs.o(i.TIM3_IRQHandler) refers to ofo_gprs.o(i._at_request_cmd) for _at_request_cmd
    ofo_gprs.o(i.TIM3_IRQHandler) refers to ofo_gprs.o(.bss) for .bss
    ofo_gprs.o(i._at_cfun1_exit_response_deal) refers to strstr.o(.text) for strstr
    ofo_gprs.o(i._at_cfun1_exit_response_deal) refers to memseta.o(.text) for __aeabi_memclr
    ofo_gprs.o(i._at_cfun1_exit_response_deal) refers to ofo_gprs.o(.bss) for .bss
    ofo_gprs.o(i._at_cfun_enter_response_deal) refers to strstr.o(.text) for strstr
    ofo_gprs.o(i._at_cfun_enter_response_deal) refers to memseta.o(.text) for __aeabi_memclr
    ofo_gprs.o(i._at_cfun_enter_response_deal) refers to ofo_gprs.o(.bss) for .bss
    ofo_gprs.o(i._at_cgreg_response_deal) refers to strstr.o(.text) for strstr
    ofo_gprs.o(i._at_cgreg_response_deal) refers to memseta.o(.text) for __aeabi_memclr
    ofo_gprs.o(i._at_cgreg_response_deal) refers to strlen.o(.text) for strlen
[...]
    Removing stm32l4xx_hal_tim_ex.o(i.HAL_TIMEx_ConfigCommutationEvent_DMA), (124 bytes).
    Removing stm32l4xx_hal_tim_ex.o(i.HAL_TIMEx_ConfigCommutationEvent_IT), (102 bytes).
    Removing stm32l4xx_hal_tim_ex.o(i.HAL_TIMEx_GroupChannel5), (56 bytes).
    Removing stm32l4xx_hal_tim_ex.o(i.HAL_TIMEx_HallSensor_DeInit), (56 bytes).
    Removing stm32l4xx_hal_tim_ex.o(i.HAL_TIMEx_HallSensor_GetState), (6 bytes).
    Removing stm32l4xx_hal_tim_ex.o(i.HAL_TIMEx_HallSensor_Init), (192 bytes).
    Removing stm32l4xx_hal_tim_ex.o(i.HAL_TIMEx_HallSensor_MspDeInit), (2 bytes).
    Removing stm32l4xx_hal_tim_ex.o(i.HAL_TIMEx_HallSensor_MspInit), (2 bytes).
    Removing stm32l4xx_hal_tim_ex.o(i.HAL_TIMEx_HallSensor_Start), (28 bytes).
    Removing stm32l4xx_hal_tim_ex.o(i.HAL_TIMEx_HallSensor_Start_DMA), (104 bytes).
    Removing stm32l4xx_hal_tim_ex.o(i.HAL_TIMEx_HallSensor_Start_IT), (38 bytes).
    Removing stm32l4xx_hal_tim_ex.o(i.HAL_TIMEx_HallSensor_Stop), (46 bytes).
    Removing stm32l4xx_hal_tim_ex.o(i.HAL_TIMEx_HallSensor_Stop_DMA), (56 bytes).
    Removing stm32l4xx_hal_tim_ex.o(i.HAL_TIMEx_HallSensor_Stop_IT), (56 bytes).
    Removing stm32l4xx_hal_tim_ex.o(i.HAL_TIMEx_MasterConfigSynchronization), (88 bytes).
    Removing stm32l4xx_hal_tim_ex.o(i.HAL_TIMEx_OCN_Start), (36 bytes).
    Removing stm32l4xx_hal_tim_ex.o(i.HAL_TIMEx_OCN_Start_DMA), (220 bytes).
    Removing stm32l4xx_hal_tim_ex.o(i.HAL_TIMEx_OCN_Start_IT), (96 bytes).
    Removing stm32l4xx_hal_tim_ex.o(i.HAL_TIMEx_OCN_Stop), (68 bytes).
    Removing stm32l4xx_hal_tim_ex.o(i.HAL_TIMEx_OCN_Stop_DMA), (124 bytes).
    Removing stm32l4xx_hal_tim_ex.o(i.HAL_TIMEx_OCN_Stop_IT), (134 bytes).
    Removing stm32l4xx_hal_tim_ex.o(i.HAL_TIMEx_OnePulseN_Start), (26 bytes).
    Removing stm32l4xx_hal_tim_ex.o(i.HAL_TIMEx_OnePulseN_Start_IT), (46 bytes).
    Removing stm32l4xx_hal_tim_ex.o(i.HAL_TIMEx_OnePulseN_Stop), (68 bytes).
    Removing stm32l4xx_hal_tim_ex.o(i.HAL_TIMEx_OnePulseN_Stop_IT), (88 bytes).
    Removing stm32l4xx_hal_tim_ex.o(i.HAL_TIMEx_PWMN_Start), (36 bytes).
    Removing stm32l4xx_hal_tim_ex.o(i.HAL_TIMEx_PWMN_Start_DMA), (220 bytes).
    Removing stm32l4xx_hal_tim_ex.o(i.HAL_TIMEx_PWMN_Start_IT), (96 bytes).
    Removing stm32l4xx_hal_tim_ex.o(i.HAL_TIMEx_PWMN_Stop), (68 bytes).
    Removing stm32l4xx_hal_tim_ex.o(i.HAL_TIMEx_PWMN_Stop_DMA), (124 bytes).
    Removing stm32l4xx_hal_tim_ex.o(i.HAL_TIMEx_PWMN_Stop_IT), (134 bytes).
    Removing stm32l4xx_hal_tim_ex.o(i.HAL_TIMEx_RemapConfig), (100 bytes).
    Removing stm32l4xx_hal_tim_ex.o(i.TIMEx_DMACommutationCplt), (16 bytes).
    Removing stm32l4xx_hal_tim_ex.o(i.TIM_CCxNChannelCmd), (22 bytes).
    Removing stm32l4xx_hal.o(.rev16_text), (4 bytes).
    Removing stm32l4xx_hal.o(.revsh_text), (4 bytes).
    Removing stm32l4xx_hal.o(.rrx_text), (6 bytes).
    Removing stm32l4xx_hal.o(i.HAL_DBGMCU_DisableDBGSleepMode), (16 bytes).
    Removing stm32l4xx_hal.o(i.HAL_DBGMCU_DisableDBGStandbyMode), (16 bytes).
    Removing stm32l4xx_hal.o(i.HAL_DBGMCU_DisableDBGStopMode), (16 bytes).
    Removing stm32l4xx_hal.o(i.HAL_DBGMCU_EnableDBGSleepMode), (16 bytes).
    Removing stm32l4xx_hal.o(i.HAL_DBGMCU_EnableDBGStandbyMode), (16 bytes).
    Removing stm32l4xx_hal.o(i.HAL_DBGMCU_EnableDBGStopMode), (16 bytes).
    Removing stm32l4xx_hal.o(i.HAL_DeInit), (44 bytes).
    Removing stm32l4xx_hal.o(i.HAL_GetDEVID), (16 bytes).
    Removing stm32l4xx_hal.o(i.HAL_GetHalVersion), (8 bytes).
    Removing stm32l4xx_hal.o(i.HAL_GetREVID), (12 bytes).
    Removing stm32l4xx_hal.o(i.HAL_MspDeInit), (2 bytes).
    Removing stm32l4xx_hal.o(i.HAL_MspInit), (2 bytes).
    Removing stm32l4xx_hal.o(i.HAL_ResumeTick), (14 bytes).
    Removing stm32l4xx_hal.o(i.HAL_SYSCFG_DisableIOAnalogSwitchBooster), (16 bytes).
    Removing stm32l4xx_hal.o(i.HAL_SYSCFG_DisableMemorySwappingBank), (12 bytes).
    Removing stm32l4xx_hal.o(i.HAL_SYSCFG_DisableVREFBUF), (16 bytes).
    Removing stm32l4xx_hal.o(i.HAL_SYSCFG_EnableIOAnalogSwitchBooster), (16 bytes).
    Removing stm32l4xx_hal.o(i.HAL_SYSCFG_EnableMemorySwappingBank), (12 bytes).
    Removing stm32l4xx_hal.o(i.HAL_SYSCFG_EnableVREFBUF), (48 bytes).
    Removing stm32l4xx_hal.o(i.HAL_SYSCFG_SRAM2Erase), (28 bytes).
    Removing stm32l4xx_hal.o(i.HAL_SYSCFG_VREFBUF_HighImpedanceConfig), (20 bytes).
    Removing stm32l4xx_hal.o(i.HAL_SYSCFG_VREFBUF_TrimmingConfig), (20 bytes).
    Removing stm32l4xx_hal.o(i.HAL_SYSCFG_VREFBUF_VoltageScalingConfig), (20 bytes).
    Removing stm32l4xx_hal.o(i.HAL_SuspendTick), (14 bytes).
    Removing stm32l4xx_hal_uart.o(.rev16_text), (4 bytes).
    Removing stm32l4xx_hal_uart.o(.revsh_text), (4 bytes).
    Removing stm32l4xx_hal_uart.o(.rrx_text), (6 bytes).
    Removing stm32l4xx_hal_uart.o(i.HAL_HalfDuplex_EnableReceiver), (58 bytes).
    Removing stm32l4xx_hal_uart.o(i.HAL_HalfDuplex_EnableTransmitter), (58 bytes).
    Removing stm32l4xx_hal_uart.o(i.HAL_HalfDuplex_Init), (116 bytes).
    Removing stm32l4xx_hal_uart.o(i.HAL_LIN_Init), (140 bytes).
    Removing stm32l4xx_hal_uart.o(i.HAL_LIN_SendBreak), (46 bytes).
    Removing stm32l4xx_hal_uart.o(i.HAL_MultiProcessor_DisableMuteMode), (44 bytes).
    Removing stm32l4xx_hal_uart.o(i.HAL_MultiProcessor_EnableMuteMode), (44 bytes).
    Removing stm32l4xx_hal_uart.o(i.HAL_MultiProcessor_EnterMuteMode), (12 bytes).
    Removing stm32l4xx_hal_uart.o(i.HAL_MultiProcessor_Init), (138 bytes).
    Removing stm32l4xx_hal_uart.o(i.HAL_UART_Abort), (112 bytes).
    Removing stm32l4xx_hal_uart.o(i.HAL_UART_AbortCpltCallback), (2 bytes).
    Removing stm32l4xx_hal_uart.o(i.HAL_UART_AbortReceive), (76 bytes).
    Removing stm32l4xx_hal_uart.o(i.HAL_UART_AbortReceiveCpltCallback), (2 bytes).
    Removing stm32l4xx_hal_uart.o(i.HAL_UART_AbortReceive_IT), (108 bytes).
    Removing stm32l4xx_hal_uart.o(i.HAL_UART_AbortTransmit), (58 bytes).
    Removing stm32l4xx_hal_uart.o(i.HAL_UART_AbortTransmitCpltCallback), (2 bytes).
    Removing stm32l4xx_hal_uart.o(i.HAL_UART_AbortTransmit_IT), (84 bytes).
    Removing stm32l4xx_hal_uart.o(i.HAL_UART_Abort_IT), (180 bytes).
    Removing stm32l4xx_hal_uart.o(i.HAL_UART_DMAPause), (98 bytes).
    Removing stm32l4xx_hal_uart.o(i.HAL_UART_DMAResume), (92 bytes).
    Removing stm32l4xx_hal_uart.o(i.HAL_UART_DMAStop), (84 bytes).
    Removing stm32l4xx_hal_uart.o(i.HAL_UART_DeInit), (64 bytes).
    Removing stm32l4xx_hal_uart.o(i.HAL_UART_ErrorCallback), (2 bytes).
    Removing stm32l4xx_hal_uart.o(i.HAL_UART_GetError), (4 bytes).
    Removing stm32l4xx_hal_uart.o(i.HAL_UART_GetState), (10 bytes).
    Removing stm32l4xx_hal_uart.o(i.HAL_UART_IRQHandler), (412 bytes).
    Removing stm32l4xx_hal_uart.o(i.HAL_UART_MspDeInit), (2 bytes).
    Removing stm32l4xx_hal_uart.o(i.HAL_UART_MspInit), (2 bytes).
    Removing stm32l4xx_hal_uart.o(i.HAL_UART_Receive), (236 bytes).
    Removing stm32l4xx_hal_uart.o(i.HAL_UART_Receive_DMA), (144 bytes).
    Removing stm32l4xx_hal_uart.o(i.HAL_UART_Receive_IT), (140 bytes).
    Removing stm32l4xx_hal_uart.o(i.HAL_UART_RxCpltCallback), (2 bytes).
    Removing stm32l4xx_hal_uart.o(i.HAL_UART_RxHalfCpltCallback), (2 bytes).
    Removing stm32l4xx_hal_uart.o(i.HAL_UART_Transmit_DMA), (136 bytes).
    Removing stm32l4xx_hal_uart.o(i.HAL_UART_Transmit_IT), (62 bytes).
    Removing stm32l4xx_hal_uart.o(i.HAL_UART_TxCpltCallback), (2 bytes).
    Removing stm32l4xx_hal_uart.o(i.HAL_UART_TxHalfCpltCallback), (2 bytes).
    Removing stm32l4xx_hal_uart.o(i.UART_DMAAbortOnError), (20 bytes).
    Removing stm32l4xx_hal_uart.o(i.UART_DMAError), (74 bytes).
    Removing stm32l4xx_hal_uart.o(i.UART_DMAReceiveCplt), (62 bytes).
    Removing stm32l4xx_hal_uart.o(i.UART_DMARxAbortCallback), (52 bytes).
    Removing stm32l4xx_hal_uart.o(i.UART_DMARxHalfCplt), (10 bytes).
    Removing stm32l4xx_hal_uart.o(i.UART_DMARxOnlyAbortCallback), (28 bytes).
    Removing stm32l4xx_hal_uart.o(i.UART_DMATransmitCplt), (48 bytes).
    Removing stm32l4xx_hal_uart.o(i.UART_DMATxAbortCallback), (52 bytes).
    Removing stm32l4xx_hal_uart.o(i.UART_DMATxHalfCplt), (10 bytes).
    Removing stm32l4xx_hal_uart.o(i.UART_DMATxOnlyAbortCallback), (22 bytes).
    Removing stm32l4xx_hal_uart.o(i.UART_EndRxTransfer), (28 bytes).
    Removing stm32l4xx_hal_uart.o(i.UART_EndTxTransfer), (18 bytes).
    Removing stm32l4xx_hal_uart.o(i.UART_Receive_IT), (118 bytes).
    Removing stm32l4xx_hal_gpio.o(.rev16_text), (4 bytes).
    Removing stm32l4xx_hal_gpio.o(.revsh_text), (4 bytes).
    Removing stm32l4xx_hal_gpio.o(.rrx_text), (6 bytes).
    Removing stm32l4xx_hal_gpio.o(i.HAL_GPIO_DeInit), (338 bytes).
    Removing stm32l4xx_hal_gpio.o(i.HAL_GPIO_EXTI_Callback), (2 bytes).
    Removing stm32l4xx_hal_gpio.o(i.HAL_GPIO_EXTI_IRQHandler), (24 bytes).
    Removing stm32l4xx_hal_gpio.o(i.HAL_GPIO_LockPin), (34 bytes).
    Removing stm32l4xx_hal_gpio.o(i.HAL_GPIO_ReadPin), (10 bytes).
    Removing stm32l4xx_hal_gpio.o(i.HAL_GPIO_TogglePin), (8 bytes).
    Removing stm32l4xx_hal_gpio.o(i.HAL_GPIO_WritePin), (10 bytes).
    Removing stm32l4xx_hal_i2c.o(.rev16_text), (4 bytes).
    Removing stm32l4xx_hal_i2c.o(.revsh_text), (4 bytes).
    Removing stm32l4xx_hal_i2c.o(.rrx_text), (6 bytes).
    Removing stm32l4xx_hal_i2c.o(i.HAL_I2C_AbortCpltCallback), (2 bytes).
    Removing stm32l4xx_hal_i2c.o(i.HAL_I2C_AddrCallback), (2 bytes).
    Removing stm32l4xx_hal_i2c.o(i.HAL_I2C_DeInit), (50 bytes).
    Removing stm32l4xx_hal_i2c.o(i.HAL_I2C_DisableListen_IT), (54 bytes).
    Removing stm32l4xx_hal_i2c.o(i.HAL_I2C_ER_IRQHandler), (98 bytes).
    Removing stm32l4xx_hal_i2c.o(i.HAL_I2C_EV_IRQHandler), (16 bytes).
    Removing stm32l4xx_hal_i2c.o(i.HAL_I2C_EnableListen_IT), (40 bytes).
    Removing stm32l4xx_hal_i2c.o(i.HAL_I2C_ErrorCallback), (2 bytes).
    Removing stm32l4xx_hal_i2c.o(i.HAL_I2C_GetError), (4 bytes).
    Removing stm32l4xx_hal_i2c.o(i.HAL_I2C_GetMode), (6 bytes).
    Removing stm32l4xx_hal_i2c.o(i.HAL_I2C_GetState), (6 bytes).
    Removing stm32l4xx_hal_i2c.o(i.HAL_I2C_Init), (184 bytes).
    Removing stm32l4xx_hal_i2c.o(i.HAL_I2C_IsDeviceReady), (294 bytes).
    Removing stm32l4xx_hal_i2c.o(i.HAL_I2C_ListenCpltCallback), (2 bytes).
    Removing stm32l4xx_hal_i2c.o(i.HAL_I2C_MasterRxCpltCallback), (2 bytes).
    Removing stm32l4xx_hal_i2c.o(i.HAL_I2C_MasterTxCpltCallback), (2 bytes).
    Removing stm32l4xx_hal_i2c.o(i.HAL_I2C_Master_Abort_IT), (94 bytes).
    Removing stm32l4xx_hal_i2c.o(i.HAL_I2C_Master_Receive), (310 bytes).
    Removing stm32l4xx_hal_i2c.o(i.HAL_I2C_Master_Receive_DMA), (240 bytes).
    Removing stm32l4xx_hal_i2c.o(i.HAL_I2C_Master_Receive_IT), (132 bytes).
    Removing stm32l4xx_hal_i2c.o(i.HAL_I2C_Master_Sequential_Receive_IT), (124 bytes).
    Removing stm32l4xx_hal_i2c.o(i.HAL_I2C_Master_Sequential_Transmit_IT), (124 bytes).
    Removing stm32l4xx_hal_i2c.o(i.HAL_I2C_Master_Transmit), (302 bytes).
    Removing stm32l4xx_hal_i2c.o(i.HAL_I2C_Master_Transmit_DMA), (244 bytes).
    Removing stm32l4xx_hal_i2c.o(i.HAL_I2C_Master_Transmit_IT), (132 bytes).
    Removing stm32l4xx_hal_i2c.o(i.HAL_I2C_MemRxCpltCallback), (2 bytes).
    Removing stm32l4xx_hal_i2c.o(i.HAL_I2C_MemTxCpltCallback), (2 bytes).
    Removing stm32l4xx_hal_i2c.o(i.HAL_I2C_Mem_Read), (370 bytes).
    Removing stm32l4xx_hal_i2c.o(i.HAL_I2C_Mem_Read_DMA), (270 bytes).
    Removing stm32l4xx_hal_i2c.o(i.HAL_I2C_Mem_Read_IT), (210 bytes).
    Removing stm32l4xx_hal_i2c.o(i.HAL_I2C_Mem_Write), (366 bytes).
    Removing stm32l4xx_hal_i2c.o(i.HAL_I2C_Mem_Write_DMA), (266 bytes).
    Removing stm32l4xx_hal_i2c.o(i.HAL_I2C_Mem_Write_IT), (206 bytes).
    Removing stm32l4xx_hal_i2c.o(i.HAL_I2C_MspDeInit), (2 bytes).
    Removing stm32l4xx_hal_i2c.o(i.HAL_I2C_MspInit), (2 bytes).
    Removing stm32l4xx_hal_i2c.o(i.HAL_I2C_SlaveRxCpltCallback), (2 bytes).
    Removing stm32l4xx_hal_i2c.o(i.HAL_I2C_SlaveTxCpltCallback), (2 bytes).
    Removing stm32l4xx_hal_i2c.o(i.HAL_I2C_Slave_Receive), (320 bytes).
    Removing stm32l4xx_hal_i2c.o(i.HAL_I2C_Slave_Receive_DMA), (164 bytes).
    Removing stm32l4xx_hal_i2c.o(i.HAL_I2C_Slave_Receive_IT), (92 bytes).
    Removing stm32l4xx_hal_i2c.o(i.HAL_I2C_Slave_Sequential_Receive_IT), (152 bytes).
    Removing stm32l4xx_hal_i2c.o(i.HAL_I2C_Slave_Sequential_Transmit_IT), (152 bytes).
    Removing stm32l4xx_hal_i2c.o(i.HAL_I2C_Slave_Transmit), (320 bytes).
    Removing stm32l4xx_hal_i2c.o(i.HAL_I2C_Slave_Transmit_DMA), (156 bytes).
    Removing stm32l4xx_hal_i2c.o(i.HAL_I2C_Slave_Transmit_IT), (92 bytes).
    Removing stm32l4xx_hal_i2c.o(i.I2C_DMAAbort), (50 bytes).
    Removing stm32l4xx_hal_i2c.o(i.I2C_DMAError), (18 bytes).
    Removing stm32l4xx_hal_i2c.o(i.I2C_DMAMasterReceiveCplt), (66 bytes).
    Removing stm32l4xx_hal_i2c.o(i.I2C_DMAMasterTransmitCplt), (66 bytes).
    Removing stm32l4xx_hal_i2c.o(i.I2C_DMASlaveReceiveCplt), (2 bytes).
    Removing stm32l4xx_hal_i2c.o(i.I2C_DMASlaveTransmitCplt), (2 bytes).
    Removing stm32l4xx_hal_i2c.o(i.I2C_Disable_IRQ), (86 bytes).
    Removing stm32l4xx_hal_i2c.o(i.I2C_Enable_IRQ), (96 bytes).
    Removing stm32l4xx_hal_i2c.o(i.I2C_Flush_TXDR), (34 bytes).
    Removing stm32l4xx_hal_i2c.o(i.I2C_ITAddrCplt), (136 bytes).
    Removing stm32l4xx_hal_i2c.o(i.I2C_ITError), (224 bytes).
    Removing stm32l4xx_hal_i2c.o(i.I2C_ITListenCplt), (92 bytes).
    Removing stm32l4xx_hal_i2c.o(i.I2C_ITMasterCplt), (180 bytes).
    Removing stm32l4xx_hal_i2c.o(i.I2C_ITMasterSequentialCplt), (76 bytes).
    Removing stm32l4xx_hal_i2c.o(i.I2C_ITSlaveCplt), (240 bytes).
    Removing stm32l4xx_hal_i2c.o(i.I2C_ITSlaveSequentialCplt), (84 bytes).
    Removing stm32l4xx_hal_i2c.o(i.I2C_IsAcknowledgeFailed), (124 bytes).
    Removing stm32l4xx_hal_i2c.o(i.I2C_Master_ISR_DMA), (196 bytes).
    Removing stm32l4xx_hal_i2c.o(i.I2C_Master_ISR_IT), (288 bytes).
    Removing stm32l4xx_hal_i2c.o(i.I2C_RequestMemoryRead), (110 bytes).
    Removing stm32l4xx_hal_i2c.o(i.I2C_RequestMemoryWrite), (110 bytes).
    Removing stm32l4xx_hal_i2c.o(i.I2C_Slave_ISR_DMA), (106 bytes).
    Removing stm32l4xx_hal_i2c.o(i.I2C_Slave_ISR_IT), (272 bytes).
    Removing stm32l4xx_hal_i2c.o(i.I2C_TransferConfig), (36 bytes).
    Removing stm32l4xx_hal_i2c.o(i.I2C_WaitOnFlagUntilTimeout), (82 bytes).
    Removing stm32l4xx_hal_i2c.o(i.I2C_WaitOnRXNEFlagUntilTimeout), (128 bytes).
    Removing stm32l4xx_hal_i2c.o(i.I2C_WaitOnSTOPFlagUntilTimeout), (78 bytes).
    Removing stm32l4xx_hal_i2c.o(i.I2C_WaitOnTXISFlagUntilTimeout), (82 bytes).
    Removing stm32l4xx_hal_rcc_ex.o(.rev16_text), (4 bytes).
    Removing stm32l4xx_hal_rcc_ex.o(.revsh_text), (4 bytes).
    Removing stm32l4xx_hal_rcc_ex.o(.rrx_text), (6 bytes).
    Removing stm32l4xx_hal_rcc_ex.o(i.HAL_RCCEx_DisableLSCO), (88 bytes).
    Removing stm32l4xx_hal_rcc_ex.o(i.HAL_RCCEx_DisableLSECSS), (28 bytes).
    Removing stm32l4xx_hal_rcc_ex.o(i.HAL_RCCEx_DisableMSIPLLMode), (16 bytes).
    Removing stm32l4xx_hal_rcc_ex.o(i.HAL_RCCEx_DisablePLLSAI1), (84 bytes).
    Removing stm32l4xx_hal_rcc_ex.o(i.HAL_RCCEx_DisablePLLSAI2), (84 bytes).
    Removing stm32l4xx_hal_rcc_ex.o(i.HAL_RCCEx_EnableLSCO), (140 bytes).
    Removing stm32l4xx_hal_rcc_ex.o(i.HAL_RCCEx_EnableLSECSS), (20 bytes).
    Removing stm32l4xx_hal_rcc_ex.o(i.HAL_RCCEx_EnableLSECSS_IT), (56 bytes).
    Removing stm32l4xx_hal_rcc_ex.o(i.HAL_RCCEx_EnableMSIPLLMode), (16 bytes).
    Removing stm32l4xx_hal_rcc_ex.o(i.HAL_RCCEx_EnablePLLSAI1), (188 bytes).
    Removing stm32l4xx_hal_rcc_ex.o(i.HAL_RCCEx_EnablePLLSAI2), (164 bytes).
    Removing stm32l4xx_hal_rcc_ex.o(i.HAL_RCCEx_GetPeriphCLKConfig), (408 bytes).
    Removing stm32l4xx_hal_rcc_ex.o(i.HAL_RCCEx_GetPeriphCLKFreq), (1182 bytes).
    Removing stm32l4xx_hal_rcc_ex.o(i.HAL_RCCEx_LSECSS_Callback), (2 bytes).
    Removing stm32l4xx_hal_rcc_ex.o(i.HAL_RCCEx_LSECSS_IRQHandler), (24 bytes).
    Removing stm32l4xx_hal_rcc_ex.o(i.HAL_RCCEx_StandbyMSIRangeConfig), (24 bytes).
    Removing stm32l4xx_hal_rcc_ex.o(i.HAL_RCCEx_WakeUpStopCLKConfig), (20 bytes).
    Removing stm32l4xx_hal_rcc.o(.rev16_text), (4 bytes).
    Removing stm32l4xx_hal_rcc.o(.revsh_text), (4 bytes).
    Removing stm32l4xx_hal_rcc.o(.rrx_text), (6 bytes).
    Removing stm32l4xx_hal_rcc.o(i.HAL_RCC_CSSCallback), (2 bytes).
    Removing stm32l4xx_hal_rcc.o(i.HAL_RCC_DeInit), (108 bytes).
    Removing stm32l4xx_hal_rcc.o(i.HAL_RCC_EnableCSS), (16 bytes).
    Removing stm32l4xx_hal_rcc.o(i.HAL_RCC_GetClockConfig), (64 bytes).
    Removing stm32l4xx_hal_rcc.o(i.HAL_RCC_GetOscConfig), (308 bytes).
    Removing stm32l4xx_hal_rcc.o(i.HAL_RCC_MCOConfig), (72 bytes).
    Removing stm32l4xx_hal_rcc.o(i.HAL_RCC_NMI_IRQHandler), (24 bytes).
    Removing system_stm32l4xx.o(.rev16_text), (4 bytes).
    Removing system_stm32l4xx.o(.revsh_text), (4 bytes).
    Removing system_stm32l4xx.o(.rrx_text), (6 bytes).
    Removing system_stm32l4xx.o(i.SystemCoreClockUpdate), (168 bytes).
    Removing startup_stm32l476xx.o(HEAP), (1024 bytes).
    Removing dadd.o(.text), (350 bytes).
    Removing dmul.o(.text), (234 bytes).
    Removing ddiv.o(.text), (222 bytes).
    Removing dfixul.o(.text), (48 bytes).
    Removing cdrcmple.o(.text), (48 bytes).
    Removing depilogue.o(.text), (186 bytes).

510 unused section(s) (total 38542 bytes) removed from the image.

==============================================================================

Image Symbol Table

    Local Symbols

    Symbol Name                              Value     Ov Type        Size  Object(Section)

    ../Drivers/STM32L4xx_HAL_Driver/Src/stm32l4xx_hal.c 0x00000000   Number         0  stm32l4xx_hal.o ABSOLUTE
    ../Drivers/STM32L4xx_HAL_Driver/Src/stm32l4xx_hal_cortex.c 0x00000000   Number         0  stm32l4xx_hal_cortex.o ABSOLUTE
    ../Drivers/STM32L4xx_HAL_Driver/Src/stm32l4xx_hal_dma.c 0x00000000   Number         0  stm32l4xx_hal_dma.o ABSOLUTE
    ../Drivers/STM32L4xx_HAL_Driver/Src/stm32l4xx_hal_flash.c 0x00000000   Number         0  stm32l4xx_hal_flash.o ABSOLUTE
    ../Drivers/STM32L4xx_HAL_Driver/Src/stm32l4xx_hal_flash_ex.c 0x00000000   Number         0  stm32l4xx_hal_flash_ex.o ABSOLUTE
    ../Drivers/STM32L4xx_HAL_Driver/Src/stm32l4xx_hal_flash_ramfunc.c 0x00000000   Number         0  stm32l4xx_hal_flash_ramfunc.o ABSOLUTE
    ../Drivers/STM32L4xx_HAL_Driver/Src/stm32l4xx_hal_gpio.c 0x00000000   Number         0  stm32l4xx_hal_gpio.o ABSOLUTE
    ../Drivers/STM32L4xx_HAL_Driver/Src/stm32l4xx_hal_i2c.c 0x00000000   Number         0  stm32l4xx_hal_i2c.o ABSOLUTE
    ../Drivers/STM32L4xx_HAL_Driver/Src/stm32l4xx_hal_i2c_ex.c 0x00000000   Number         0  stm32l4xx_hal_i2c_ex.o ABSOLUTE
    ../Drivers/STM32L4xx_HAL_Driver/Src/stm32l4xx_hal_pwr.c 0x00000000   Number         0  stm32l4xx_hal_pwr.o ABSOLUTE
    ../Drivers/STM32L4xx_HAL_Driver/Src/stm32l4xx_hal_pwr_ex.c 0x00000000   Number         0  stm32l4xx_hal_pwr_ex.o ABSOLUTE
    ../Drivers/STM32L4xx_HAL_Driver/Src/stm32l4xx_hal_rcc.c 0x00000000   Number         0  stm32l4xx_hal_rcc.o ABSOLUTE
    ../Drivers/STM32L4xx_HAL_Driver/Src/stm32l4xx_hal_rcc_ex.c 0x00000000   Number         0  stm32l4xx_hal_rcc_ex.o ABSOLUTE
    ../Drivers/STM32L4xx_HAL_Driver/Src/stm32l4xx_hal_tim.c 0x00000000   Number         0  stm32l4xx_hal_tim.o ABSOLUTE
    ../Drivers/STM32L4xx_HAL_Driver/Src/stm32l4xx_hal_tim_ex.c 0x00000000   Number         0  stm32l4xx_hal_tim_ex.o ABSOLUTE
    ../Drivers/STM32L4xx_HAL_Driver/Src/stm32l4xx_hal_uart.c 0x00000000   Number         0  stm32l4xx_hal_uart.o ABSOLUTE
    ../Drivers/STM32L4xx_HAL_Driver/Src/stm32l4xx_hal_uart_ex.c 0x00000000   Number         0  stm32l4xx_hal_uart_ex.o ABSOLUTE
    ../Src/main.c                            0x00000000   Number         0  main.o ABSOLUTE
    ../Src/stm32l4xx_hal_msp.c               0x00000000   Number         0  stm32l4xx_hal_msp.o ABSOLUTE
    ../Src/stm32l4xx_it.c                    0x00000000   Number         0  stm32l4xx_it.o ABSOLUTE
    ../Src/system_stm32l4xx.c                0x00000000   Number         0  system_stm32l4xx.o ABSOLUTE
    ../clib/../cmprslib/zerorunl2.c          0x00000000   Number         0  __dczerorl2.o ABSOLUTE
    ../clib/microlib/division.c              0x00000000   Number         0  uidiv.o ABSOLUTE
    ../clib/microlib/division.c              0x00000000   Number         0  uldiv.o ABSOLUTE
    ../clib/microlib/init/entry.s            0x00000000   Number         0  entry11b.o ABSOLUTE
    ../clib/microlib/init/entry.s            0x00000000   Number         0  entry11a.o ABSOLUTE
    ../clib/microlib/init/entry.s            0x00000000   Number         0  entry10b.o ABSOLUTE
    ../clib/microlib/init/entry.s            0x00000000   Number         0  entry10a.o ABSOLUTE
    ../clib/microlib/init/entry.s            0x00000000   Number         0  entry9b.o ABSOLUTE
    ../clib/microlib/init/entry.s            0x00000000   Number         0  entry9a.o ABSOLUTE
    ../clib/microlib/init/entry.s            0x00000000   Number         0  entry8b.o ABSOLUTE
    ../clib/microlib/init/entry.s            0x00000000   Number         0  entry8a.o ABSOLUTE
    ../clib/microlib/init/entry.s            0x00000000   Number         0  entry7b.o ABSOLUTE
    ../clib/microlib/init/entry.s            0x00000000   Number         0  entry7a.o ABSOLUTE
    ../clib/microlib/init/entry.s            0x00000000   Number         0  entry5.o ABSOLUTE
    ../clib/microlib/init/entry.s            0x00000000   Number         0  entry.o ABSOLUTE
    ../clib/microlib/init/entry.s            0x00000000   Number         0  entry2.o ABSOLUTE
    ../clib/microlib/longlong.c              0x00000000   Number         0  llsshr.o ABSOLUTE
    ../clib/microlib/longlong.c              0x00000000   Number         0  llshl.o ABSOLUTE
    ../clib/microlib/longlong.c              0x00000000   Number         0  llushr.o ABSOLUTE
    ../clib/microlib/malloc/malloc.c         0x00000000   Number         0  malloc.o ABSOLUTE
    ../clib/microlib/malloc/malloc.c         0x00000000   Number         0  mallocra.o ABSOLUTE
    ../clib/microlib/malloc/malloc.c         0x00000000   Number         0  malloca.o ABSOLUTE
    ../clib/microlib/malloc/malloc.c         0x00000000   Number         0  mallocr.o ABSOLUTE
    ../clib/microlib/malloc/mvars.c          0x00000000   Number         0  mvars.o ABSOLUTE
    ../clib/microlib/printf/printf.c         0x00000000   Number         0  printf2.o ABSOLUTE
    ../clib/microlib/printf/printf.c         0x00000000   Number         0  printfb.o ABSOLUTE
    ../clib/microlib/printf/printf.c         0x00000000   Number         0  printfa.o ABSOLUTE
    ../clib/microlib/printf/printf.c         0x00000000   Number         0  printf8.o ABSOLUTE
    ../clib/microlib/printf/printf.c         0x00000000   Number         0  printf7.o ABSOLUTE
    ../clib/microlib/printf/printf.c         0x00000000   Number         0  printf6.o ABSOLUTE
    ../clib/microlib/printf/printf.c         0x00000000   Number         0  printf5.o ABSOLUTE
    ../clib/microlib/printf/printf.c         0x00000000   Number         0  printf4.o ABSOLUTE
    ../clib/microlib/printf/printf.c         0x00000000   Number         0  printf3.o ABSOLUTE
    ../clib/microlib/printf/printf.c         0x00000000   Number         0  printf1.o ABSOLUTE
    ../clib/microlib/printf/printf.c         0x00000000   Number         0  printf0.o ABSOLUTE
    ../clib/microlib/printf/stubs.s          0x00000000   Number         0  stubs.o ABSOLUTE
    ../clib/microlib/stdio/fputc.c           0x00000000   Number         0  fputc.o ABSOLUTE
    ../clib/microlib/stdio/semi.s            0x00000000   Number         0  semi.o ABSOLUTE
    ../clib/microlib/stdio/streams.c         0x00000000   Number         0  stdout.o ABSOLUTE
    ../clib/microlib/string/memcpy.c         0x00000000   Number         0  memcpyb.o ABSOLUTE
    ../clib/microlib/string/memcpy.c         0x00000000   Number         0  memcpya.o ABSOLUTE
    ../clib/microlib/string/memset.c         0x00000000   Number         0  memseta.o ABSOLUTE
    ../clib/microlib/string/strcmp.c         0x00000000   Number         0  strcmp.o ABSOLUTE
    ../clib/microlib/string/strcpy.c         0x00000000   Number         0  strcpy.o ABSOLUTE
    ../clib/microlib/string/strlen.c         0x00000000   Number         0  strlen.o ABSOLUTE
    ../clib/microlib/string/strstr.c         0x00000000   Number         0  strstr.o ABSOLUTE
    ../clib/microlib/stubs.s                 0x00000000   Number         0  iusefp.o ABSOLUTE
    ../clib/microlib/stubs.s                 0x00000000   Number         0  iusesemip.o ABSOLUTE
    ../fplib/microlib/fpadd.c                0x00000000   Number         0  dadd.o ABSOLUTE
    ../fplib/microlib/fpdiv.c                0x00000000   Number         0  ddiv.o ABSOLUTE
    ../fplib/microlib/fpepilogue.c           0x00000000   Number         0  depilogue.o ABSOLUTE
    ../fplib/microlib/fpfix.c                0x00000000   Number         0  dfixul.o ABSOLUTE
    ../fplib/microlib/fpmul.c                0x00000000   Number         0  dmul.o ABSOLUTE
    ..\Drivers\STM32L4xx_HAL_Driver\Src\stm32l4xx_hal.c 0x00000000   Number         0  stm32l4xx_hal.o ABSOLUTE
    ..\Drivers\STM32L4xx_HAL_Driver\Src\stm32l4xx_hal_cortex.c 0x00000000   Number         0  stm32l4xx_hal_cortex.o ABSOLUTE
    ..\Drivers\STM32L4xx_HAL_Driver\Src\stm32l4xx_hal_dma.c 0x00000000   Number         0  stm32l4xx_hal_dma.o ABSOLUTE
    ..\Drivers\STM32L4xx_HAL_Driver\Src\stm32l4xx_hal_flash.c 0x00000000   Number         0  stm32l4xx_hal_flash.o ABSOLUTE
    ..\Drivers\STM32L4xx_HAL_Driver\Src\stm32l4xx_hal_flash_ex.c 0x00000000   Number         0  stm32l4xx_hal_flash_ex.o ABSOLUTE
    ..\Drivers\STM32L4xx_HAL_Driver\Src\stm32l4xx_hal_flash_ramfunc.c 0x00000000   Number         0  stm32l4xx_hal_flash_ramfunc.o ABSOLUTE
    ..\Drivers\STM32L4xx_HAL_Driver\Src\stm32l4xx_hal_gpio.c 0x00000000   Number         0  stm32l4xx_hal_gpio.o ABSOLUTE
    ..\Drivers\STM32L4xx_HAL_Driver\Src\stm32l4xx_hal_i2c.c 0x00000000   Number         0  stm32l4xx_hal_i2c.o ABSOLUTE
    ..\Drivers\STM32L4xx_HAL_Driver\Src\stm32l4xx_hal_i2c_ex.c 0x00000000   Number         0  stm32l4xx_hal_i2c_ex.o ABSOLUTE
    ..\Drivers\STM32L4xx_HAL_Driver\Src\stm32l4xx_hal_pwr.c 0x00000000   Number         0  stm32l4xx_hal_pwr.o ABSOLUTE
    ..\Drivers\STM32L4xx_HAL_Driver\Src\stm32l4xx_hal_pwr_ex.c 0x00000000   Number         0  stm32l4xx_hal_pwr_ex.o ABSOLUTE
    ..\Drivers\STM32L4xx_HAL_Driver\Src\stm32l4xx_hal_rcc.c 0x00000000   Number         0  stm32l4xx_hal_rcc.o ABSOLUTE
    ..\Drivers\STM32L4xx_HAL_Driver\Src\stm32l4xx_hal_rcc_ex.c 0x00000000   Number         0  stm32l4xx_hal_rcc_ex.o ABSOLUTE
    ..\Drivers\STM32L4xx_HAL_Driver\Src\stm32l4xx_hal_tim.c 0x00000000   Number         0  stm32l4xx_hal_tim.o ABSOLUTE
    ..\Drivers\STM32L4xx_HAL_Driver\Src\stm32l4xx_hal_tim_ex.c 0x00000000   Number         0  stm32l4xx_hal_tim_ex.o ABSOLUTE
    ..\Drivers\STM32L4xx_HAL_Driver\Src\stm32l4xx_hal_uart.c 0x00000000   Number         0  stm32l4xx_hal_uart.o ABSOLUTE
    ..\Drivers\STM32L4xx_HAL_Driver\Src\stm32l4xx_hal_uart_ex.c 0x00000000   Number         0  stm32l4xx_hal_uart_ex.o ABSOLUTE
    ..\Src\base64.c                          0x00000000   Number         0  base64.o ABSOLUTE
    ..\Src\json_utils.c                      0x00000000   Number         0  json_utils.o ABSOLUTE
    ..\Src\main.c                            0x00000000   Number         0  main.o ABSOLUTE
    ..\Src\ofo_GPRS.c                        0x00000000   Number         0  ofo_gprs.o ABSOLUTE
    ..\Src\stm32l4xx_hal_msp.c               0x00000000   Number         0  stm32l4xx_hal_msp.o ABSOLUTE
    ..\Src\stm32l4xx_it.c                    0x00000000   Number         0  stm32l4xx_it.o ABSOLUTE
    ..\Src\system_stm32l4xx.c                0x00000000   Number         0  system_stm32l4xx.o ABSOLUTE
    ..\\Src\\ofo_GPRS.c                      0x00000000   Number         0  ofo_gprs.o ABSOLUTE
    cdrcmple.s                               0x00000000   Number         0  cdrcmple.o ABSOLUTE
    dc.s                                     0x00000000   Number         0  dc.o ABSOLUTE
    handlers.s                               0x00000000   Number         0  handlers.o ABSOLUTE
    init.s                                   0x00000000   Number         0  init.o ABSOLUTE
    startup_stm32l476xx.s                    0x00000000   Number         0  startup_stm32l476xx.o ABSOLUTE
    RESET                                    0x08000000   Section      392  startup_stm32l476xx.o(RESET)
    .ARM.Collect$$$$00000000                 0x08000188   Section        0  entry.o(.ARM.Collect$$$$00000000)
    .ARM.Collect$$$$00000001                 0x08000188   Section        4  entry2.o(.ARM.Collect$$$$00000001)
    .ARM.Collect$$$$00000004                 0x0800018c   Section        4  entry5.o(.ARM.Collect$$$$00000004)
    .ARM.Collect$$$$00000008                 0x08000190   Section        0  entry7b.o(.ARM.Collect$$$$00000008)
    .ARM.Collect$$$$0000000A                 0x08000190   Section        0  entry8b.o(.ARM.Collect$$$$0000000A)
    .ARM.Collect$$$$0000000B                 0x08000190   Section        8  entry9a.o(.ARM.Collect$$$$0000000B)
    .ARM.Collect$$$$0000000D                 0x08000198   Section        0  entry10a.o(.ARM.Collect$$$$0000000D)
    .ARM.Collect$$$$0000000F                 0x08000198   Section        0  entry11a.o(.ARM.Collect$$$$0000000F)
    .ARM.Collect$$$$00002712                 0x08000198   Section        4  entry2.o(.ARM.Collect$$$$00002712)
    __lit__00000000                          0x08000198   Data           4  entry2.o(.ARM.Collect$$$$00002712)
    .text                                    0x0800019c   Section       36  startup_stm32l476xx.o(.text)
    $v0                                      0x0800019c   Number         0  startup_stm32l476xx.o(.text)
    .text                                    0x080001c0   Section        0  uldiv.o(.text)
    .text                                    0x08000228   Section        0  memcpya.o(.text)
    .text                                    0x0800024c   Section        0  memseta.o(.text)
    .text                                    0x08000270   Section        0  strstr.o(.text)
    .text                                    0x08000294   Section        0  strlen.o(.text)
    .text                                    0x080002a2   Section        0  strcmp.o(.text)
    .text                                    0x080002be   Section        0  strcpy.o(.text)
    .text                                    0x080002d0   Section        0  uidiv.o(.text)
    .text                                    0x080002fc   Section        0  llshl.o(.text)
    .text                                    0x0800031a   Section        0  llushr.o(.text)
    .text                                    0x0800033c   Section       36  init.o(.text)
    .text                                    0x08000360   Section        0  __dczerorl2.o(.text)
    i.BusFault_Handler                       0x080003b6   Section        0  stm32l4xx_it.o(i.BusFault_Handler)
    i.DebugMon_Handler                       0x080003b8   Section        0  stm32l4xx_it.o(i.DebugMon_Handler)
    i.HAL_Delay                              0x080003ba   Section        0  stm32l4xx_hal.o(i.HAL_Delay)
    i.HAL_GPIO_Init                          0x080003d8   Section        0  stm32l4xx_hal_gpio.o(i.HAL_GPIO_Init)
    i.HAL_GetTick                            0x080005a4   Section        0  stm32l4xx_hal.o(i.HAL_GetTick)
    i.HAL_IncTick                            0x080005b0   Section        0  stm32l4xx_hal.o(i.HAL_IncTick)
    i.HAL_Init                               0x080005c0   Section        0  stm32l4xx_hal.o(i.HAL_Init)
    i.HAL_InitTick                           0x080005d8   Section        0  stm32l4xx_hal.o(i.HAL_InitTick)
    i.HAL_MspInit                            0x08000600   Section        0  stm32l4xx_hal_msp.o(i.HAL_MspInit)
    i.HAL_NVIC_EnableIRQ                     0x08000680   Section        0  stm32l4xx_hal_cortex.o(i.HAL_NVIC_EnableIRQ)
    i.HAL_NVIC_SetPriority                   0x08000698   Section        0  stm32l4xx_hal_cortex.o(i.HAL_NVIC_SetPriority)
    i.HAL_NVIC_SetPriorityGrouping           0x080006d8   Section        0  stm32l4xx_hal_cortex.o(i.HAL_NVIC_SetPriorityGrouping)
    i.HAL_PWREx_ControlVoltageScaling        0x080006fc   Section        0  stm32l4xx_hal_pwr_ex.o(i.HAL_PWREx_ControlVoltageScaling)
    i.HAL_PWREx_GetVoltageRange              0x08000760   Section        0  stm32l4xx_hal_pwr_ex.o(i.HAL_PWREx_GetVoltageRange)
    i.HAL_RCCEx_PeriphCLKConfig              0x08000770   Section        0  stm32l4xx_hal_rcc_ex.o(i.HAL_RCCEx_PeriphCLKConfig)
    i.HAL_RCC_ClockConfig                    0x08000b20   Section        0  stm32l4xx_hal_rcc.o(i.HAL_RCC_ClockConfig)
    i.HAL_RCC_GetHCLKFreq                    0x08000ca0   Section        0  stm32l4xx_hal_rcc.o(i.HAL_RCC_GetHCLKFreq)
    i.HAL_RCC_GetPCLK1Freq                   0x08000cac   Section        0  stm32l4xx_hal_rcc.o(i.HAL_RCC_GetPCLK1Freq)
    i.HAL_RCC_GetPCLK2Freq                   0x08000cdc   Section        0  stm32l4xx_hal_rcc.o(i.HAL_RCC_GetPCLK2Freq)
    i.HAL_RCC_GetSysClockFreq                0x08000d0c   Section        0  stm32l4xx_hal_rcc.o(i.HAL_RCC_GetSysClockFreq)
    i.HAL_RCC_OscConfig                      0x08000e08   Section        0  stm32l4xx_hal_rcc.o(i.HAL_RCC_OscConfig)
    i.HAL_SYSTICK_CLKSourceConfig            0x08001288   Section        0  stm32l4xx_hal_cortex.o(i.HAL_SYSTICK_CLKSourceConfig)
    i.HAL_SYSTICK_Callback                   0x080012a0   Section        0  stm32l4xx_hal_cortex.o(i.HAL_SYSTICK_Callback)
    i.HAL_SYSTICK_Config                     0x080012a2   Section        0  stm32l4xx_hal_cortex.o(i.HAL_SYSTICK_Config)
    i.HAL_SYSTICK_IRQHandler                 0x080012ca   Section        0  stm32l4xx_hal_cortex.o(i.HAL_SYSTICK_IRQHandler)
    i.HAL_TIMEx_BreakCallback                0x080012d2   Section        0  stm32l4xx_hal_tim_ex.o(i.HAL_TIMEx_BreakCallback)
    i.HAL_TIMEx_CommutationCallback          0x080012d4   Section        0  stm32l4xx_hal_tim_ex.o(i.HAL_TIMEx_CommutationCallback)
    i.HAL_TIM_Base_Init                      0x080012d6   Section        0  stm32l4xx_hal_tim.o(i.HAL_TIM_Base_Init)
    i.HAL_TIM_Base_MspInit                   0x0800130c   Section        0  stm32l4xx_hal_tim.o(i.HAL_TIM_Base_MspInit)
    i.HAL_TIM_Base_Start                     0x0800130e   Section        0  stm32l4xx_hal_tim.o(i.HAL_TIM_Base_Start)
    i.HAL_TIM_Base_Start_IT                  0x08001328   Section        0  stm32l4xx_hal_tim.o(i.HAL_TIM_Base_Start_IT)
    i.HAL_TIM_Base_Stop_IT                   0x08001340   Section        0  stm32l4xx_hal_tim.o(i.HAL_TIM_Base_Stop_IT)
    i.HAL_TIM_IC_CaptureCallback             0x0800136a   Section        0  stm32l4xx_hal_tim.o(i.HAL_TIM_IC_CaptureCallback)
    i.HAL_TIM_IRQHandler                     0x0800136c   Section        0  stm32l4xx_hal_tim.o(i.HAL_TIM_IRQHandler)
    i.HAL_TIM_OC_DelayElapsedCallback        0x080014d2   Section        0  stm32l4xx_hal_tim.o(i.HAL_TIM_OC_DelayElapsedCallback)
    i.HAL_TIM_PWM_PulseFinishedCallback      0x080014d4   Section        0  stm32l4xx_hal_tim.o(i.HAL_TIM_PWM_PulseFinishedCallback)
    i.HAL_TIM_PeriodElapsedCallback          0x080014d6   Section        0  stm32l4xx_hal_tim.o(i.HAL_TIM_PeriodElapsedCallback)
    i.HAL_TIM_TriggerCallback                0x080014d8   Section        0  stm32l4xx_hal_tim.o(i.HAL_TIM_TriggerCallback)
    i.HAL_UART_Init                          0x080014da   Section        0  stm32l4xx_hal_uart.o(i.HAL_UART_Init)
    i.HAL_UART_MspInit                       0x08001544   Section        0  stm32l4xx_hal_msp.o(i.HAL_UART_MspInit)
    i.HAL_UART_Transmit                      0x0800159c   Section        0  stm32l4xx_hal_uart.o(i.HAL_UART_Transmit)
    i.HardFault_Handler                      0x08001650   Section        0  stm32l4xx_it.o(i.HardFault_Handler)
    i.MemManage_Handler                      0x08001652   Section        0  stm32l4xx_it.o(i.MemManage_Handler)
    i.NMI_Handler                            0x08001654   Section        0  stm32l4xx_it.o(i.NMI_Handler)
    i.NVIC_SetPriority                       0x08001656   Section        0  stm32l4xx_hal_cortex.o(i.NVIC_SetPriority)
    NVIC_SetPriority                         0x08001657   Thumb Code    32  stm32l4xx_hal_cortex.o(i.NVIC_SetPriority)
    i.PendSV_Handler                         0x08001676   Section        0  stm32l4xx_it.o(i.PendSV_Handler)
    i.RCCEx_PLLSAI1_Config                   0x08001678   Section        0  stm32l4xx_hal_rcc_ex.o(i.RCCEx_PLLSAI1_Config)
    RCCEx_PLLSAI1_Config                     0x08001679   Thumb Code   342  stm32l4xx_hal_rcc_ex.o(i.RCCEx_PLLSAI1_Config)
    i.RCCEx_PLLSAI2_Config                   0x080017e0   Section        0  stm32l4xx_hal_rcc_ex.o(i.RCCEx_PLLSAI2_Config)
    RCCEx_PLLSAI2_Config                     0x080017e1   Thumb Code   302  stm32l4xx_hal_rcc_ex.o(i.RCCEx_PLLSAI2_Config)
    i.RCC_SetFlashLatencyFromMSIRange        0x0800191c   Section        0  stm32l4xx_hal_rcc.o(i.RCC_SetFlashLatencyFromMSIRange)
    RCC_SetFlashLatencyFromMSIRange          0x0800191d   Thumb Code   116  stm32l4xx_hal_rcc.o(i.RCC_SetFlashLatencyFromMSIRange)
    i.SVC_Handler                            0x08001998   Section        0  stm32l4xx_it.o(i.SVC_Handler)
    i.SysTick_Handler                        0x0800199a   Section        0  stm32l4xx_it.o(i.SysTick_Handler)
    i.SystemClock_Config                     0x080019a8   Section        0  main.o(i.SystemClock_Config)
    i.SystemInit                             0x08001a30   Section        0  system_stm32l4xx.o(i.SystemInit)
    i.TIM3_IRQHandler                        0x08001a74   Section        0  ofo_gprs.o(i.TIM3_IRQHandler)
    i.TIM_Base_SetConfig                     0x08001a98   Section        0  stm32l4xx_hal_tim.o(i.TIM_Base_SetConfig)
    i.UART_AdvFeatureConfig                  0x08001b50   Section        0  stm32l4xx_hal_uart.o(i.UART_AdvFeatureConfig)
    i.UART_CheckIdleState                    0x08001c18   Section        0  stm32l4xx_hal_uart.o(i.UART_CheckIdleState)
    i.UART_SetConfig                         0x08001c74   Section        0  stm32l4xx_hal_uart.o(i.UART_SetConfig)
    i.UART_WaitOnFlagUntilTimeout            0x08001f0c   Section        0  stm32l4xx_hal_uart.o(i.UART_WaitOnFlagUntilTimeout)
    i.USART2_IRQHandler                      0x08001f70   Section        0  stm32l4xx_it.o(i.USART2_IRQHandler)
    i.UsageFault_Handler                     0x08001fa0   Section        0  stm32l4xx_it.o(i.UsageFault_Handler)
    i._Error_Handler                         0x08001fa2   Section        0  main.o(i._Error_Handler)
    i.__0sprintf$3                           0x08001fa4   Section        0  printf3.o(i.__0sprintf$3)
    i.__scatterload_copy                     0x08001fcc   Section       14  handlers.o(i.__scatterload_copy)
    i.__scatterload_null                     0x08001fda   Section        2  handlers.o(i.__scatterload_null)
    i.__scatterload_zeroinit                 0x08001fdc   Section       14  handlers.o(i.__scatterload_zeroinit)
    i._at_cfun1_exit_response_deal           0x08001fec   Section        0  ofo_gprs.o(i._at_cfun1_exit_response_deal)
    _at_cfun1_exit_response_deal             0x08001fed   Thumb Code    32  ofo_gprs.o(i._at_cfun1_exit_response_deal)
    i._at_cfun_enter_response_deal           0x0800201c   Section        0  ofo_gprs.o(i._at_cfun_enter_response_deal)
    _at_cfun_enter_response_deal             0x0800201d   Thumb Code    36  ofo_gprs.o(i._at_cfun_enter_response_deal)
    i._at_cgreg_response_deal                0x08002050   Section        0  ofo_gprs.o(i._at_cgreg_response_deal)
    _at_cgreg_response_deal                  0x08002051   Thumb Code   122  ofo_gprs.o(i._at_cgreg_response_deal)
    i._at_cimi_cmd_reponse_deal              0x080020e4   Section        0  ofo_gprs.o(i._at_cimi_cmd_reponse_deal)
    _at_cimi_cmd_reponse_deal                0x080020e5   Thumb Code    32  ofo_gprs.o(i._at_cimi_cmd_reponse_deal)
    i._at_close_echo_response_deal           0x08002114   Section        0  ofo_gprs.o(i._at_close_echo_response_deal)
    _at_close_echo_response_deal             0x08002115   Thumb Code    32  ofo_gprs.o(i._at_close_echo_response_deal)
    i._at_cpin_response_deal                 0x08002144   Section        0  ofo_gprs.o(i._at_cpin_response_deal)
    _at_cpin_response_deal                   0x08002145   Thumb Code    90  ofo_gprs.o(i._at_cpin_response_deal)
    i._at_csq_response_deal                  0x080021c8   Section        0  ofo_gprs.o(i._at_csq_response_deal)
    _at_csq_response_deal                    0x080021c9   Thumb Code    94  ofo_gprs.o(i._at_csq_response_deal)
    i._at_dummy_deal                         0x08002248   Section        0  ofo_gprs.o(i._at_dummy_deal)
    _at_dummy_deal                           0x08002249   Thumb Code     2  ofo_gprs.o(i._at_dummy_deal)
    i._at_enter_sleep_response_deal          0x0800224c   Section        0  ofo_gprs.o(i._at_enter_sleep_response_deal)
    _at_enter_sleep_response_deal            0x0800224d   Thumb Code    40  ofo_gprs.o(i._at_enter_sleep_response_deal)
    i._at_gsv_response_deal                  0x08002284   Section        0  ofo_gprs.o(i._at_gsv_response_deal)
    _at_gsv_response_deal                    0x08002285   Thumb Code    74  ofo_gprs.o(i._at_gsv_response_deal)
    i._at_httpinit_response_deal             0x080022e4   Section        0  ofo_gprs.o(i._at_httpinit_response_deal)
    _at_httpinit_response_deal               0x080022e5   Thumb Code    32  ofo_gprs.o(i._at_httpinit_response_deal)
    i._at_httppara1_response_deal            0x08002314   Section        0  ofo_gprs.o(i._at_httppara1_response_deal)
    _at_httppara1_response_deal              0x08002315   Thumb Code    32  ofo_gprs.o(i._at_httppara1_response_deal)
    i._at_httppara2_response_deal            0x08002344   Section        0  ofo_gprs.o(i._at_httppara2_response_deal)
    _at_httppara2_response_deal              0x08002345   Thumb Code    32  ofo_gprs.o(i._at_httppara2_response_deal)
    i._at_httppara3_response_deal            0x08002374   Section        0  ofo_gprs.o(i._at_httppara3_response_deal)
    _at_httppara3_response_deal              0x08002375   Thumb Code    32  ofo_gprs.o(i._at_httppara3_response_deal)
    i._at_httppara4_response_deal            0x080023a4   Section        0  ofo_gprs.o(i._at_httppara4_response_deal)
    _at_httppara4_response_deal              0x080023a5   Thumb Code    36  ofo_gprs.o(i._at_httppara4_response_deal)
    i._at_httppost_action_response_deal      0x080023d8   Section        0  ofo_gprs.o(i._at_httppost_action_response_deal)
    _at_httppost_action_response_deal        0x080023d9   Thumb Code    60  ofo_gprs.o(i._at_httppost_action_response_deal)
    i._at_httppost_pre1_response_deal        0x08002444   Section        0  ofo_gprs.o(i._at_httppost_pre1_response_deal)
    _at_httppost_pre1_response_deal          0x08002445   Thumb Code    32  ofo_gprs.o(i._at_httppost_pre1_response_deal)
    i._at_httppost_pre_response_deal         0x08002474   Section        0  ofo_gprs.o(i._at_httppost_pre_response_deal)
    _at_httppost_pre_response_deal           0x08002475   Thumb Code    32  ofo_gprs.o(i._at_httppost_pre_response_deal)
    i._at_httpread_response_deal             0x080024a8   Section        0  ofo_gprs.o(i._at_httpread_response_deal)
    _at_httpread_response_deal               0x080024a9   Thumb Code    34  ofo_gprs.o(i._at_httpread_response_deal)
    i._at_httpterm_response_deal             0x080024e0   Section        0  ofo_gprs.o(i._at_httpterm_response_deal)
    _at_httpterm_response_deal               0x080024e1   Thumb Code    32  ofo_gprs.o(i._at_httpterm_response_deal)
    i._at_link_check_response_deal           0x08002510   Section        0  ofo_gprs.o(i._at_link_check_response_deal)
    _at_link_check_response_deal             0x08002511   Thumb Code    32  ofo_gprs.o(i._at_link_check_response_deal)
    i._at_request_cmd                        0x08002540   Section        0  ofo_gprs.o(i._at_request_cmd)
    _at_request_cmd                          0x08002541   Thumb Code   208  ofo_gprs.o(i._at_request_cmd)
    i._at_sapbr1_response_deal               0x0800262c   Section        0  ofo_gprs.o(i._at_sapbr1_response_deal)
    _at_sapbr1_response_deal                 0x0800262d   Thumb Code    32  ofo_gprs.o(i._at_sapbr1_response_deal)
    i._at_sapbr2_response_deal               0x0800265c   Section        0  ofo_gprs.o(i._at_sapbr2_response_deal)
    _at_sapbr2_response_deal                 0x0800265d   Thumb Code    32  ofo_gprs.o(i._at_sapbr2_response_deal)
    i._at_sapbr3_response_deal               0x0800268c   Section        0  ofo_gprs.o(i._at_sapbr3_response_deal)
    _at_sapbr3_response_deal                 0x0800268d   Thumb Code    60  ofo_gprs.o(i._at_sapbr3_response_deal)
    i._at_sapbr4_response_deal               0x080026e4   Section        0  ofo_gprs.o(i._at_sapbr4_response_deal)
    _at_sapbr4_response_deal                 0x080026e5   Thumb Code    32  ofo_gprs.o(i._at_sapbr4_response_deal)
    i._gprs_establish_connection             0x08002714   Section        0  ofo_gprs.o(i._gprs_establish_connection)
    _gprs_establish_connection               0x08002715   Thumb Code    66  ofo_gprs.o(i._gprs_establish_connection)
    i._gprs_uart_init                        0x08002770   Section        0  ofo_gprs.o(i._gprs_uart_init)
    _gprs_uart_init                          0x08002771   Thumb Code    58  ofo_gprs.o(i._gprs_uart_init)
    i._gprs_uart_send_data                   0x080027b8   Section        0  ofo_gprs.o(i._gprs_uart_send_data)
    _gprs_uart_send_data                     0x080027b9   Thumb Code    34  ofo_gprs.o(i._gprs_uart_send_data)
    i._gprs_uart_send_timer_creat            0x080027e4   Section        0  ofo_gprs.o(i._gprs_uart_send_timer_creat)
    _gprs_uart_send_timer_creat              0x080027e5   Thumb Code   104  ofo_gprs.o(i._gprs_uart_send_timer_creat)
    i._printf_core                           0x0800285c   Section        0  printf3.o(i._printf_core)
    _printf_core                             0x0800285d   Thumb Code   436  printf3.o(i._printf_core)
    i._sputc                                 0x08002a1a   Section        0  printf3.o(i._sputc)
    _sputc                                   0x08002a1b   Thumb Code    10  printf3.o(i._sputc)
    i._string_find                           0x08002a24   Section        0  ofo_gprs.o(i._string_find)
    _string_find                             0x08002a25   Thumb Code    64  ofo_gprs.o(i._string_find)
    i.gprs_close                             0x08002a64   Section        0  ofo_gprs.o(i.gprs_close)
    i.gprs_http_request_send                 0x08002aac   Section        0  ofo_gprs.o(i.gprs_http_request_send)
    i.gprs_init                              0x08002ae8   Section        0  ofo_gprs.o(i.gprs_init)
    i.gprs_response_data_deal                0x08002b04   Section        0  ofo_gprs.o(i.gprs_response_data_deal)
    i.gprs_uart_rx_data_deal                 0x08002b7c   Section        0  ofo_gprs.o(i.gprs_uart_rx_data_deal)
    i.main                                   0x08002c90   Section        0  main.o(i.main)
    .constdata                               0x08002cc8   Section       64  system_stm32l4xx.o(.constdata)
    .constdata                               0x08002d08   Section        8  system_stm32l4xx.o(.constdata)
    .conststring                             0x08002d10   Section      254  main.o(.conststring)
    .conststring                             0x08002e10   Section      445  ofo_gprs.o(.conststring)
    .data                                    0x20000000   Section        1  stm32l4xx_it.o(.data)
    .data                                    0x20000004   Section      512  ofo_gprs.o(.data)
    tmpCmdID                                 0x20000004   Data           1  ofo_gprs.o(.data)
    okFlag                                   0x20000005   Data           1  ofo_gprs.o(.data)
    okFlag                                   0x20000006   Data           1  ofo_gprs.o(.data)
    postTimes                                0x20000007   Data           1  ofo_gprs.o(.data)
    isStartGetData                           0x20000008   Data           1  ofo_gprs.o(.data)
    sendCnts                                 0x2000000a   Data           2  ofo_gprs.o(.data)
    timeval                                  0x2000000c   Data           2  ofo_gprs.o(.data)
    index                                    0x2000000e   Data           2  ofo_gprs.o(.data)
    .data                                    0x20000204   Section        4  stm32l4xx_hal.o(.data)
    .data                                    0x20000208   Section        4  system_stm32l4xx.o(.data)
    .bss                                     0x2000020c   Section     1180  ofo_gprs.o(.bss)
    tmpBuf                                   0x2000020c   Data          30  ofo_gprs.o(.bss)
    rcvBuf                                   0x2000022a   Data         128  ofo_gprs.o(.bss)
    tmpBuf                                   0x200002aa   Data         128  ofo_gprs.o(.bss)
    gGprsPara                                0x200003d8   Data         720  ofo_gprs.o(.bss)
    STACK                                    0x200006a8   Section     1024  startup_stm32l476xx.o(STACK)

    Global Symbols

    Symbol Name                              Value     Ov Type        Size  Object(Section)

    BuildAttributes$$THM_ISAv4$E$P$D$K$B$S$7EM$VFPi3$EXTD16$VFPS$VFMA$PE$A:L22UL41UL21$X:L11$S22US41US21$IEEE1$IW$USESV6$~STKCKD$USESV7$~SHL$OSPACE$ROPI$EBA8$MICROLIB$REQ8$PRES8$EABIv2 0x00000000   Number         0  anon$$obj.o ABSOLUTE
    __ARM_use_no_argv                        0x00000000   Number         0  main.o ABSOLUTE
    _printf_a                                0x00000000   Number         0  stubs.o ABSOLUTE
    _printf_c                                0x00000000   Number         0  stubs.o ABSOLUTE
    _printf_charcount                        0x00000000   Number         0  stubs.o ABSOLUTE
    _printf_d                                0x00000000   Number         0  stubs.o ABSOLUTE
    _printf_e                                0x00000000   Number         0  stubs.o ABSOLUTE
    _printf_f                                0x00000000   Number         0  stubs.o ABSOLUTE
    _printf_flags                            0x00000000   Number         0  stubs.o ABSOLUTE
    _printf_fp_dec                           0x00000000   Number         0  stubs.o ABSOLUTE
    _printf_fp_hex                           0x00000000   Number         0  stubs.o ABSOLUTE
    _printf_g                                0x00000000   Number         0  stubs.o ABSOLUTE
    _printf_i                                0x00000000   Number         0  stubs.o ABSOLUTE
    _printf_int_dec                          0x00000000   Number         0  stubs.o ABSOLUTE
    _printf_l                                0x00000000   Number         0  stubs.o ABSOLUTE
    _printf_lc                               0x00000000   Number         0  stubs.o ABSOLUTE
    _printf_ll                               0x00000000   Number         0  stubs.o ABSOLUTE
    _printf_lld                              0x00000000   Number         0  stubs.o ABSOLUTE
    _printf_lli                              0x00000000   Number         0  stubs.o ABSOLUTE
    _printf_llo                              0x00000000   Number         0  stubs.o ABSOLUTE
    _printf_llu                              0x00000000   Number         0  stubs.o ABSOLUTE
    _printf_llx                              0x00000000   Number         0  stubs.o ABSOLUTE
    _printf_longlong_dec                     0x00000000   Number         0  stubs.o ABSOLUTE
    _printf_longlong_hex                     0x00000000   Number         0  stubs.o ABSOLUTE
    _printf_longlong_oct                     0x00000000   Number         0  stubs.o ABSOLUTE
    _printf_ls                               0x00000000   Number         0  stubs.o ABSOLUTE
    _printf_mbtowc                           0x00000000   Number         0  stubs.o ABSOLUTE
    _printf_n                                0x00000000   Number         0  stubs.o ABSOLUTE
    _printf_o                                0x00000000   Number         0  stubs.o ABSOLUTE
    _printf_p                                0x00000000   Number         0  stubs.o ABSOLUTE
    _printf_percent                          0x00000000   Number         0  stubs.o ABSOLUTE
    _printf_pre_padding                      0x00000000   Number         0  stubs.o ABSOLUTE
    _printf_return_value                     0x00000000   Number         0  stubs.o ABSOLUTE
    _printf_s                                0x00000000   Number         0  stubs.o ABSOLUTE
    _printf_sizespec                         0x00000000   Number         0  stubs.o ABSOLUTE
    _printf_str                              0x00000000   Number         0  stubs.o ABSOLUTE
    _printf_truncate_signed                  0x00000000   Number         0  stubs.o ABSOLUTE
    _printf_truncate_unsigned                0x00000000   Number         0  stubs.o ABSOLUTE
    _printf_u                                0x00000000   Number         0  stubs.o ABSOLUTE
    _printf_wc                               0x00000000   Number         0  stubs.o ABSOLUTE
    _printf_wctomb                           0x00000000   Number         0  stubs.o ABSOLUTE
    _printf_widthprec                        0x00000000   Number         0  stubs.o ABSOLUTE
    _printf_x                                0x00000000   Number         0  stubs.o ABSOLUTE
    __cpp_initialize__aeabi_                  - Undefined Weak Reference
    __cxa_finalize                            - Undefined Weak Reference
    _clock_init                               - Undefined Weak Reference
    _microlib_exit                            - Undefined Weak Reference
    __Vectors_Size                           0x00000188   Number         0  startup_stm32l476xx.o ABSOLUTE
    __Vectors                                0x08000000   Data           4  startup_stm32l476xx.o(RESET)
    __Vectors_End                            0x08000188   Data           0  startup_stm32l476xx.o(RESET)
    __main                                   0x08000189   Thumb Code     0  entry.o(.ARM.Collect$$$$00000000)
    _main_stk                                0x08000189   Thumb Code     0  entry2.o(.ARM.Collect$$$$00000001)
    _main_scatterload                        0x0800018d   Thumb Code     0  entry5.o(.ARM.Collect$$$$00000004)
    __main_after_scatterload                 0x08000191   Thumb Code     0  entry5.o(.ARM.Collect$$$$00000004)
    _main_clock                              0x08000191   Thumb Code     0  entry7b.o(.ARM.Collect$$$$00000008)
    _main_cpp_init                           0x08000191   Thumb Code     0  entry8b.o(.ARM.Collect$$$$0000000A)
    _main_init                               0x08000191   Thumb Code     0  entry9a.o(.ARM.Collect$$$$0000000B)
    __rt_final_cpp                           0x08000199   Thumb Code     0  entry10a.o(.ARM.Collect$$$$0000000D)
    __rt_final_exit                          0x08000199   Thumb Code     0  entry11a.o(.ARM.Collect$$$$0000000F)
    Reset_Handler                            0x0800019d   Thumb Code     8  startup_stm32l476xx.o(.text)
    ADC1_2_IRQHandler                        0x080001b7   Thumb Code     0  startup_stm32l476xx.o(.text)
    ADC3_IRQHandler                          0x080001b7   Thumb Code     0  startup_stm32l476xx.o(.text)
    CAN1_RX0_IRQHandler                      0x080001b7   Thumb Code     0  startup_stm32l476xx.o(.text)
    CAN1_RX1_IRQHandler                      0x080001b7   Thumb Code     0  startup_stm32l476xx.o(.text)
    CAN1_SCE_IRQHandler                      0x080001b7   Thumb Code     0  startup_stm32l476xx.o(.text)
    CAN1_TX_IRQHandler                       0x080001b7   Thumb Code     0  startup_stm32l476xx.o(.text)
    COMP_IRQHandler                          0x080001b7   Thumb Code     0  startup_stm32l476xx.o(.text)
    DFSDM1_FLT0_IRQHandler                   0x080001b7   Thumb Code     0  startup_stm32l476xx.o(.text)
    DFSDM1_FLT1_IRQHandler                   0x080001b7   Thumb Code     0  startup_stm32l476xx.o(.text)
    DFSDM1_FLT2_IRQHandler                   0x080001b7   Thumb Code     0  startup_stm32l476xx.o(.text)
    DFSDM1_FLT3_IRQHandler                   0x080001b7   Thumb Code     0  startup_stm32l476xx.o(.text)
    DMA1_Channel1_IRQHandler                 0x080001b7   Thumb Code     0  startup_stm32l476xx.o(.text)
    DMA1_Channel2_IRQHandler                 0x080001b7   Thumb Code     0  startup_stm32l476xx.o(.text)
    DMA1_Channel3_IRQHandler                 0x080001b7   Thumb Code     0  startup_stm32l476xx.o(.text)
    DMA1_Channel4_IRQHandler                 0x080001b7   Thumb Code     0  startup_stm32l476xx.o(.text)
    DMA1_Channel5_IRQHandler                 0x080001b7   Thumb Code     0  startup_stm32l476xx.o(.text)
    DMA1_Channel6_IRQHandler                 0x080001b7   Thumb Code     0  startup_stm32l476xx.o(.text)
    DMA1_Channel7_IRQHandler                 0x080001b7   Thumb Code     0  startup_stm32l476xx.o(.text)
    DMA2_Channel1_IRQHandler                 0x080001b7   Thumb Code     0  startup_stm32l476xx.o(.text)
    DMA2_Channel2_IRQHandler                 0x080001b7   Thumb Code     0  startup_stm32l476xx.o(.text)
    DMA2_Channel3_IRQHandler                 0x080001b7   Thumb Code     0  startup_stm32l476xx.o(.text)
    DMA2_Channel4_IRQHandler                 0x080001b7   Thumb Code     0  startup_stm32l476xx.o(.text)
    DMA2_Channel5_IRQHandler                 0x080001b7   Thumb Code     0  startup_stm32l476xx.o(.text)
    DMA2_Channel6_IRQHandler                 0x080001b7   Thumb Code     0  startup_stm32l476xx.o(.text)
    DMA2_Channel7_IRQHandler                 0x080001b7   Thumb Code     0  startup_stm32l476xx.o(.text)
    EXTI0_IRQHandler                         0x080001b7   Thumb Code     0  startup_stm32l476xx.o(.text)
    EXTI15_10_IRQHandler                     0x080001b7   Thumb Code     0  startup_stm32l476xx.o(.text)
    EXTI1_IRQHandler                         0x080001b7   Thumb Code     0  startup_stm32l476xx.o(.text)
    EXTI2_IRQHandler                         0x080001b7   Thumb Code     0  startup_stm32l476xx.o(.text)
    EXTI3_IRQHandler                         0x080001b7   Thumb Code     0  startup_stm32l476xx.o(.text)
    EXTI4_IRQHandler                         0x080001b7   Thumb Code     0  startup_stm32l476xx.o(.text)
    EXTI9_5_IRQHandler                       0x080001b7   Thumb Code     0  startup_stm32l476xx.o(.text)
    FLASH_IRQHandler                         0x080001b7   Thumb Code     0  startup_stm32l476xx.o(.text)
    FMC_IRQHandler                           0x080001b7   Thumb Code     0  startup_stm32l476xx.o(.text)
    FPU_IRQHandler                           0x080001b7   Thumb Code     0  startup_stm32l476xx.o(.text)
    I2C1_ER_IRQHandler                       0x080001b7   Thumb Code     0  startup_stm32l476xx.o(.text)
    I2C1_EV_IRQHandler                       0x080001b7   Thumb Code     0  startup_stm32l476xx.o(.text)
    I2C2_ER_IRQHandler                       0x080001b7   Thumb Code     0  startup_stm32l476xx.o(.text)
    I2C2_EV_IRQHandler                       0x080001b7   Thumb Code     0  startup_stm32l476xx.o(.text)
    I2C3_ER_IRQHandler                       0x080001b7   Thumb Code     0  startup_stm32l476xx.o(.text)
    I2C3_EV_IRQHandler                       0x080001b7   Thumb Code     0  startup_stm32l476xx.o(.text)
    LCD_IRQHandler                           0x080001b7   Thumb Code     0  startup_stm32l476xx.o(.text)
    LPTIM1_IRQHandler                        0x080001b7   Thumb Code     0  startup_stm32l476xx.o(.text)
    LPTIM2_IRQHandler                        0x080001b7   Thumb Code     0  startup_stm32l476xx.o(.text)
    LPUART1_IRQHandler                       0x080001b7   Thumb Code     0  startup_stm32l476xx.o(.text)
    OTG_FS_IRQHandler                        0x080001b7   Thumb Code     0  startup_stm32l476xx.o(.text)
    PVD_PVM_IRQHandler                       0x080001b7   Thumb Code     0  startup_stm32l476xx.o(.text)
    QUADSPI_IRQHandler                       0x080001b7   Thumb Code     0  startup_stm32l476xx.o(.text)
    RCC_IRQHandler                           0x080001b7   Thumb Code     0  startup_stm32l476xx.o(.text)
    RNG_IRQHandler                           0x080001b7   Thumb Code     0  startup_stm32l476xx.o(.text)
    RTC_Alarm_IRQHandler                     0x080001b7   Thumb Code     0  startup_stm32l476xx.o(.text)
    RTC_WKUP_IRQHandler                      0x080001b7   Thumb Code     0  startup_stm32l476xx.o(.text)
    SAI1_IRQHandler                          0x080001b7   Thumb Code     0  startup_stm32l476xx.o(.text)
    SAI2_IRQHandler                          0x080001b7   Thumb Code     0  startup_stm32l476xx.o(.text)
    SDMMC1_IRQHandler                        0x080001b7   Thumb Code     0  startup_stm32l476xx.o(.text)
    SPI1_IRQHandler                          0x080001b7   Thumb Code     0  startup_stm32l476xx.o(.text)
    SPI2_IRQHandler                          0x080001b7   Thumb Code     0  startup_stm32l476xx.o(.text)
    SPI3_IRQHandler                          0x080001b7   Thumb Code     0  startup_stm32l476xx.o(.text)
    SWPMI1_IRQHandler                        0x080001b7   Thumb Code     0  startup_stm32l476xx.o(.text)
    TAMP_STAMP_IRQHandler                    0x080001b7   Thumb Code     0  startup_stm32l476xx.o(.text)
    TIM1_BRK_TIM15_IRQHandler                0x080001b7   Thumb Code     0  startup_stm32l476xx.o(.text)
    TIM1_CC_IRQHandler                       0x080001b7   Thumb Code     0  startup_stm32l476xx.o(.text)
    TIM1_TRG_COM_TIM17_IRQHandler            0x080001b7   Thumb Code     0  startup_stm32l476xx.o(.text)
    TIM1_UP_TIM16_IRQHandler                 0x080001b7   Thumb Code     0  startup_stm32l476xx.o(.text)
    TIM2_IRQHandler                          0x080001b7   Thumb Code     0  startup_stm32l476xx.o(.text)
    TIM4_IRQHandler                          0x080001b7   Thumb Code     0  startup_stm32l476xx.o(.text)
    TIM5_IRQHandler                          0x080001b7   Thumb Code     0  startup_stm32l476xx.o(.text)
    TIM6_DAC_IRQHandler                      0x080001b7   Thumb Code     0  startup_stm32l476xx.o(.text)
    TIM7_IRQHandler                          0x080001b7   Thumb Code     0  startup_stm32l476xx.o(.text)
    TIM8_BRK_IRQHandler                      0x080001b7   Thumb Code     0  startup_stm32l476xx.o(.text)
    TIM8_CC_IRQHandler                       0x080001b7   Thumb Code     0  startup_stm32l476xx.o(.text)
    TIM8_TRG_COM_IRQHandler                  0x080001b7   Thumb Code     0  startup_stm32l476xx.o(.text)
    TIM8_UP_IRQHandler                       0x080001b7   Thumb Code     0  startup_stm32l476xx.o(.text)
    TSC_IRQHandler                           0x080001b7   Thumb Code     0  startup_stm32l476xx.o(.text)
    UART4_IRQHandler                         0x080001b7   Thumb Code     0  startup_stm32l476xx.o(.text)
    UART5_IRQHandler                         0x080001b7   Thumb Code     0  startup_stm32l476xx.o(.text)
    USART1_IRQHandler                        0x080001b7   Thumb Code     0  startup_stm32l476xx.o(.text)
    USART3_IRQHandler                        0x080001b7   Thumb Code     0  startup_stm32l476xx.o(.text)
    WWDG_IRQHandler                          0x080001b7   Thumb Code     0  startup_stm32l476xx.o(.text)
    __aeabi_uldivmod                         0x080001c1   Thumb Code    98  uldiv.o(.text)
    __aeabi_memcpy                           0x08000229   Thumb Code    36  memcpya.o(.text)
    __aeabi_memcpy4                          0x08000229   Thumb Code     0  memcpya.o(.text)
    __aeabi_memcpy8                          0x08000229   Thumb Code     0  memcpya.o(.text)
    __aeabi_memset                           0x0800024d   Thumb Code    14  memseta.o(.text)
    __aeabi_memset4                          0x0800024d   Thumb Code     0  memseta.o(.text)
    __aeabi_memset8                          0x0800024d   Thumb Code     0  memseta.o(.text)
    __aeabi_memclr                           0x0800025b   Thumb Code     4  memseta.o(.text)
    __aeabi_memclr4                          0x0800025b   Thumb Code     0  memseta.o(.text)
    __aeabi_memclr8                          0x0800025b   Thumb Code     0  memseta.o(.text)
    _memset$wrapper                          0x0800025f   Thumb Code    18  memseta.o(.text)
    strstr                                   0x08000271   Thumb Code    36  strstr.o(.text)
    strlen                                   0x08000295   Thumb Code    14  strlen.o(.text)
    strcmp                                   0x080002a3   Thumb Code    28  strcmp.o(.text)
    strcpy                                   0x080002bf   Thumb Code    18  strcpy.o(.text)
    __aeabi_uidiv                            0x080002d1   Thumb Code     0  uidiv.o(.text)
    __aeabi_uidivmod                         0x080002d1   Thumb Code    44  uidiv.o(.text)
    __aeabi_llsl                             0x080002fd   Thumb Code    30  llshl.o(.text)
    _ll_shift_l                              0x080002fd   Thumb Code     0  llshl.o(.text)
    __aeabi_llsr                             0x0800031b   Thumb Code    32  llushr.o(.text)
    _ll_ushift_r                             0x0800031b   Thumb Code     0  llushr.o(.text)
    __scatterload                            0x0800033d   Thumb Code    28  init.o(.text)
    __scatterload_rt2                        0x0800033d   Thumb Code     0  init.o(.text)
    __decompress                             0x08000361   Thumb Code     0  __dczerorl2.o(.text)
    __decompress1                            0x08000361   Thumb Code    86  __dczerorl2.o(.text)
    BusFault_Handler                         0x080003b7   Thumb Code     2  stm32l4xx_it.o(i.BusFault_Handler)
    DebugMon_Handler                         0x080003b9   Thumb Code     2  stm32l4xx_it.o(i.DebugMon_Handler)
    HAL_Delay                                0x080003bb   Thumb Code    28  stm32l4xx_hal.o(i.HAL_Delay)
    HAL_GPIO_Init                            0x080003d9   Thumb Code   414  stm32l4xx_hal_gpio.o(i.HAL_GPIO_Init)
    HAL_GetTick                              0x080005a5   Thumb Code     6  stm32l4xx_hal.o(i.HAL_GetTick)
    HAL_IncTick                              0x080005b1   Thumb Code    10  stm32l4xx_hal.o(i.HAL_IncTick)
    HAL_Init                                 0x080005c1   Thumb Code    22  stm32l4xx_hal.o(i.HAL_Init)
    HAL_InitTick                             0x080005d9   Thumb Code    34  stm32l4xx_hal.o(i.HAL_InitTick)
    HAL_MspInit                              0x08000601   Thumb Code   122  stm32l4xx_hal_msp.o(i.HAL_MspInit)
    HAL_NVIC_EnableIRQ                       0x08000681   Thumb Code    22  stm32l4xx_hal_cortex.o(i.HAL_NVIC_EnableIRQ)
    HAL_NVIC_SetPriority                     0x08000699   Thumb Code    60  stm32l4xx_hal_cortex.o(i.HAL_NVIC_SetPriority)
    HAL_NVIC_SetPriorityGrouping             0x080006d9   Thumb Code    26  stm32l4xx_hal_cortex.o(i.HAL_NVIC_SetPriorityGrouping)
    HAL_PWREx_ControlVoltageScaling          0x080006fd   Thumb Code    86  stm32l4xx_hal_pwr_ex.o(i.HAL_PWREx_ControlVoltageScaling)
    HAL_PWREx_GetVoltageRange                0x08000761   Thumb Code    10  stm32l4xx_hal_pwr_ex.o(i.HAL_PWREx_GetVoltageRange)
    HAL_RCCEx_PeriphCLKConfig                0x08000771   Thumb Code   928  stm32l4xx_hal_rcc_ex.o(i.HAL_RCCEx_PeriphCLKConfig)
    HAL_RCC_ClockConfig                      0x08000b21   Thumb Code   368  stm32l4xx_hal_rcc.o(i.HAL_RCC_ClockConfig)
    HAL_RCC_GetHCLKFreq                      0x08000ca1   Thumb Code     6  stm32l4xx_hal_rcc.o(i.HAL_RCC_GetHCLKFreq)
    HAL_RCC_GetPCLK1Freq                     0x08000cad   Thumb Code    34  stm32l4xx_hal_rcc.o(i.HAL_RCC_GetPCLK1Freq)
    HAL_RCC_GetPCLK2Freq                     0x08000cdd   Thumb Code    34  stm32l4xx_hal_rcc.o(i.HAL_RCC_GetPCLK2Freq)
    HAL_RCC_GetSysClockFreq                  0x08000d0d   Thumb Code   238  stm32l4xx_hal_rcc.o(i.HAL_RCC_GetSysClockFreq)
    HAL_RCC_OscConfig                        0x08000e09   Thumb Code  1152  stm32l4xx_hal_rcc.o(i.HAL_RCC_OscConfig)
    HAL_SYSTICK_CLKSourceConfig              0x08001289   Thumb Code    24  stm32l4xx_hal_cortex.o(i.HAL_SYSTICK_CLKSourceConfig)
    HAL_SYSTICK_Callback                     0x080012a1   Thumb Code     2  stm32l4xx_hal_cortex.o(i.HAL_SYSTICK_Callback)
    HAL_SYSTICK_Config                       0x080012a3   Thumb Code    40  stm32l4xx_hal_cortex.o(i.HAL_SYSTICK_Config)
    HAL_SYSTICK_IRQHandler                   0x080012cb   Thumb Code     8  stm32l4xx_hal_cortex.o(i.HAL_SYSTICK_IRQHandler)
    HAL_TIMEx_BreakCallback                  0x080012d3   Thumb Code     2  stm32l4xx_hal_tim_ex.o(i.HAL_TIMEx_BreakCallback)
    HAL_TIMEx_CommutationCallback            0x080012d5   Thumb Code     2  stm32l4xx_hal_tim_ex.o(i.HAL_TIMEx_CommutationCallback)
    HAL_TIM_Base_Init                        0x080012d7   Thumb Code    54  stm32l4xx_hal_tim.o(i.HAL_TIM_Base_Init)
    HAL_TIM_Base_MspInit                     0x0800130d   Thumb Code     2  stm32l4xx_hal_tim.o(i.HAL_TIM_Base_MspInit)
    HAL_TIM_Base_Start                       0x0800130f   Thumb Code    26  stm32l4xx_hal_tim.o(i.HAL_TIM_Base_Start)
    HAL_TIM_Base_Start_IT                    0x08001329   Thumb Code    24  stm32l4xx_hal_tim.o(i.HAL_TIM_Base_Start_IT)
    HAL_TIM_Base_Stop_IT                     0x08001341   Thumb Code    42  stm32l4xx_hal_tim.o(i.HAL_TIM_Base_Stop_IT)
    HAL_TIM_IC_CaptureCallback               0x0800136b   Thumb Code     2  stm32l4xx_hal_tim.o(i.HAL_TIM_IC_CaptureCallback)
    HAL_TIM_IRQHandler                       0x0800136d   Thumb Code   358  stm32l4xx_hal_tim.o(i.HAL_TIM_IRQHandler)
    HAL_TIM_OC_DelayElapsedCallback          0x080014d3   Thumb Code     2  stm32l4xx_hal_tim.o(i.HAL_TIM_OC_DelayElapsedCallback)
    HAL_TIM_PWM_PulseFinishedCallback        0x080014d5   Thumb Code     2  stm32l4xx_hal_tim.o(i.HAL_TIM_PWM_PulseFinishedCallback)
    HAL_TIM_PeriodElapsedCallback            0x080014d7   Thumb Code     2  stm32l4xx_hal_tim.o(i.HAL_TIM_PeriodElapsedCallback)
    HAL_TIM_TriggerCallback                  0x080014d9   Thumb Code     2  stm32l4xx_hal_tim.o(i.HAL_TIM_TriggerCallback)
    HAL_UART_Init                            0x080014db   Thumb Code   106  stm32l4xx_hal_uart.o(i.HAL_UART_Init)
    HAL_UART_MspInit                         0x08001545   Thumb Code    80  stm32l4xx_hal_msp.o(i.HAL_UART_MspInit)
    HAL_UART_Transmit                        0x0800159d   Thumb Code   180  stm32l4xx_hal_uart.o(i.HAL_UART_Transmit)
    HardFault_Handler                        0x08001651   Thumb Code     2  stm32l4xx_it.o(i.HardFault_Handler)
    MemManage_Handler                        0x08001653   Thumb Code     2  stm32l4xx_it.o(i.MemManage_Handler)
    NMI_Handler                              0x08001655   Thumb Code     2  stm32l4xx_it.o(i.NMI_Handler)
    PendSV_Handler                           0x08001677   Thumb Code     2  stm32l4xx_it.o(i.PendSV_Handler)
    SVC_Handler                              0x08001999   Thumb Code     2  stm32l4xx_it.o(i.SVC_Handler)
    SysTick_Handler                          0x0800199b   Thumb Code    14  stm32l4xx_it.o(i.SysTick_Handler)
    SystemClock_Config                       0x080019a9   Thumb Code   136  main.o(i.SystemClock_Config)
    SystemInit                               0x08001a31   Thumb Code    56  system_stm32l4xx.o(i.SystemInit)
    TIM3_IRQHandler                          0x08001a75   Thumb Code    32  ofo_gprs.o(i.TIM3_IRQHandler)
    TIM_Base_SetConfig                       0x08001a99   Thumb Code   152  stm32l4xx_hal_tim.o(i.TIM_Base_SetConfig)
    UART_AdvFeatureConfig                    0x08001b51   Thumb Code   200  stm32l4xx_hal_uart.o(i.UART_AdvFeatureConfig)
    UART_CheckIdleState                      0x08001c19   Thumb Code    92  stm32l4xx_hal_uart.o(i.UART_CheckIdleState)
    UART_SetConfig                           0x08001c75   Thumb Code   614  stm32l4xx_hal_uart.o(i.UART_SetConfig)
    UART_WaitOnFlagUntilTimeout              0x08001f0d   Thumb Code   100  stm32l4xx_hal_uart.o(i.UART_WaitOnFlagUntilTimeout)
    USART2_IRQHandler                        0x08001f71   Thumb Code    38  stm32l4xx_it.o(i.USART2_IRQHandler)
    UsageFault_Handler                       0x08001fa1   Thumb Code     2  stm32l4xx_it.o(i.UsageFault_Handler)
    _Error_Handler                           0x08001fa3   Thumb Code     2  main.o(i._Error_Handler)
    __0sprintf$3                             0x08001fa5   Thumb Code    34  printf3.o(i.__0sprintf$3)
    __1sprintf$3                             0x08001fa5   Thumb Code     0  printf3.o(i.__0sprintf$3)
    __2sprintf                               0x08001fa5   Thumb Code     0  printf3.o(i.__0sprintf$3)
    __scatterload_copy                       0x08001fcd   Thumb Code    14  handlers.o(i.__scatterload_copy)
    __scatterload_null                       0x08001fdb   Thumb Code     2  handlers.o(i.__scatterload_null)
    __scatterload_zeroinit                   0x08001fdd   Thumb Code    14  handlers.o(i.__scatterload_zeroinit)
    gprs_close                               0x08002a65   Thumb Code    62  ofo_gprs.o(i.gprs_close)
    gprs_http_request_send                   0x08002aad   Thumb Code    56  ofo_gprs.o(i.gprs_http_request_send)
    gprs_init                                0x08002ae9   Thumb Code    24  ofo_gprs.o(i.gprs_init)
    gprs_response_data_deal                  0x08002b05   Thumb Code   106  ofo_gprs.o(i.gprs_response_data_deal)
    gprs_uart_rx_data_deal                   0x08002b7d   Thumb Code   236  ofo_gprs.o(i.gprs_uart_rx_data_deal)
    main                                     0x08002c91   Thumb Code    48  main.o(i.main)
    AHBPrescTable                            0x08002cc8   Data          16  system_stm32l4xx.o(.constdata)
    MSIRangeTable                            0x08002cd8   Data          48  system_stm32l4xx.o(.constdata)
    APBPrescTable                            0x08002d08   Data           8  system_stm32l4xx.o(.constdata)
    Region$$Table$$Base                      0x08002fd0   Number         0  anon$$obj.o(Region$$Table)
    Region$$Table$$Limit                     0x08002ff0   Number         0  anon$$obj.o(Region$$Table)
    RxBuf                                    0x20000000   Data           1  stm32l4xx_it.o(.data)
    gAtCmdCenter                             0x20000010   Data         500  ofo_gprs.o(.data)
    uwTick                                   0x20000204   Data           4  stm32l4xx_hal.o(.data)
    SystemCoreClock                          0x20000208   Data           4  system_stm32l4xx.o(.data)
    gprsTimerId                              0x2000032c   Data          60  ofo_gprs.o(.bss)
    huart2                                   0x20000368   Data         112  ofo_gprs.o(.bss)
    __initial_sp                             0x20000aa8   Data           0  startup_stm32l476xx.o(STACK)



==============================================================================

Memory Map of the image

  Image Entry point : 0x08000189

  Load Region LR_IROM1 (Base: 0x08000000, Size: 0x000031fc, Max: 0x00100000, ABSOLUTE, COMPRESSED[0x000030dc])

    Execution Region ER_IROM1 (Base: 0x08000000, Size: 0x00002ff0, Max: 0x00100000, ABSOLUTE)

    Base Addr    Size         Type   Attr      Idx    E Section Name        Object

    0x08000000   0x00000188   Data   RO         3671    RESET               startup_stm32l476xx.o
    0x08000188   0x00000000   Code   RO         3676  * .ARM.Collect$$$$00000000  mc_w.l(entry.o)
    0x08000188   0x00000004   Code   RO         3984    .ARM.Collect$$$$00000001  mc_w.l(entry2.o)
    0x0800018c   0x00000004   Code   RO         3987    .ARM.Collect$$$$00000004  mc_w.l(entry5.o)
    0x08000190   0x00000000   Code   RO         3989    .ARM.Collect$$$$00000008  mc_w.l(entry7b.o)
    0x08000190   0x00000000   Code   RO         3991    .ARM.Collect$$$$0000000A  mc_w.l(entry8b.o)
    0x08000190   0x00000008   Code   RO         3992    .ARM.Collect$$$$0000000B  mc_w.l(entry9a.o)
    0x08000198   0x00000000   Code   RO         3994    .ARM.Collect$$$$0000000D  mc_w.l(entry10a.o)
    0x08000198   0x00000000   Code   RO         3996    .ARM.Collect$$$$0000000F  mc_w.l(entry11a.o)
    0x08000198   0x00000004   Code   RO         3985    .ARM.Collect$$$$00002712  mc_w.l(entry2.o)
    0x0800019c   0x00000024   Code   RO         3672    .text               startup_stm32l476xx.o
    0x080001c0   0x00000068   Code   RO         3679    .text               mc_w.l(uldiv.o)
    0x08000228   0x00000024   Code   RO         3681    .text               mc_w.l(memcpya.o)
    0x0800024c   0x00000024   Code   RO         3683    .text               mc_w.l(memseta.o)
    0x08000270   0x00000024   Code   RO         3685    .text               mc_w.l(strstr.o)
    0x08000294   0x0000000e   Code   RO         3687    .text               mc_w.l(strlen.o)
    0x080002a2   0x0000001c   Code   RO         3689    .text               mc_w.l(strcmp.o)
    0x080002be   0x00000012   Code   RO         3691    .text               mc_w.l(strcpy.o)
    0x080002d0   0x0000002c   Code   RO         4001    .text               mc_w.l(uidiv.o)
    0x080002fc   0x0000001e   Code   RO         4003    .text               mc_w.l(llshl.o)
    0x0800031a   0x00000020   Code   RO         4005    .text               mc_w.l(llushr.o)
    0x0800033a   0x00000002   PAD
    0x0800033c   0x00000024   Code   RO         4020    .text               mc_w.l(init.o)
    0x08000360   0x00000056   Code   RO         4036    .text               mc_w.l(__dczerorl2.o)
    0x080003b6   0x00000002   Code   RO          185    i.BusFault_Handler  stm32l4xx_it.o
    0x080003b8   0x00000002   Code   RO          186    i.DebugMon_Handler  stm32l4xx_it.o
    0x080003ba   0x0000001c   Code   RO         2374    i.HAL_Delay         stm32l4xx_hal.o
    0x080003d6   0x00000002   PAD
    0x080003d8   0x000001ca   Code   RO         2906    i.HAL_GPIO_Init     stm32l4xx_hal_gpio.o
    0x080005a2   0x00000002   PAD
    0x080005a4   0x0000000c   Code   RO         2378    i.HAL_GetTick       stm32l4xx_hal.o
    0x080005b0   0x00000010   Code   RO         2379    i.HAL_IncTick       stm32l4xx_hal.o
    0x080005c0   0x00000016   Code   RO         2380    i.HAL_Init          stm32l4xx_hal.o
    0x080005d6   0x00000002   PAD
    0x080005d8   0x00000028   Code   RO         2381    i.HAL_InitTick      stm32l4xx_hal.o
    0x08000600   0x00000080   Code   RO          149    i.HAL_MspInit       stm32l4xx_hal_msp.o
    0x08000680   0x00000016   Code   RO         1882    i.HAL_NVIC_EnableIRQ  stm32l4xx_hal_cortex.o
    0x08000696   0x00000002   PAD
    0x08000698   0x00000040   Code   RO         1888    i.HAL_NVIC_SetPriority  stm32l4xx_hal_cortex.o
    0x080006d8   0x00000024   Code   RO         1889    i.HAL_NVIC_SetPriorityGrouping  stm32l4xx_hal_cortex.o
    0x080006fc   0x00000064   Code   RO          602    i.HAL_PWREx_ControlVoltageScaling  stm32l4xx_hal_pwr_ex.o
    0x08000760   0x00000010   Code   RO          633    i.HAL_PWREx_GetVoltageRange  stm32l4xx_hal_pwr_ex.o
    0x08000770   0x000003ae   Code   RO         3412    i.HAL_RCCEx_PeriphCLKConfig  stm32l4xx_hal_rcc_ex.o
    0x08000b1e   0x00000002   PAD
    0x08000b20   0x00000180   Code   RO         3534    i.HAL_RCC_ClockConfig  stm32l4xx_hal_rcc.o
    0x08000ca0   0x0000000c   Code   RO         3538    i.HAL_RCC_GetHCLKFreq  stm32l4xx_hal_rcc.o
    0x08000cac   0x00000030   Code   RO         3540    i.HAL_RCC_GetPCLK1Freq  stm32l4xx_hal_rcc.o
    0x08000cdc   0x00000030   Code   RO         3541    i.HAL_RCC_GetPCLK2Freq  stm32l4xx_hal_rcc.o
    0x08000d0c   0x000000fc   Code   RO         3542    i.HAL_RCC_GetSysClockFreq  stm32l4xx_hal_rcc.o
    0x08000e08   0x00000480   Code   RO         3545    i.HAL_RCC_OscConfig  stm32l4xx_hal_rcc.o
    0x08001288   0x00000018   Code   RO         1891    i.HAL_SYSTICK_CLKSourceConfig  stm32l4xx_hal_cortex.o
    0x080012a0   0x00000002   Code   RO         1892    i.HAL_SYSTICK_Callback  stm32l4xx_hal_cortex.o
    0x080012a2   0x00000028   Code   RO         1893    i.HAL_SYSTICK_Config  stm32l4xx_hal_cortex.o
    0x080012ca   0x00000008   Code   RO         1894    i.HAL_SYSTICK_IRQHandler  stm32l4xx_hal_cortex.o
    0x080012d2   0x00000002   Code   RO         2116    i.HAL_TIMEx_BreakCallback  stm32l4xx_hal_tim_ex.o
    0x080012d4   0x00000002   Code   RO         2117    i.HAL_TIMEx_CommutationCallback  stm32l4xx_hal_tim_ex.o
    0x080012d6   0x00000036   Code   RO          849    i.HAL_TIM_Base_Init  stm32l4xx_hal_tim.o
    0x0800130c   0x00000002   Code   RO          851    i.HAL_TIM_Base_MspInit  stm32l4xx_hal_tim.o
    0x0800130e   0x0000001a   Code   RO          852    i.HAL_TIM_Base_Start  stm32l4xx_hal_tim.o
    0x08001328   0x00000018   Code   RO          854    i.HAL_TIM_Base_Start_IT  stm32l4xx_hal_tim.o
    0x08001340   0x0000002a   Code   RO          857    i.HAL_TIM_Base_Stop_IT  stm32l4xx_hal_tim.o
    0x0800136a   0x00000002   Code   RO          878    i.HAL_TIM_IC_CaptureCallback  stm32l4xx_hal_tim.o
    0x0800136c   0x00000166   Code   RO          891    i.HAL_TIM_IRQHandler  stm32l4xx_hal_tim.o
    0x080014d2   0x00000002   Code   RO          894    i.HAL_TIM_OC_DelayElapsedCallback  stm32l4xx_hal_tim.o
    0x080014d4   0x00000002   Code   RO          921    i.HAL_TIM_PWM_PulseFinishedCallback  stm32l4xx_hal_tim.o
    0x080014d6   0x00000002   Code   RO          928    i.HAL_TIM_PeriodElapsedCallback  stm32l4xx_hal_tim.o
    0x080014d8   0x00000002   Code   RO          932    i.HAL_TIM_TriggerCallback  stm32l4xx_hal_tim.o
    0x080014da   0x0000006a   Code   RO         2588    i.HAL_UART_Init     stm32l4xx_hal_uart.o
    0x08001544   0x00000058   Code   RO          151    i.HAL_UART_MspInit  stm32l4xx_hal_msp.o
    0x0800159c   0x000000b4   Code   RO         2596    i.HAL_UART_Transmit  stm32l4xx_hal_uart.o
    0x08001650   0x00000002   Code   RO          187    i.HardFault_Handler  stm32l4xx_it.o
    0x08001652   0x00000002   Code   RO          188    i.MemManage_Handler  stm32l4xx_it.o
    0x08001654   0x00000002   Code   RO          189    i.NMI_Handler       stm32l4xx_it.o
    0x08001656   0x00000020   Code   RO         1895    i.NVIC_SetPriority  stm32l4xx_hal_cortex.o
    0x08001676   0x00000002   Code   RO          190    i.PendSV_Handler    stm32l4xx_it.o
    0x08001678   0x00000168   Code   RO         3415    i.RCCEx_PLLSAI1_Config  stm32l4xx_hal_rcc_ex.o
    0x080017e0   0x0000013c   Code   RO         3416    i.RCCEx_PLLSAI2_Config  stm32l4xx_hal_rcc_ex.o
    0x0800191c   0x0000007c   Code   RO         3546    i.RCC_SetFlashLatencyFromMSIRange  stm32l4xx_hal_rcc.o
    0x08001998   0x00000002   Code   RO          191    i.SVC_Handler       stm32l4xx_it.o
    0x0800199a   0x0000000e   Code   RO          192    i.SysTick_Handler   stm32l4xx_it.o
    0x080019a8   0x00000088   Code   RO            4    i.SystemClock_Config  main.o
    0x08001a30   0x00000044   Code   RO         3635    i.SystemInit        system_stm32l4xx.o
    0x08001a74   0x00000024   Code   RO          343    i.TIM3_IRQHandler   ofo_gprs.o
    0x08001a98   0x000000b8   Code   RO          933    i.TIM_Base_SetConfig  stm32l4xx_hal_tim.o
    0x08001b50   0x000000c8   Code   RO         2601    i.UART_AdvFeatureConfig  stm32l4xx_hal_uart.o
    0x08001c18   0x0000005c   Code   RO         2602    i.UART_CheckIdleState  stm32l4xx_hal_uart.o
    0x08001c74   0x00000298   Code   RO         2616    i.UART_SetConfig    stm32l4xx_hal_uart.o
    0x08001f0c   0x00000064   Code   RO         2617    i.UART_WaitOnFlagUntilTimeout  stm32l4xx_hal_uart.o
    0x08001f70   0x00000030   Code   RO          193    i.USART2_IRQHandler  stm32l4xx_it.o
    0x08001fa0   0x00000002   Code   RO          194    i.UsageFault_Handler  stm32l4xx_it.o
    0x08001fa2   0x00000002   Code   RO            5    i._Error_Handler    main.o
    0x08001fa4   0x00000028   Code   RO         3786    i.__0sprintf$3      mc_w.l(printf3.o)
    0x08001fcc   0x0000000e   Code   RO         4030    i.__scatterload_copy  mc_w.l(handlers.o)
    0x08001fda   0x00000002   Code   RO         4031    i.__scatterload_null  mc_w.l(handlers.o)
    0x08001fdc   0x0000000e   Code   RO         4032    i.__scatterload_zeroinit  mc_w.l(handlers.o)
    0x08001fea   0x00000002   PAD
    0x08001fec   0x00000030   Code   RO          344    i._at_cfun1_exit_response_deal  ofo_gprs.o
    0x0800201c   0x00000034   Code   RO          345    i._at_cfun_enter_response_deal  ofo_gprs.o
    0x08002050   0x00000094   Code   RO          346    i._at_cgreg_response_deal  ofo_gprs.o
    0x080020e4   0x00000030   Code   RO          347    i._at_cimi_cmd_reponse_deal  ofo_gprs.o
    0x08002114   0x00000030   Code   RO          348    i._at_close_echo_response_deal  ofo_gprs.o
    0x08002144   0x00000084   Code   RO          349    i._at_cpin_response_deal  ofo_gprs.o
    0x080021c8   0x00000080   Code   RO          350    i._at_csq_response_deal  ofo_gprs.o
    0x08002248   0x00000002   Code   RO          351    i._at_dummy_deal    ofo_gprs.o
    0x0800224a   0x00000002   PAD
    0x0800224c   0x00000038   Code   RO          352    i._at_enter_sleep_response_deal  ofo_gprs.o
    0x08002284   0x00000060   Code   RO          353    i._at_gsv_response_deal  ofo_gprs.o
    0x080022e4   0x00000030   Code   RO          354    i._at_httpinit_response_deal  ofo_gprs.o
    0x08002314   0x00000030   Code   RO          355    i._at_httppara1_response_deal  ofo_gprs.o
    0x08002344   0x00000030   Code   RO          356    i._at_httppara2_response_deal  ofo_gprs.o
    0x08002374   0x00000030   Code   RO          357    i._at_httppara3_response_deal  ofo_gprs.o
    0x080023a4   0x00000034   Code   RO          358    i._at_httppara4_response_deal  ofo_gprs.o
    0x080023d8   0x0000006c   Code   RO          359    i._at_httppost_action_response_deal  ofo_gprs.o
    0x08002444   0x00000030   Code   RO          360    i._at_httppost_pre1_response_deal  ofo_gprs.o
    0x08002474   0x00000034   Code   RO          361    i._at_httppost_pre_response_deal  ofo_gprs.o
    0x080024a8   0x00000038   Code   RO          362    i._at_httpread_response_deal  ofo_gprs.o
    0x080024e0   0x00000030   Code   RO          363    i._at_httpterm_response_deal  ofo_gprs.o
    0x08002510   0x00000030   Code   RO          364    i._at_link_check_response_deal  ofo_gprs.o
    0x08002540   0x000000ec   Code   RO          365    i._at_request_cmd   ofo_gprs.o
    0x0800262c   0x00000030   Code   RO          366    i._at_sapbr1_response_deal  ofo_gprs.o
    0x0800265c   0x00000030   Code   RO          367    i._at_sapbr2_response_deal  ofo_gprs.o
    0x0800268c   0x00000058   Code   RO          368    i._at_sapbr3_response_deal  ofo_gprs.o
    0x080026e4   0x00000030   Code   RO          369    i._at_sapbr4_response_deal  ofo_gprs.o
    0x08002714   0x0000005c   Code   RO          370    i._gprs_establish_connection  ofo_gprs.o
    0x08002770   0x00000048   Code   RO          371    i._gprs_uart_init   ofo_gprs.o
    0x080027b8   0x0000002c   Code   RO          372    i._gprs_uart_send_data  ofo_gprs.o
    0x080027e4   0x00000078   Code   RO          373    i._gprs_uart_send_timer_creat  ofo_gprs.o
    0x0800285c   0x000001be   Code   RO         3791    i._printf_core      mc_w.l(printf3.o)
    0x08002a1a   0x0000000a   Code   RO         3793    i._sputc            mc_w.l(printf3.o)
    0x08002a24   0x00000040   Code   RO          374    i._string_find      ofo_gprs.o
    0x08002a64   0x00000048   Code   RO          375    i.gprs_close        ofo_gprs.o
    0x08002aac   0x0000003c   Code   RO          377    i.gprs_http_request_send  ofo_gprs.o
    0x08002ae8   0x0000001c   Code   RO          378    i.gprs_init         ofo_gprs.o
    0x08002b04   0x00000078   Code   RO          379    i.gprs_response_data_deal  ofo_gprs.o
    0x08002b7c   0x00000114   Code   RO          380    i.gprs_uart_rx_data_deal  ofo_gprs.o
    0x08002c90   0x00000038   Code   RO            6    i.main              main.o
    0x08002cc8   0x00000040   Data   RO         3636    .constdata          system_stm32l4xx.o
    0x08002d08   0x00000008   Data   RO         3637    .constdata          system_stm32l4xx.o
    0x08002d10   0x000000fe   Data   RO            7    .conststring        main.o
    0x08002e0e   0x00000002   PAD
    0x08002e10   0x000001bd   Data   RO          382    .conststring        ofo_gprs.o
    0x08002fcd   0x00000003   PAD
    0x08002fd0   0x00000020   Data   RO         4028    Region$$Table       anon$$obj.o


    Execution Region RW_IRAM1 (Base: 0x20000000, Size: 0x00000aa8, Max: 0x00018000, ABSOLUTE, COMPRESSED[0x000000ec])

    Base Addr    Size         Type   Attr      Idx    E Section Name        Object

    0x20000000   0x00000001   Data   RW          195    .data               stm32l4xx_it.o
    0x20000001   0x00000003   PAD
    0x20000004   0x00000200   Data   RW          383    .data               ofo_gprs.o
    0x20000204   0x00000004   Data   RW         2396    .data               stm32l4xx_hal.o
    0x20000208   0x00000004   Data   RW         3638    .data               system_stm32l4xx.o
    0x2000020c   0x0000049c   Zero   RW          381    .bss                ofo_gprs.o
    0x200006a8   0x00000400   Zero   RW         3669    STACK               startup_stm32l476xx.o


==============================================================================

Image component sizes


      Code (inc. data)   RO Data    RW Data    ZI Data      Debug   Object Name

       194          8        254          0          0     827137   main.o
      2814        668        445        512       1180      22313   ofo_gprs.o
        36          8        392          0       1024        800   startup_stm32l476xx.o
       118         18          0          4          0       4107   stm32l4xx_hal.o
       228         14          0          0          0      32089   stm32l4xx_hal_cortex.o
       458         38          0          0          0       1860   stm32l4xx_hal_gpio.o
       216         14          0          0          0       1569   stm32l4xx_hal_msp.o
       116         20          0          0          0       1350   stm32l4xx_hal_pwr_ex.o
      2020         96          0          0          0       7236   stm32l4xx_hal_rcc.o
      1618         40          0          0          0       4164   stm32l4xx_hal_rcc_ex.o
       700         32          0          0          0       8796   stm32l4xx_hal_tim.o
         4          0          0          0          0       1682   stm32l4xx_hal_tim_ex.o
      1342         70          0          0          0       6257   stm32l4xx_hal_uart.o
        78         10          0          1          0       4762   stm32l4xx_it.o
        68         12         72          4          0       1197   system_stm32l4xx.o

    ----------------------------------------------------------------------
     10022       1048       1200        524       2204     925319   Object Totals
         0          0         32          0          0          0   (incl. Generated)
        12          0          5          3          0          0   (incl. Padding)

    ----------------------------------------------------------------------

      Code (inc. data)   RO Data    RW Data    ZI Data      Debug   Library Member Name

        86          0          0          0          0          0   __dczerorl2.o
         0          0          0          0          0          0   entry.o
         0          0          0          0          0          0   entry10a.o
         0          0          0          0          0          0   entry11a.o
         8          4          0          0          0          0   entry2.o
         4          0          0          0          0          0   entry5.o
         0          0          0          0          0          0   entry7b.o
         0          0          0          0          0          0   entry8b.o
         8          4          0          0          0          0   entry9a.o
        30          0          0          0          0          0   handlers.o
        36          8          0          0          0         68   init.o
        30          0          0          0          0         68   llshl.o
        32          0          0          0          0         68   llushr.o
        36          0          0          0          0         68   memcpya.o
        36          0          0          0          0        108   memseta.o
       496         10          0          0          0        252   printf3.o
        28          0          0          0          0         76   strcmp.o
        18          0          0          0          0         68   strcpy.o
        14          0          0          0          0         68   strlen.o
        36          0          0          0          0         80   strstr.o
        44          0          0          0          0         80   uidiv.o
       104          0          0          0          0         92   uldiv.o

    ----------------------------------------------------------------------
      1050         26          0          0          0       1096   Library Totals
         4          0          0          0          0          0   (incl. Padding)

    ----------------------------------------------------------------------

      Code (inc. data)   RO Data    RW Data    ZI Data      Debug   Library Name

      1046         26          0          0          0       1096   mc_w.l

    ----------------------------------------------------------------------
      1050         26          0          0          0       1096   Library Totals

    ----------------------------------------------------------------------

==============================================================================


      Code (inc. data)   RO Data    RW Data    ZI Data      Debug   

     11072       1074       1200        524       2204     916979   Grand Totals
     11072       1074       1200        236       2204     916979   ELF Image Totals (compressed)
     11072       1074       1200        236          0          0   ROM Totals

==============================================================================

    Total RO  Size (Code + RO Data)                12272 (  11.98kB)
    Total RW  Size (RW Data + ZI Data)              2728 (   2.66kB)
    Total ROM Size (Code + RO Data + RW Data)      12508 (  12.21kB)

==============================================================================

